Archive member included to satisfy reference by file (symbol)

/opt/gcc-arm-none-eabi-8-2018-q4-major/bin/../lib/gcc/arm-none-eabi/8.2.1/../../../../arm-none-eabi/lib/thumb/v7e-m+fp/hard/libc_nano.a(lib_a-ctype_.o)
                              _build/nrf52840_xxaa/nrf_log_str_formatter.c.o (_ctype_)
/opt/gcc-arm-none-eabi-8-2018-q4-major/bin/../lib/gcc/arm-none-eabi/8.2.1/../../../../arm-none-eabi/lib/thumb/v7e-m+fp/hard/libc_nano.a(lib_a-exit.o)
                              /opt/gcc-arm-none-eabi-8-2018-q4-major/bin/../lib/gcc/arm-none-eabi/8.2.1/../../../../arm-none-eabi/lib/thumb/v7e-m+fp/hard/crt0.o (exit)
/opt/gcc-arm-none-eabi-8-2018-q4-major/bin/../lib/gcc/arm-none-eabi/8.2.1/../../../../arm-none-eabi/lib/thumb/v7e-m+fp/hard/libc_nano.a(lib_a-impure.o)
                              /opt/gcc-arm-none-eabi-8-2018-q4-major/bin/../lib/gcc/arm-none-eabi/8.2.1/../../../../arm-none-eabi/lib/thumb/v7e-m+fp/hard/libc_nano.a(lib_a-exit.o) (_global_impure_ptr)
/opt/gcc-arm-none-eabi-8-2018-q4-major/bin/../lib/gcc/arm-none-eabi/8.2.1/../../../../arm-none-eabi/lib/thumb/v7e-m+fp/hard/libc_nano.a(lib_a-init.o)
                              /opt/gcc-arm-none-eabi-8-2018-q4-major/bin/../lib/gcc/arm-none-eabi/8.2.1/../../../../arm-none-eabi/lib/thumb/v7e-m+fp/hard/crt0.o (__libc_init_array)
/opt/gcc-arm-none-eabi-8-2018-q4-major/bin/../lib/gcc/arm-none-eabi/8.2.1/../../../../arm-none-eabi/lib/thumb/v7e-m+fp/hard/libc_nano.a(lib_a-memcpy-stub.o)
                              _build/nrf52840_xxaa/nrf_log_frontend.c.o (memcpy)
/opt/gcc-arm-none-eabi-8-2018-q4-major/bin/../lib/gcc/arm-none-eabi/8.2.1/../../../../arm-none-eabi/lib/thumb/v7e-m+fp/hard/libc_nano.a(lib_a-memset.o)
                              /opt/gcc-arm-none-eabi-8-2018-q4-major/bin/../lib/gcc/arm-none-eabi/8.2.1/../../../../arm-none-eabi/lib/thumb/v7e-m+fp/hard/crt0.o (memset)
/opt/gcc-arm-none-eabi-8-2018-q4-major/bin/../lib/gcc/arm-none-eabi/8.2.1/../../../../arm-none-eabi/lib/thumb/v7e-m+fp/hard/libc_nano.a(lib_a-strlen.o)
                              _build/nrf52840_xxaa/nrf_log_frontend.c.o (strlen)
/opt/gcc-arm-none-eabi-8-2018-q4-major/bin/../lib/gcc/arm-none-eabi/8.2.1/../../../../arm-none-eabi/lib/thumb/v7e-m+fp/hard/libnosys.a(_exit.o)
                              /opt/gcc-arm-none-eabi-8-2018-q4-major/bin/../lib/gcc/arm-none-eabi/8.2.1/../../../../arm-none-eabi/lib/thumb/v7e-m+fp/hard/libc_nano.a(lib_a-exit.o) (_exit)

Allocating common symbols
Common symbol       size              file

nrf_drv_uart_use_easy_dma
                    0x2               _build/nrf52840_xxaa/nrf_drv_uart.c.o
xQueueRegistry      0x10              _build/nrf52840_xxaa/queue.c.o

Discarded input sections

 .text          0x0000000000000000        0x0 /opt/gcc-arm-none-eabi-8-2018-q4-major/bin/../lib/gcc/arm-none-eabi/8.2.1/thumb/v7e-m+fp/hard/crti.o
 .data          0x0000000000000000        0x0 /opt/gcc-arm-none-eabi-8-2018-q4-major/bin/../lib/gcc/arm-none-eabi/8.2.1/thumb/v7e-m+fp/hard/crti.o
 .bss           0x0000000000000000        0x0 /opt/gcc-arm-none-eabi-8-2018-q4-major/bin/../lib/gcc/arm-none-eabi/8.2.1/thumb/v7e-m+fp/hard/crti.o
 .data          0x0000000000000000        0x4 /opt/gcc-arm-none-eabi-8-2018-q4-major/bin/../lib/gcc/arm-none-eabi/8.2.1/thumb/v7e-m+fp/hard/crtbegin.o
 .data          0x0000000000000000        0x0 /opt/gcc-arm-none-eabi-8-2018-q4-major/bin/../lib/gcc/arm-none-eabi/8.2.1/../../../../arm-none-eabi/lib/thumb/v7e-m+fp/hard/crt0.o
 .bss           0x0000000000000000        0x0 /opt/gcc-arm-none-eabi-8-2018-q4-major/bin/../lib/gcc/arm-none-eabi/8.2.1/../../../../arm-none-eabi/lib/thumb/v7e-m+fp/hard/crt0.o
 .ARM.extab     0x0000000000000000        0x0 /opt/gcc-arm-none-eabi-8-2018-q4-major/bin/../lib/gcc/arm-none-eabi/8.2.1/../../../../arm-none-eabi/lib/thumb/v7e-m+fp/hard/crt0.o
 .data          0x0000000000000000        0x0 _build/nrf52840_xxaa/gcc_startup_nrf52840.S.o
 .bss           0x0000000000000000        0x0 _build/nrf52840_xxaa/gcc_startup_nrf52840.S.o
 .group         0x0000000000000000        0xc _build/nrf52840_xxaa/nrf_log_backend_rtt.c.o
 .group         0x0000000000000000        0xc _build/nrf52840_xxaa/nrf_log_backend_rtt.c.o
 .group         0x0000000000000000        0xc _build/nrf52840_xxaa/nrf_log_backend_rtt.c.o
 .group         0x0000000000000000        0xc _build/nrf52840_xxaa/nrf_log_backend_rtt.c.o
 .group         0x0000000000000000        0xc _build/nrf52840_xxaa/nrf_log_backend_rtt.c.o
 .group         0x0000000000000000        0xc _build/nrf52840_xxaa/nrf_log_backend_rtt.c.o
 .group         0x0000000000000000        0xc _build/nrf52840_xxaa/nrf_log_backend_rtt.c.o
 .group         0x0000000000000000        0xc _build/nrf52840_xxaa/nrf_log_backend_rtt.c.o
 .group         0x0000000000000000        0xc _build/nrf52840_xxaa/nrf_log_backend_rtt.c.o
 .group         0x0000000000000000        0xc _build/nrf52840_xxaa/nrf_log_backend_rtt.c.o
[...]
Memory Configuration

Name             Origin             Length             Attributes
FLASH            0x0000000000000000 0x0000000000100000 xr
RAM              0x0000000020000000 0x0000000000040000 xrw
*default*        0x0000000000000000 0xffffffffffffffff

Linker script and memory map


.text           0x0000000000000000     0x4f64
 *(.isr_vector)
 .isr_vector    0x0000000000000000      0x200 _build/nrf52840_xxaa/gcc_startup_nrf52840.S.o
                0x0000000000000000                __isr_vector
 *(.text*)
 .text          0x0000000000000200       0x40 /opt/gcc-arm-none-eabi-8-2018-q4-major/bin/../lib/gcc/arm-none-eabi/8.2.1/thumb/v7e-m+fp/hard/crtbegin.o
 .text          0x0000000000000240       0x74 /opt/gcc-arm-none-eabi-8-2018-q4-major/bin/../lib/gcc/arm-none-eabi/8.2.1/../../../../arm-none-eabi/lib/thumb/v7e-m+fp/hard/crt0.o
                0x0000000000000240                _mainCRTStartup
                0x0000000000000240                _start
 .text          0x00000000000002b4       0x3c _build/nrf52840_xxaa/gcc_startup_nrf52840.S.o
                0x00000000000002b4                Reset_Handler
                0x00000000000002dc                NMI_Handler
                0x00000000000002de                HardFault_Handler
                0x00000000000002e0                MemoryManagement_Handler
                0x00000000000002e2                BusFault_Handler
                0x00000000000002e4                UsageFault_Handler
                0x00000000000002e8                DebugMon_Handler
                0x00000000000002ec                SysTick_Handler
                0x00000000000002ee                TIMER2_IRQHandler
                0x00000000000002ee                RTC0_IRQHandler
                0x00000000000002ee                SWI0_EGU0_IRQHandler
                0x00000000000002ee                SWI2_EGU2_IRQHandler
                0x00000000000002ee                PWM1_IRQHandler
                0x00000000000002ee                RADIO_IRQHandler
                0x00000000000002ee                PDM_IRQHandler
                0x00000000000002ee                TEMP_IRQHandler
                0x00000000000002ee                QDEC_IRQHandler
                0x00000000000002ee                TIMER3_IRQHandler
                0x00000000000002ee                PWM3_IRQHandler
                0x00000000000002ee                FPU_IRQHandler
                0x00000000000002ee                USBD_IRQHandler
                0x00000000000002ee                SPIM0_SPIS0_TWIM0_TWIS0_SPI0_TWI0_IRQHandler
                0x00000000000002ee                TIMER4_IRQHandler
                0x00000000000002ee                CRYPTOCELL_IRQHandler
                0x00000000000002ee                I2S_IRQHandler
                0x00000000000002ee                SWI4_EGU4_IRQHandler
                0x00000000000002ee                TIMER0_IRQHandler
                0x00000000000002ee                UARTE1_IRQHandler
                0x00000000000002ee                TIMER1_IRQHandler
                0x00000000000002ee                SPIM3_IRQHandler
                0x00000000000002ee                PWM2_IRQHandler
                0x00000000000002ee                ECB_IRQHandler
                0x00000000000002ee                SPIM1_SPIS1_TWIM1_TWIS1_SPI1_TWI1_IRQHandler
                0x00000000000002ee                Default_Handler
                0x00000000000002ee                SAADC_IRQHandler
                0x00000000000002ee                CCM_AAR_IRQHandler
                0x00000000000002ee                WDT_IRQHandler
                0x00000000000002ee                SWI5_EGU5_IRQHandler
                0x00000000000002ee                RNG_IRQHandler
                0x00000000000002ee                RTC2_IRQHandler
                0x00000000000002ee                PWM0_IRQHandler
                0x00000000000002ee                SWI3_EGU3_IRQHandler
                0x00000000000002ee                SWI1_EGU1_IRQHandler
                0x00000000000002ee                SPIM2_SPIS2_SPI2_IRQHandler
                0x00000000000002ee                NFCT_IRQHandler
                0x00000000000002ee                MWU_IRQHandler
                0x00000000000002ee                QSPI_IRQHandler
                0x00000000000002ee                COMP_LPCOMP_IRQHandler
 .text.nrf_log_backend_serial_put
                0x00000000000002f0       0xd4 _build/nrf52840_xxaa/nrf_log_backend_serial.c.o
                0x00000000000002f0                nrf_log_backend_serial_put
 .text.uart_evt_handler
                0x00000000000003c4        0xc _build/nrf52840_xxaa/nrf_log_backend_uart.c.o
 .text.nrf_log_backend_uart_flush
                0x00000000000003d0        0x4 _build/nrf52840_xxaa/nrf_log_backend_uart.c.o
 .text.nrf_log_backend_uart_put
                0x00000000000003d4       0x20 _build/nrf52840_xxaa/nrf_log_backend_uart.c.o
 .text.serial_tx
                0x00000000000003f4       0x4c _build/nrf52840_xxaa/nrf_log_backend_uart.c.o
 .text.nrf_log_backend_uart_panic_set
                0x0000000000000440       0x64 _build/nrf52840_xxaa/nrf_log_backend_uart.c.o
 .text.nrf_log_backend_uart_init
                0x00000000000004a4       0x4c _build/nrf52840_xxaa/nrf_log_backend_uart.c.o
                0x00000000000004a4                nrf_log_backend_uart_init
 .text.nrf_log_default_backends_init
                0x00000000000004f0       0x20 _build/nrf52840_xxaa/nrf_log_default_backends.c.o
                0x00000000000004f0                nrf_log_default_backends_init
 .text.nrf_log_init
                0x0000000000000510       0x40 _build/nrf52840_xxaa/nrf_log_frontend.c.o
                0x0000000000000510                nrf_log_init
 .text.nrf_log_module_name_get
                0x0000000000000550       0x58 _build/nrf52840_xxaa/nrf_log_frontend.c.o
                0x0000000000000550                nrf_log_module_name_get
 .text.nrf_log_color_id_get
                0x00000000000005a8       0x2c _build/nrf52840_xxaa/nrf_log_frontend.c.o
                0x00000000000005a8                nrf_log_color_id_get
 .text.nrf_log_frontend_dequeue
                0x00000000000005d4      0x41c _build/nrf52840_xxaa/nrf_log_frontend.c.o
                0x00000000000005d4                nrf_log_frontend_dequeue
 .text.nrf_log_frontend_std_0
                0x00000000000009f0      0x1a8 _build/nrf52840_xxaa/nrf_log_frontend.c.o
                0x00000000000009f0                nrf_log_frontend_std_0
 .text.nrf_log_backend_add
                0x0000000000000b98       0x74 _build/nrf52840_xxaa/nrf_log_frontend.c.o
                0x0000000000000b98                nrf_log_backend_add
 .text.nrf_log_panic
                0x0000000000000c0c       0x2c _build/nrf52840_xxaa/nrf_log_frontend.c.o
                0x0000000000000c0c                nrf_log_panic
 .text.prefix_process
                0x0000000000000c38       0x80 _build/nrf52840_xxaa/nrf_log_str_formatter.c.o
 .text.nrf_log_std_entry_process
                0x0000000000000cb8       0xec _build/nrf52840_xxaa/nrf_log_str_formatter.c.o
                0x0000000000000cb8                nrf_log_std_entry_process
 .text.nrf_log_hexdump_entry_process
                0x0000000000000da4       0xfc _build/nrf52840_xxaa/nrf_log_str_formatter.c.o
                0x0000000000000da4                nrf_log_hexdump_entry_process
 .text.bsp_board_init
                0x0000000000000ea0       0x5c _build/nrf52840_xxaa/boards.c.o
                0x0000000000000ea0                bsp_board_init
 .text.pvPortMalloc
                0x0000000000000efc       0x58 _build/nrf52840_xxaa/heap_1.c.o
                0x0000000000000efc                pvPortMalloc
 .text.vPortFree
                0x0000000000000f54        0x4 _build/nrf52840_xxaa/heap_1.c.o
                0x0000000000000f54                vPortFree
 .text.vListInitialise
                0x0000000000000f58       0x18 _build/nrf52840_xxaa/list.c.o
                0x0000000000000f58                vListInitialise
 .text.vListInitialiseItem
                0x0000000000000f70        0x8 _build/nrf52840_xxaa/list.c.o
                0x0000000000000f70                vListInitialiseItem
 .text.vListInsertEnd
                0x0000000000000f78       0x18 _build/nrf52840_xxaa/list.c.o
                0x0000000000000f78                vListInsertEnd
 .text.vListInsert
                0x0000000000000f90       0x34 _build/nrf52840_xxaa/list.c.o
                0x0000000000000f90                vListInsert
 .text.uxListRemove
                0x0000000000000fc4       0x24 _build/nrf52840_xxaa/list.c.o
                0x0000000000000fc4                uxListRemove
 .text.vPortStartFirstTask
                0x0000000000000fe8       0x1c _build/nrf52840_xxaa/port.c.o
                0x0000000000000fe8                vPortStartFirstTask
 .text.SVC_Handler
                0x0000000000001004       0x20 _build/nrf52840_xxaa/port.c.o
                0x0000000000001004                SVC_Handler
 .text.PendSV_Handler
                0x0000000000001024       0x60 _build/nrf52840_xxaa/port.c.o
                0x0000000000001024                PendSV_Handler
 .text.prvTaskExitError
                0x0000000000001084        0x8 _build/nrf52840_xxaa/port_cmsis.c.o
 .text.pxPortInitialiseStack
                0x000000000000108c       0x2c _build/nrf52840_xxaa/port_cmsis.c.o
                0x000000000000108c                pxPortInitialiseStack
 .text.xPortStartScheduler
                0x00000000000010b8       0x4c _build/nrf52840_xxaa/port_cmsis.c.o
                0x00000000000010b8                xPortStartScheduler
 .text.vPortEnterCritical
                0x0000000000001104       0x14 _build/nrf52840_xxaa/port_cmsis.c.o
                0x0000000000001104                vPortEnterCritical
 .text.vPortExitCritical
                0x0000000000001118       0x14 _build/nrf52840_xxaa/port_cmsis.c.o
                0x0000000000001118                vPortExitCritical
 .text.RTC1_IRQHandler
                0x000000000000112c       0x88 _build/nrf52840_xxaa/port_cmsis_systick.c.o
                0x000000000000112c                RTC1_IRQHandler
 .text.vPortSetupTimerInterrupt
                0x00000000000011b4       0x40 _build/nrf52840_xxaa/port_cmsis_systick.c.o
                0x00000000000011b4                vPortSetupTimerInterrupt
 .text.vPortSuppressTicksAndSleep
                0x00000000000011f4       0xe4 _build/nrf52840_xxaa/port_cmsis_systick.c.o
                0x00000000000011f4                vPortSuppressTicksAndSleep
 .text.xQueueGenericCreate
                0x00000000000012d8       0x74 _build/nrf52840_xxaa/queue.c.o
                0x00000000000012d8                xQueueGenericCreate
 .text.xQueueGenericSend
                0x000000000000134c      0x3b0 _build/nrf52840_xxaa/queue.c.o
                0x000000000000134c                xQueueGenericSend
 .text.xQueueReceive
                0x00000000000016fc      0x30c _build/nrf52840_xxaa/queue.c.o
                0x00000000000016fc                xQueueReceive
 .text.vQueueAddToRegistry
                0x0000000000001a08       0x24 _build/nrf52840_xxaa/queue.c.o
                0x0000000000001a08                vQueueAddToRegistry
 .text.vQueueWaitForMessageRestricted
                0x0000000000001a2c       0xd0 _build/nrf52840_xxaa/queue.c.o
                0x0000000000001a2c                vQueueWaitForMessageRestricted
 .text.prvAddCurrentTaskToDelayedList
                0x0000000000001afc       0x8c _build/nrf52840_xxaa/tasks.c.o
 .text.xTaskCreate
                0x0000000000001b88      0x1d8 _build/nrf52840_xxaa/tasks.c.o
                0x0000000000001b88                xTaskCreate
 .text.vTaskStartScheduler
                0x0000000000001d60      0x1c0 _build/nrf52840_xxaa/tasks.c.o
                0x0000000000001d60                vTaskStartScheduler
 .text.vTaskSuspendAll
                0x0000000000001f20       0x10 _build/nrf52840_xxaa/tasks.c.o
                0x0000000000001f20                vTaskSuspendAll
 .text.xTaskGetTickCount
                0x0000000000001f30        0xc _build/nrf52840_xxaa/tasks.c.o
                0x0000000000001f30                xTaskGetTickCount
 .text.vTaskStepTick
                0x0000000000001f3c       0x10 _build/nrf52840_xxaa/tasks.c.o
                0x0000000000001f3c                vTaskStepTick
 .text.xTaskIncrementTick
                0x0000000000001f4c      0x128 _build/nrf52840_xxaa/tasks.c.o
                0x0000000000001f4c                xTaskIncrementTick
 .text.xTaskResumeAll
                0x0000000000002074      0x134 _build/nrf52840_xxaa/tasks.c.o
                0x0000000000002074                xTaskResumeAll
 .text.vTaskDelayUntil
                0x00000000000021a8       0x58 _build/nrf52840_xxaa/tasks.c.o
                0x00000000000021a8                vTaskDelayUntil
 .text.prvIdleTask
                0x0000000000002200       0xfc _build/nrf52840_xxaa/tasks.c.o
 .text.vTaskSwitchContext
                0x00000000000022fc       0x58 _build/nrf52840_xxaa/tasks.c.o
                0x00000000000022fc                vTaskSwitchContext
 .text.vTaskPlaceOnEventList
                0x0000000000002354       0x90 _build/nrf52840_xxaa/tasks.c.o
                0x0000000000002354                vTaskPlaceOnEventList
 .text.vTaskPlaceOnEventListRestricted
                0x00000000000023e4       0xa4 _build/nrf52840_xxaa/tasks.c.o
                0x00000000000023e4                vTaskPlaceOnEventListRestricted
 .text.xTaskRemoveFromEventList
                0x0000000000002488       0xa0 _build/nrf52840_xxaa/tasks.c.o
                0x0000000000002488                xTaskRemoveFromEventList
 .text.vTaskInternalSetTimeOutState
                0x0000000000002528       0x18 _build/nrf52840_xxaa/tasks.c.o
                0x0000000000002528                vTaskInternalSetTimeOutState
 .text.xTaskCheckForTimeOut
                0x0000000000002540       0x74 _build/nrf52840_xxaa/tasks.c.o
                0x0000000000002540                xTaskCheckForTimeOut
 .text.vTaskMissedYield
                0x00000000000025b4        0xc _build/nrf52840_xxaa/tasks.c.o
                0x00000000000025b4                vTaskMissedYield
 .text.eTaskConfirmSleepModeStatus
                0x00000000000025c0       0x38 _build/nrf52840_xxaa/tasks.c.o
                0x00000000000025c0                eTaskConfirmSleepModeStatus
 .text.xTaskGetSchedulerState
                0x00000000000025f8       0x20 _build/nrf52840_xxaa/tasks.c.o
                0x00000000000025f8                xTaskGetSchedulerState
 .text.xTaskPriorityDisinherit
                0x0000000000002618       0x84 _build/nrf52840_xxaa/tasks.c.o
                0x0000000000002618                xTaskPriorityDisinherit
 .text.prvSwitchTimerLists
                0x000000000000269c       0x88 _build/nrf52840_xxaa/timers.c.o
 .text.prvTimerTask
                0x0000000000002724      0x234 _build/nrf52840_xxaa/timers.c.o
 .text.xTimerCreateTimerTask
                0x0000000000002958       0x84 _build/nrf52840_xxaa/timers.c.o
                0x0000000000002958                xTimerCreateTimerTask
 .text.app_error_handler_bare
                0x00000000000029dc       0x20 _build/nrf52840_xxaa/app_error.c.o
                0x00000000000029dc                app_error_handler_bare
 .text.app_error_fault_handler
                0x00000000000029fc       0x70 _build/nrf52840_xxaa/app_error_weak.c.o
                0x00000000000029fc                app_error_fault_handler
 .text.app_util_critical_region_enter
                0x0000000000002a6c       0x10 _build/nrf52840_xxaa/app_util_platform.c.o
                0x0000000000002a6c                app_util_critical_region_enter
 .text.app_util_critical_region_exit
                0x0000000000002a7c       0x14 _build/nrf52840_xxaa/app_util_platform.c.o
                0x0000000000002a7c                app_util_critical_region_exit
 .text.nrf_atomic_u32_fetch_store
                0x0000000000002a90       0x14 _build/nrf52840_xxaa/nrf_atomic.c.o
                0x0000000000002a90                nrf_atomic_u32_fetch_store
 .text.nrf_atomic_u32_add
                0x0000000000002aa4       0x18 _build/nrf52840_xxaa/nrf_atomic.c.o
                0x0000000000002aa4                nrf_atomic_u32_add
 .text.nrf_atomic_u32_sub
                0x0000000000002abc       0x18 _build/nrf52840_xxaa/nrf_atomic.c.o
                0x0000000000002abc                nrf_atomic_u32_sub
 .text.nrf_atomic_flag_set
                0x0000000000002ad4       0x18 _build/nrf52840_xxaa/nrf_atomic.c.o
                0x0000000000002ad4                nrf_atomic_flag_set
 .text.nrf_atomic_flag_clear_fetch
                0x0000000000002aec       0x18 _build/nrf52840_xxaa/nrf_atomic.c.o
                0x0000000000002aec                nrf_atomic_flag_clear_fetch
 .text.nrf_balloc_init
                0x0000000000002b04       0x38 _build/nrf52840_xxaa/nrf_balloc.c.o
                0x0000000000002b04                nrf_balloc_init
 .text.nrf_balloc_alloc
                0x0000000000002b3c       0x4c _build/nrf52840_xxaa/nrf_balloc.c.o
                0x0000000000002b3c                nrf_balloc_alloc
 .text.nrf_balloc_free
                0x0000000000002b88       0x2c _build/nrf52840_xxaa/nrf_balloc.c.o
                0x0000000000002b88                nrf_balloc_free
 .text.nrf_fprintf_buffer_flush
                0x0000000000002bb4       0x18 _build/nrf52840_xxaa/nrf_fprintf.c.o
                0x0000000000002bb4                nrf_fprintf_buffer_flush
 .text.nrf_fprintf
                0x0000000000002bcc       0x20 _build/nrf52840_xxaa/nrf_fprintf.c.o
                0x0000000000002bcc                nrf_fprintf
 .text.unsigned_print
                0x0000000000002bec      0x158 _build/nrf52840_xxaa/nrf_fprintf_format.c.o
 .text.nrf_fprintf_fmt
                0x0000000000002d44      0x73c _build/nrf52840_xxaa/nrf_fprintf_format.c.o
                0x0000000000002d44                nrf_fprintf_fmt
 .text.nrf_memobj_pool_init
                0x0000000000003480        0x4 _build/nrf52840_xxaa/nrf_memobj.c.o
                0x0000000000003480                nrf_memobj_pool_init
 .text.nrf_memobj_alloc
                0x0000000000003484       0x98 _build/nrf52840_xxaa/nrf_memobj.c.o
                0x0000000000003484                nrf_memobj_alloc
 .text.nrf_memobj_get
                0x000000000000351c        0x8 _build/nrf52840_xxaa/nrf_memobj.c.o
                0x000000000000351c                nrf_memobj_get
 .text.nrf_memobj_put
                0x0000000000003524       0x58 _build/nrf52840_xxaa/nrf_memobj.c.o
                0x0000000000003524                nrf_memobj_put
 .text.nrf_memobj_write
                0x000000000000357c       0x68 _build/nrf52840_xxaa/nrf_memobj.c.o
                0x000000000000357c                nrf_memobj_write
 .text.nrf_memobj_read
                0x00000000000035e4       0x68 _build/nrf52840_xxaa/nrf_memobj.c.o
                0x00000000000035e4                nrf_memobj_read
 .text.nrf_ringbuf_init
                0x000000000000364c       0x1c _build/nrf52840_xxaa/nrf_ringbuf.c.o
                0x000000000000364c                nrf_ringbuf_init
 .text.clock_irq_handler
                0x0000000000003668       0x44 _build/nrf52840_xxaa/nrf_drv_clock.c.o
 .text.nrf_drv_clock_init
                0x00000000000036ac       0x34 _build/nrf52840_xxaa/nrf_drv_clock.c.o
                0x00000000000036ac                nrf_drv_clock_init
 .text.nrf_drv_clock_lfclk_request
                0x00000000000036e0       0x5c _build/nrf52840_xxaa/nrf_drv_clock.c.o
                0x00000000000036e0                nrf_drv_clock_lfclk_request
 .text.nrfx_clock_init
                0x000000000000373c       0x18 _build/nrf52840_xxaa/nrfx_clock.c.o
                0x000000000000373c                nrfx_clock_init
 .text.nrfx_clock_enable
                0x0000000000003754       0x24 _build/nrf52840_xxaa/nrfx_clock.c.o
                0x0000000000003754                nrfx_clock_enable
 .text.nrfx_clock_lfclk_start
                0x0000000000003778       0x30 _build/nrf52840_xxaa/nrfx_clock.c.o
                0x0000000000003778                nrfx_clock_lfclk_start
 .text.POWER_CLOCK_IRQHandler
                0x00000000000037a8       0x64 _build/nrf52840_xxaa/nrfx_clock.c.o
                0x00000000000037a8                POWER_CLOCK_IRQHandler
 .text.GPIOTE_IRQHandler
                0x000000000000380c      0x59c _build/nrf52840_xxaa/nrfx_gpiote.c.o
                0x000000000000380c                GPIOTE_IRQHandler
 .text.vTask1   0x0000000000003da8       0x44 _build/nrf52840_xxaa/main.c.o
 .text.startup.main
                0x0000000000003dec       0x7c _build/nrf52840_xxaa/main.c.o
                0x0000000000003dec                main
 .text.SystemInit
                0x0000000000003e68      0x1c4 _build/nrf52840_xxaa/system_nrf52840.c.o
                0x0000000000003e68                SystemInit
 .text.uarte_evt_handler
                0x000000000000402c       0x34 _build/nrf52840_xxaa/nrf_drv_uart.c.o
 .text.uart_evt_handler
                0x0000000000004060       0x34 _build/nrf52840_xxaa/nrf_drv_uart.c.o
 .text.nrf_drv_uart_init
                0x0000000000004094       0x88 _build/nrf52840_xxaa/nrf_drv_uart.c.o
                0x0000000000004094                nrf_drv_uart_init
 .text.nrfx_uart_0_irq_handler
                0x000000000000411c      0x1c0 _build/nrf52840_xxaa/nrfx_uart.c.o
                0x000000000000411c                nrfx_uart_0_irq_handler
 .text.nrfx_uart_init
                0x00000000000042dc      0x1e0 _build/nrf52840_xxaa/nrfx_uart.c.o
                0x00000000000042dc                nrfx_uart_init
 .text.nrfx_uart_uninit
                0x00000000000044bc       0xfc _build/nrf52840_xxaa/nrfx_uart.c.o
                0x00000000000044bc                nrfx_uart_uninit
 .text.nrfx_uart_tx
                0x00000000000045b8       0xcc _build/nrf52840_xxaa/nrfx_uart.c.o
                0x00000000000045b8                nrfx_uart_tx
 .text.nrfx_uarte_0_irq_handler
                0x0000000000004684      0x124 _build/nrf52840_xxaa/nrfx_uarte.c.o
                0x0000000000004684                nrfx_uarte_0_irq_handler
 .text.nrfx_uarte_init
                0x00000000000047a8      0x204 _build/nrf52840_xxaa/nrfx_uarte.c.o
                0x00000000000047a8                nrfx_uarte_init
 .text.nrfx_uarte_uninit
                0x00000000000049ac      0x100 _build/nrf52840_xxaa/nrfx_uarte.c.o
                0x00000000000049ac                nrfx_uarte_uninit
 .text.nrfx_uarte_tx
                0x0000000000004aac       0xa4 _build/nrf52840_xxaa/nrfx_uarte.c.o
                0x0000000000004aac                nrfx_uarte_tx
 .text.UARTE0_UART0_IRQHandler
                0x0000000000004b50        0xc _build/nrf52840_xxaa/nrfx_prs.c.o
                0x0000000000004b50                UARTE0_UART0_IRQHandler
 .text.nrfx_prs_acquire
                0x0000000000004b5c       0x3c _build/nrf52840_xxaa/nrfx_prs.c.o
                0x0000000000004b5c                nrfx_prs_acquire
 .text.nrfx_prs_release
                0x0000000000004b98       0x18 _build/nrf52840_xxaa/nrfx_prs.c.o
                0x0000000000004b98                nrfx_prs_release
 .text.exit     0x0000000000004bb0       0x28 /opt/gcc-arm-none-eabi-8-2018-q4-major/bin/../lib/gcc/arm-none-eabi/8.2.1/../../../../arm-none-eabi/lib/thumb/v7e-m+fp/hard/libc_nano.a(lib_a-exit.o)
                0x0000000000004bb0                exit
 .text.__libc_init_array
                0x0000000000004bd8       0x48 /opt/gcc-arm-none-eabi-8-2018-q4-major/bin/../lib/gcc/arm-none-eabi/8.2.1/../../../../arm-none-eabi/lib/thumb/v7e-m+fp/hard/libc_nano.a(lib_a-init.o)
                0x0000000000004bd8                __libc_init_array
 .text.memcpy   0x0000000000004c20       0x1c /opt/gcc-arm-none-eabi-8-2018-q4-major/bin/../lib/gcc/arm-none-eabi/8.2.1/../../../../arm-none-eabi/lib/thumb/v7e-m+fp/hard/libc_nano.a(lib_a-memcpy-stub.o)
                0x0000000000004c20                memcpy
 .text.memset   0x0000000000004c3c       0x10 /opt/gcc-arm-none-eabi-8-2018-q4-major/bin/../lib/gcc/arm-none-eabi/8.2.1/../../../../arm-none-eabi/lib/thumb/v7e-m+fp/hard/libc_nano.a(lib_a-memset.o)
                0x0000000000004c3c                memset
 .text          0x0000000000004c4c       0x10 /opt/gcc-arm-none-eabi-8-2018-q4-major/bin/../lib/gcc/arm-none-eabi/8.2.1/../../../../arm-none-eabi/lib/thumb/v7e-m+fp/hard/libc_nano.a(lib_a-strlen.o)
                0x0000000000004c4c                strlen
 .text._exit    0x0000000000004c5c        0x4 /opt/gcc-arm-none-eabi-8-2018-q4-major/bin/../lib/gcc/arm-none-eabi/8.2.1/../../../../arm-none-eabi/lib/thumb/v7e-m+fp/hard/libnosys.a(_exit.o)
                0x0000000000004c5c                _exit
 *(.init)
 .init          0x0000000000004c60        0x4 /opt/gcc-arm-none-eabi-8-2018-q4-major/bin/../lib/gcc/arm-none-eabi/8.2.1/thumb/v7e-m+fp/hard/crti.o
                0x0000000000004c60                _init
 .init          0x0000000000004c64        0x8 /opt/gcc-arm-none-eabi-8-2018-q4-major/bin/../lib/gcc/arm-none-eabi/8.2.1/thumb/v7e-m+fp/hard/crtn.o
 *(.fini)
 .fini          0x0000000000004c6c        0x4 /opt/gcc-arm-none-eabi-8-2018-q4-major/bin/../lib/gcc/arm-none-eabi/8.2.1/thumb/v7e-m+fp/hard/crti.o
                0x0000000000004c6c                _fini
 .fini          0x0000000000004c70        0x8 /opt/gcc-arm-none-eabi-8-2018-q4-major/bin/../lib/gcc/arm-none-eabi/8.2.1/thumb/v7e-m+fp/hard/crtn.o
 *crtbegin.o(.ctors)
 *crtbegin?.o(.ctors)
 *(EXCLUDE_FILE(*crtend.o *crtend?.o) .ctors)
 *(SORT_BY_NAME(.ctors.*))
 *(.ctors)
 *crtbegin.o(.dtors)
 *crtbegin?.o(.dtors)
 *(EXCLUDE_FILE(*crtend.o *crtend?.o) .dtors)
 *(SORT_BY_NAME(.dtors.*))
 *(.dtors)
 *(.rodata*)
 .rodata        0x0000000000004c78       0x20 _build/nrf52840_xxaa/nrf_log_backend_uart.c.o
 .rodata.nrf_log_backend_uart_api
                0x0000000000004c98        0xc _build/nrf52840_xxaa/nrf_log_backend_uart.c.o
                0x0000000000004c98                nrf_log_backend_uart_api
 .rodata.str1.4
                0x0000000000004ca4       0x11 _build/nrf52840_xxaa/nrf_log_default_backends.c.o
 *fill*         0x0000000000004cb5        0x3 
 .rodata.m_log_push_ringbuf
                0x0000000000004cb8        0xc _build/nrf52840_xxaa/nrf_log_frontend.c.o
 .rodata.nrf_log_frontend_dequeue.str1.4
                0x0000000000004cc4       0x11 _build/nrf52840_xxaa/nrf_log_frontend.c.o
 *fill*         0x0000000000004cd5        0x3 
 .rodata.str1.4
                0x0000000000004cd8        0x4 _build/nrf52840_xxaa/nrf_log_frontend.c.o
 .rodata.m_colors
                0x0000000000004cdc       0x24 _build/nrf52840_xxaa/nrf_log_str_formatter.c.o
 .rodata.nrf_log_hexdump_entry_process.str1.4
                0x0000000000004d00       0x13 _build/nrf52840_xxaa/nrf_log_str_formatter.c.o
                                         0x16 (size before relaxing)
 *fill*         0x0000000000004d13        0x1 
 .rodata.nrf_log_std_entry_process.str1.4
                0x0000000000004d14        0x3 _build/nrf52840_xxaa/nrf_log_str_formatter.c.o
 *fill*         0x0000000000004d17        0x1 
 .rodata.prefix_process.str1.4
                0x0000000000004d18       0x36 _build/nrf52840_xxaa/nrf_log_str_formatter.c.o
 *fill*         0x0000000000004d4e        0x2 
 .rodata.severity_names
                0x0000000000004d50       0x14 _build/nrf52840_xxaa/nrf_log_str_formatter.c.o
 .rodata.str1.4
                0x0000000000004d64       0x56 _build/nrf52840_xxaa/nrf_log_str_formatter.c.o
 *fill*         0x0000000000004dba        0x2 
 .rodata.xTimerCreateTimerTask.str1.4
                0x0000000000004dbc       0x10 _build/nrf52840_xxaa/timers.c.o
 .rodata.app_error_fault_handler.str1.4
                0x0000000000004dcc       0x19 _build/nrf52840_xxaa/app_error_weak.c.o
 *fill*         0x0000000000004de5        0x3 
 .rodata._aV2C.7726
                0x0000000000004de8       0x10 _build/nrf52840_xxaa/nrf_fprintf_format.c.o
 .rodata.str1.4
                0x0000000000004df8        0x6 _build/nrf52840_xxaa/nrf_drv_clock.c.o
 *fill*         0x0000000000004dfe        0x2 
 .rodata.str1.4
                0x0000000000004e00        0x6 _build/nrf52840_xxaa/nrfx_clock.c.o
 *fill*         0x0000000000004e06        0x2 
 .rodata.str1.4
                0x0000000000004e08        0x7 _build/nrf52840_xxaa/nrfx_gpiote.c.o
 *fill*         0x0000000000004e0f        0x1 
 .rodata.main.str1.4
                0x0000000000004e10       0x1f _build/nrf52840_xxaa/main.c.o
 *fill*         0x0000000000004e2f        0x1 
 .rodata.vTask1.str1.4
                0x0000000000004e30       0x14 _build/nrf52840_xxaa/main.c.o
 .rodata.str1.4
                0x0000000000004e44        0x5 _build/nrf52840_xxaa/nrfx_uart.c.o
 *fill*         0x0000000000004e49        0x3 
 .rodata.str1.4
                0x0000000000004e4c        0x6 _build/nrf52840_xxaa/nrfx_uarte.c.o
 *fill*         0x0000000000004e52        0x2 
 .rodata.str1.4
                0x0000000000004e54        0x4 _build/nrf52840_xxaa/nrfx_prs.c.o
 .rodata._ctype_
                0x0000000000004e58      0x101 /opt/gcc-arm-none-eabi-8-2018-q4-major/bin/../lib/gcc/arm-none-eabi/8.2.1/../../../../arm-none-eabi/lib/thumb/v7e-m+fp/hard/libc_nano.a(lib_a-ctype_.o)
                0x0000000000004e58                _ctype_
 *fill*         0x0000000000004f59        0x3 
 .rodata._global_impure_ptr
                0x0000000000004f5c        0x4 /opt/gcc-arm-none-eabi-8-2018-q4-major/bin/../lib/gcc/arm-none-eabi/8.2.1/../../../../arm-none-eabi/lib/thumb/v7e-m+fp/hard/libc_nano.a(lib_a-impure.o)
                0x0000000000004f5c                _global_impure_ptr
 *(.eh_frame*)
 .eh_frame      0x0000000000004f60        0x0 /opt/gcc-arm-none-eabi-8-2018-q4-major/bin/../lib/gcc/arm-none-eabi/8.2.1/thumb/v7e-m+fp/hard/crtbegin.o
 .eh_frame      0x0000000000004f60        0x4 /opt/gcc-arm-none-eabi-8-2018-q4-major/bin/../lib/gcc/arm-none-eabi/8.2.1/thumb/v7e-m+fp/hard/crtend.o

.glue_7         0x0000000000004f64        0x0
 .glue_7        0x0000000000004f64        0x0 linker stubs

.glue_7t        0x0000000000004f64        0x0
 .glue_7t       0x0000000000004f64        0x0 linker stubs

.vfp11_veneer   0x0000000000004f64        0x0
 .vfp11_veneer  0x0000000000004f64        0x0 linker stubs

.v4_bx          0x0000000000004f64        0x0
 .v4_bx         0x0000000000004f64        0x0 linker stubs

.iplt           0x0000000000004f64        0x0
 .iplt          0x0000000000004f64        0x0 /opt/gcc-arm-none-eabi-8-2018-q4-major/bin/../lib/gcc/arm-none-eabi/8.2.1/thumb/v7e-m+fp/hard/crtbegin.o

.mem_section_dummy_rom

.log_const_data
                0x0000000000004f64       0x38
                0x0000000000004f64                PROVIDE (__start_log_const_data = .)
 *(SORT_BY_NAME(.log_const_data*))
 .log_const_data_CLOCK
                0x0000000000004f64        0x8 _build/nrf52840_xxaa/nrfx_clock.c.o
                0x0000000000004f64                m_nrf_log_CLOCK_logs_data_const
 .log_const_data_GPIOTE
                0x0000000000004f6c        0x8 _build/nrf52840_xxaa/nrfx_gpiote.c.o
                0x0000000000004f6c                m_nrf_log_GPIOTE_logs_data_const
 .log_const_data_PRS
                0x0000000000004f74        0x8 _build/nrf52840_xxaa/nrfx_prs.c.o
                0x0000000000004f74                m_nrf_log_PRS_logs_data_const
 .log_const_data_UART
                0x0000000000004f7c        0x8 _build/nrf52840_xxaa/nrfx_uart.c.o
                0x0000000000004f7c                m_nrf_log_UART_logs_data_const
 .log_const_data_UARTE
                0x0000000000004f84        0x8 _build/nrf52840_xxaa/nrfx_uarte.c.o
                0x0000000000004f84                m_nrf_log_UARTE_logs_data_const
 .log_const_data_app
                0x0000000000004f8c        0x8 _build/nrf52840_xxaa/nrf_log_frontend.c.o
                0x0000000000004f8c                m_nrf_log_app_logs_data_const
 .log_const_data_clock
                0x0000000000004f94        0x8 _build/nrf52840_xxaa/nrf_drv_clock.c.o
                0x0000000000004f94                m_nrf_log_clock_logs_data_const
                0x0000000000004f9c                PROVIDE (__stop_log_const_data = .)

.log_backends   0x0000000000004f9c       0x10
                [!provide]                        PROVIDE (__start_log_backends = .)
 *(SORT_BY_NAME(.log_backends*))
 .log_backends  0x0000000000004f9c       0x10 _build/nrf52840_xxaa/nrf_log_default_backends.c.o
                [!provide]                        PROVIDE (__stop_log_backends = .)

.nrf_balloc     0x0000000000004fac       0x14
                [!provide]                        PROVIDE (__start_nrf_balloc = .)
 *(.nrf_balloc)
 .nrf_balloc    0x0000000000004fac       0x14 _build/nrf52840_xxaa/nrf_log_frontend.c.o
                0x0000000000004fac                log_mempool
                [!provide]                        PROVIDE (__stop_nrf_balloc = .)

.ARM.extab
 *(.ARM.extab* .gnu.linkonce.armextab.*)
                0x0000000000004fc0                __exidx_start = .

.ARM.exidx      0x0000000000004fc0        0x8
 *(.ARM.exidx* .gnu.linkonce.armexidx.*)
 .ARM.exidx     0x0000000000004fc0        0x8 /opt/gcc-arm-none-eabi-8-2018-q4-major/bin/../lib/gcc/arm-none-eabi/8.2.1/../../../../arm-none-eabi/lib/thumb/v7e-m+fp/hard/crt0.o
                0x0000000000004fc8                __exidx_end = .
                0x0000000000004fc8                __etext = .

.rel.dyn        0x0000000000004fc8        0x0
 .rel.iplt      0x0000000000004fc8        0x0 /opt/gcc-arm-none-eabi-8-2018-q4-major/bin/../lib/gcc/arm-none-eabi/8.2.1/thumb/v7e-m+fp/hard/crtbegin.o

.data           0x0000000020000000       0x88 load address 0x0000000000004fc8
                0x0000000020000000                __data_start__ = .
 *(vtable)
 *(.data*)
 .data.m_uart   0x0000000020000000       0x14 _build/nrf52840_xxaa/nrf_log_backend_uart.c.o
                0x0000000020000000                m_uart
 .data.log_backend_cb_uart_log_backend
                0x0000000020000014        0x8 _build/nrf52840_xxaa/nrf_log_default_backends.c.o
 .data.SystemCoreClock
                0x000000002000001c        0x4 _build/nrf52840_xxaa/system_nrf52840.c.o
                0x000000002000001c                SystemCoreClock
 .data.impure_data
                0x0000000020000020       0x60 /opt/gcc-arm-none-eabi-8-2018-q4-major/bin/../lib/gcc/arm-none-eabi/8.2.1/../../../../arm-none-eabi/lib/thumb/v7e-m+fp/hard/libc_nano.a(lib_a-impure.o)
                0x0000000020000080                . = ALIGN (0x4)
                0x0000000020000080                PROVIDE (__preinit_array_start = .)
 *(.preinit_array)
                0x0000000020000080                PROVIDE (__preinit_array_end = .)
                0x0000000020000080                . = ALIGN (0x4)
                0x0000000020000080                PROVIDE (__init_array_start = .)
 *(SORT_BY_NAME(.init_array.*))
 *(.init_array)
 .init_array    0x0000000020000080        0x4 /opt/gcc-arm-none-eabi-8-2018-q4-major/bin/../lib/gcc/arm-none-eabi/8.2.1/thumb/v7e-m+fp/hard/crtbegin.o
                0x0000000020000084                PROVIDE (__init_array_end = .)
                0x0000000020000084                . = ALIGN (0x4)
                [!provide]                        PROVIDE (__fini_array_start = .)
 *(SORT_BY_NAME(.fini_array.*))
 *(.fini_array)
 .fini_array    0x0000000020000084        0x4 /opt/gcc-arm-none-eabi-8-2018-q4-major/bin/../lib/gcc/arm-none-eabi/8.2.1/thumb/v7e-m+fp/hard/crtbegin.o
                [!provide]                        PROVIDE (__fini_array_end = .)
 *(.jcr*)
                0x0000000020000088                . = ALIGN (0x4)
                0x0000000020000088                __data_end__ = .
LOAD /opt/gcc-arm-none-eabi-8-2018-q4-major/bin/../lib/gcc/arm-none-eabi/8.2.1/thumb/v7e-m+fp/hard/crti.o
LOAD /opt/gcc-arm-none-eabi-8-2018-q4-major/bin/../lib/gcc/arm-none-eabi/8.2.1/thumb/v7e-m+fp/hard/crtbegin.o
LOAD /opt/gcc-arm-none-eabi-8-2018-q4-major/bin/../lib/gcc/arm-none-eabi/8.2.1/../../../../arm-none-eabi/lib/thumb/v7e-m+fp/hard/crt0.o
LOAD _build/nrf52840_xxaa/gcc_startup_nrf52840.S.o
LOAD _build/nrf52840_xxaa/nrf_log_backend_rtt.c.o
LOAD _build/nrf52840_xxaa/nrf_log_backend_serial.c.o
LOAD _build/nrf52840_xxaa/nrf_log_backend_uart.c.o
LOAD _build/nrf52840_xxaa/nrf_log_default_backends.c.o
LOAD _build/nrf52840_xxaa/nrf_log_frontend.c.o
LOAD _build/nrf52840_xxaa/nrf_log_str_formatter.c.o
LOAD _build/nrf52840_xxaa/boards.c.o
LOAD _build/nrf52840_xxaa/croutine.c.o
LOAD _build/nrf52840_xxaa/event_groups.c.o
LOAD _build/nrf52840_xxaa/heap_1.c.o
LOAD _build/nrf52840_xxaa/list.c.o
LOAD _build/nrf52840_xxaa/port.c.o
LOAD _build/nrf52840_xxaa/port_cmsis.c.o
LOAD _build/nrf52840_xxaa/port_cmsis_systick.c.o
LOAD _build/nrf52840_xxaa/queue.c.o
LOAD _build/nrf52840_xxaa/stream_buffer.c.o
LOAD _build/nrf52840_xxaa/tasks.c.o
LOAD _build/nrf52840_xxaa/timers.c.o
LOAD _build/nrf52840_xxaa/app_button.c.o
LOAD _build/nrf52840_xxaa/app_error.c.o
LOAD _build/nrf52840_xxaa/app_error_handler_gcc.c.o
LOAD _build/nrf52840_xxaa/app_error_weak.c.o
LOAD _build/nrf52840_xxaa/app_timer_freertos.c.o
LOAD _build/nrf52840_xxaa/app_util_platform.c.o
LOAD _build/nrf52840_xxaa/nrf_assert.c.o
LOAD _build/nrf52840_xxaa/nrf_atomic.c.o
LOAD _build/nrf52840_xxaa/nrf_balloc.c.o
LOAD _build/nrf52840_xxaa/nrf_fprintf.c.o
LOAD _build/nrf52840_xxaa/nrf_fprintf_format.c.o
LOAD _build/nrf52840_xxaa/nrf_memobj.c.o
LOAD _build/nrf52840_xxaa/nrf_ringbuf.c.o
LOAD _build/nrf52840_xxaa/nrf_strerror.c.o
LOAD _build/nrf52840_xxaa/nrf_drv_clock.c.o
LOAD _build/nrf52840_xxaa/nrf_nvic.c.o
LOAD _build/nrf52840_xxaa/nrf_soc.c.o
LOAD _build/nrf52840_xxaa/nrfx_atomic.c.o
LOAD _build/nrf52840_xxaa/nrfx_clock.c.o
LOAD _build/nrf52840_xxaa/nrfx_gpiote.c.o
LOAD _build/nrf52840_xxaa/bsp.c.o
LOAD _build/nrf52840_xxaa/main.c.o
LOAD _build/nrf52840_xxaa/system_nrf52840.c.o
LOAD _build/nrf52840_xxaa/app_uart_fifo.c.o
LOAD _build/nrf52840_xxaa/retarget.c.o
LOAD _build/nrf52840_xxaa/nrf_drv_uart.c.o
LOAD _build/nrf52840_xxaa/nrfx_uart.c.o
LOAD _build/nrf52840_xxaa/nrfx_uarte.c.o
LOAD _build/nrf52840_xxaa/nrfx_prs.c.o
LOAD /opt/gcc-arm-none-eabi-8-2018-q4-major/bin/../lib/gcc/arm-none-eabi/8.2.1/../../../../arm-none-eabi/lib/thumb/v7e-m+fp/hard/libc_nano.a
LOAD /opt/gcc-arm-none-eabi-8-2018-q4-major/bin/../lib/gcc/arm-none-eabi/8.2.1/../../../../arm-none-eabi/lib/thumb/v7e-m+fp/hard/libnosys.a
LOAD /opt/gcc-arm-none-eabi-8-2018-q4-major/bin/../lib/gcc/arm-none-eabi/8.2.1/../../../../arm-none-eabi/lib/thumb/v7e-m+fp/hard/libm.a
START GROUP
LOAD /opt/gcc-arm-none-eabi-8-2018-q4-major/bin/../lib/gcc/arm-none-eabi/8.2.1/thumb/v7e-m+fp/hard/libgcc.a
LOAD /opt/gcc-arm-none-eabi-8-2018-q4-major/bin/../lib/gcc/arm-none-eabi/8.2.1/../../../../arm-none-eabi/lib/thumb/v7e-m+fp/hard/libg_nano.a
LOAD /opt/gcc-arm-none-eabi-8-2018-q4-major/bin/../lib/gcc/arm-none-eabi/8.2.1/../../../../arm-none-eabi/lib/thumb/v7e-m+fp/hard/libc_nano.a
END GROUP
START GROUP
LOAD /opt/gcc-arm-none-eabi-8-2018-q4-major/bin/../lib/gcc/arm-none-eabi/8.2.1/thumb/v7e-m+fp/hard/libgcc.a
LOAD /opt/gcc-arm-none-eabi-8-2018-q4-major/bin/../lib/gcc/arm-none-eabi/8.2.1/../../../../arm-none-eabi/lib/thumb/v7e-m+fp/hard/libc_nano.a
END GROUP
LOAD /opt/gcc-arm-none-eabi-8-2018-q4-major/bin/../lib/gcc/arm-none-eabi/8.2.1/thumb/v7e-m+fp/hard/crtend.o
LOAD /opt/gcc-arm-none-eabi-8-2018-q4-major/bin/../lib/gcc/arm-none-eabi/8.2.1/thumb/v7e-m+fp/hard/crtn.o
START GROUP
LOAD /opt/gcc-arm-none-eabi-8-2018-q4-major/bin/../lib/gcc/arm-none-eabi/8.2.1/thumb/v7e-m+fp/hard/libgcc.a
LOAD /opt/gcc-arm-none-eabi-8-2018-q4-major/bin/../lib/gcc/arm-none-eabi/8.2.1/../../../../arm-none-eabi/lib/thumb/v7e-m+fp/hard/libc.a
LOAD /opt/gcc-arm-none-eabi-8-2018-q4-major/bin/../lib/gcc/arm-none-eabi/8.2.1/../../../../arm-none-eabi/lib/thumb/v7e-m+fp/hard/libnosys.a
END GROUP

.igot.plt       0x0000000020000088        0x0 load address 0x0000000000005050
 .igot.plt      0x0000000020000088        0x0 /opt/gcc-arm-none-eabi-8-2018-q4-major/bin/../lib/gcc/arm-none-eabi/8.2.1/thumb/v7e-m+fp/hard/crtbegin.o
                0x0000000020000088                . = ALIGN (0x4)

.mem_section_dummy_ram

.log_dynamic_data
                0x0000000020000088        0x0
                0x0000000020000088                PROVIDE (__start_log_dynamic_data = .)
 *(SORT_BY_NAME(.log_dynamic_data*))
                [!provide]                        PROVIDE (__stop_log_dynamic_data = .)

.log_filter_data
                0x0000000020000088        0x0
                [!provide]                        PROVIDE (__start_log_filter_data = .)
 *(SORT_BY_NAME(.log_filter_data*))
                [!provide]                        PROVIDE (__stop_log_filter_data = .)

.bss            0x0000000020000088     0x1820 load address 0x0000000000005050
                0x0000000020000088                . = ALIGN (0x4)
                0x0000000020000088                __bss_start__ = .
 *(.bss*)
 .bss           0x0000000020000088       0x1c /opt/gcc-arm-none-eabi-8-2018-q4-major/bin/../lib/gcc/arm-none-eabi/8.2.1/thumb/v7e-m+fp/hard/crtbegin.o
 .bss.m_async_mode
                0x00000000200000a4        0x1 _build/nrf52840_xxaa/nrf_log_backend_uart.c.o
 *fill*         0x00000000200000a5        0x3 
 .bss.m_string_buff
                0x00000000200000a8       0x40 _build/nrf52840_xxaa/nrf_log_backend_uart.c.o
 .bss.m_xfer_done
                0x00000000200000e8        0x1 _build/nrf52840_xxaa/nrf_log_backend_uart.c.o
 *fill*         0x00000000200000e9        0x3 
 .bss.log_mempool_nrf_balloc_cb
                0x00000000200000ec        0x8 _build/nrf52840_xxaa/nrf_log_frontend.c.o
 .bss.log_mempool_nrf_balloc_pool_mem
                0x00000000200000f4       0xc0 _build/nrf52840_xxaa/nrf_log_frontend.c.o
 .bss.log_mempool_nrf_balloc_pool_stack
                0x00000000200001b4        0x8 _build/nrf52840_xxaa/nrf_log_frontend.c.o
 *fill*         0x00000000200001bc        0x4 
 .bss.m_log_data
                0x00000000200001c0      0x424 _build/nrf52840_xxaa/nrf_log_frontend.c.o
 .bss.m_log_push_ringbuf_buf
                0x00000000200005e4       0x80 _build/nrf52840_xxaa/nrf_log_frontend.c.o
 .bss.m_log_push_ringbuf_cb
                0x0000000020000664       0x18 _build/nrf52840_xxaa/nrf_log_frontend.c.o
 .bss.pucAlignedHeap.8779
                0x000000002000067c        0x4 _build/nrf52840_xxaa/heap_1.c.o
 .bss.ucHeap    0x0000000020000680     0x1000 _build/nrf52840_xxaa/heap_1.c.o
 .bss.xNextFreeByte
                0x0000000020001680        0x4 _build/nrf52840_xxaa/heap_1.c.o
 .bss.uxCriticalNesting
                0x0000000020001684        0x4 _build/nrf52840_xxaa/port_cmsis.c.o
 .bss.pxCurrentTCB
                0x0000000020001688        0x4 _build/nrf52840_xxaa/tasks.c.o
                0x0000000020001688                pxCurrentTCB
 .bss.pxDelayedTaskList
                0x000000002000168c        0x4 _build/nrf52840_xxaa/tasks.c.o
 .bss.pxOverflowDelayedTaskList
                0x0000000020001690        0x4 _build/nrf52840_xxaa/tasks.c.o
 .bss.pxReadyTasksLists
                0x0000000020001694       0x3c _build/nrf52840_xxaa/tasks.c.o
 .bss.uxCurrentNumberOfTasks
                0x00000000200016d0        0x4 _build/nrf52840_xxaa/tasks.c.o
 .bss.uxDeletedTasksWaitingCleanUp
                0x00000000200016d4        0x4 _build/nrf52840_xxaa/tasks.c.o
 .bss.uxPendedTicks
                0x00000000200016d8        0x4 _build/nrf52840_xxaa/tasks.c.o
 .bss.uxSchedulerSuspended
                0x00000000200016dc        0x4 _build/nrf52840_xxaa/tasks.c.o
 .bss.uxTaskNumber
                0x00000000200016e0        0x4 _build/nrf52840_xxaa/tasks.c.o
 .bss.uxTopReadyPriority
                0x00000000200016e4        0x4 _build/nrf52840_xxaa/tasks.c.o
 .bss.xDelayedTaskList1
                0x00000000200016e8       0x14 _build/nrf52840_xxaa/tasks.c.o
 .bss.xDelayedTaskList2
                0x00000000200016fc       0x14 _build/nrf52840_xxaa/tasks.c.o
 .bss.xIdleTaskHandle
                0x0000000020001710        0x4 _build/nrf52840_xxaa/tasks.c.o
 .bss.xNextTaskUnblockTime
                0x0000000020001714        0x4 _build/nrf52840_xxaa/tasks.c.o
 .bss.xNumOfOverflows
                0x0000000020001718        0x4 _build/nrf52840_xxaa/tasks.c.o
 .bss.xPendingReadyList
                0x000000002000171c       0x14 _build/nrf52840_xxaa/tasks.c.o
 .bss.xSchedulerRunning
                0x0000000020001730        0x4 _build/nrf52840_xxaa/tasks.c.o
 .bss.xSuspendedTaskList
                0x0000000020001734       0x14 _build/nrf52840_xxaa/tasks.c.o
 .bss.xTasksWaitingTermination
                0x0000000020001748       0x14 _build/nrf52840_xxaa/tasks.c.o
 .bss.xTickCount
                0x000000002000175c        0x4 _build/nrf52840_xxaa/tasks.c.o
 .bss.xYieldPending
                0x0000000020001760        0x4 _build/nrf52840_xxaa/tasks.c.o
 .bss.pxCurrentTimerList
                0x0000000020001764        0x4 _build/nrf52840_xxaa/timers.c.o
 .bss.pxOverflowTimerList
                0x0000000020001768        0x4 _build/nrf52840_xxaa/timers.c.o
 .bss.xActiveTimerList1
                0x000000002000176c       0x14 _build/nrf52840_xxaa/timers.c.o
 .bss.xActiveTimerList2
                0x0000000020001780       0x14 _build/nrf52840_xxaa/timers.c.o
 .bss.xLastTime.9071
                0x0000000020001794        0x4 _build/nrf52840_xxaa/timers.c.o
 .bss.xTimerQueue
                0x0000000020001798        0x4 _build/nrf52840_xxaa/timers.c.o
 .bss.xTimerTaskHandle
                0x000000002000179c        0x4 _build/nrf52840_xxaa/timers.c.o
 .bss.m_in_critical_region
                0x00000000200017a0        0x4 _build/nrf52840_xxaa/app_util_platform.c.o
 .bss.m_clock_cb
                0x00000000200017a4       0x14 _build/nrf52840_xxaa/nrf_drv_clock.c.o
 .bss.m_clock_cb
                0x00000000200017b8        0x8 _build/nrf52840_xxaa/nrfx_clock.c.o
 .bss.m_cb      0x00000000200017c0       0x6c _build/nrf52840_xxaa/nrfx_gpiote.c.o
 .bss.m_contexts
                0x000000002000182c        0x8 _build/nrf52840_xxaa/nrf_drv_uart.c.o
 .bss.m_handlers
                0x0000000020001834        0x8 _build/nrf52840_xxaa/nrf_drv_uart.c.o
 .bss.m_cb      0x000000002000183c       0x2c _build/nrf52840_xxaa/nrfx_uart.c.o
 .bss.m_cb      0x0000000020001868       0x24 _build/nrf52840_xxaa/nrfx_uarte.c.o
 .bss.m_prs_box_4
                0x000000002000188c        0x8 _build/nrf52840_xxaa/nrfx_prs.c.o
 *(COMMON)
 COMMON         0x0000000020001894       0x10 _build/nrf52840_xxaa/queue.c.o
                0x0000000020001894                xQueueRegistry
 COMMON         0x00000000200018a4        0x2 _build/nrf52840_xxaa/nrf_drv_uart.c.o
                0x00000000200018a4                nrf_drv_uart_use_easy_dma
                0x00000000200018a8                . = ALIGN (0x4)
 *fill*         0x00000000200018a6        0x2 
                0x00000000200018a8                __bss_end__ = .

.heap           0x00000000200018a8     0x2000
                0x00000000200018a8                __HeapBase = .
                0x00000000200018a8                __end__ = .
                [!provide]                        PROVIDE (end = .)
 *(.heap*)
 .heap          0x00000000200018a8     0x2000 _build/nrf52840_xxaa/gcc_startup_nrf52840.S.o
                0x00000000200038a8                __HeapLimit = .

.stack_dummy    0x00000000200018a8     0x2000
 *(.stack*)
 .stack         0x00000000200018a8     0x2000 _build/nrf52840_xxaa/gcc_startup_nrf52840.S.o
                0x0000000020040000                __StackTop = (ORIGIN (RAM) + LENGTH (RAM))
                0x000000002003e000                __StackLimit = (__StackTop - SIZEOF (.stack_dummy))
                0x0000000020040000                PROVIDE (__stack = __StackTop)
                0x0000000000000001                ASSERT ((__StackLimit >= __HeapLimit), region RAM overflowed with stack)
                0x0000000000000088                DataInitFlashUsed = (__bss_start__ - __data_start__)
                0x0000000000004fc8                CodeFlashUsed = (__etext - ORIGIN (FLASH))
                0x0000000000005050                TotalFlashUsed = (CodeFlashUsed + DataInitFlashUsed)
                0x0000000000000001                ASSERT ((TotalFlashUsed <= LENGTH (FLASH)), region FLASH overflowed with .data and user data)
OUTPUT(_build/nrf52840_xxaa.out elf32-littlearm)

.ARM.attributes
                0x0000000000000000       0x30
 .ARM.attributes
                0x0000000000000000       0x1e /opt/gcc-arm-none-eabi-8-2018-q4-major/bin/../lib/gcc/arm-none-eabi/8.2.1/thumb/v7e-m+fp/hard/crti.o
 .ARM.attributes
                0x000000000000001e       0x34 /opt/gcc-arm-none-eabi-8-2018-q4-major/bin/../lib/gcc/arm-none-eabi/8.2.1/thumb/v7e-m+fp/hard/crtbegin.o
 .ARM.attributes
                0x0000000000000052       0x1c /opt/gcc-arm-none-eabi-8-2018-q4-major/bin/../lib/gcc/arm-none-eabi/8.2.1/../../../../arm-none-eabi/lib/thumb/v7e-m+fp/hard/crt0.o
 .ARM.attributes
                0x000000000000006e       0x20 _build/nrf52840_xxaa/gcc_startup_nrf52840.S.o
 .ARM.attributes
                0x000000000000008e       0x34 _build/nrf52840_xxaa/nrf_log_backend_serial.c.o
 .ARM.attributes
                0x00000000000000c2       0x34 _build/nrf52840_xxaa/nrf_log_backend_uart.c.o
 .ARM.attributes
                0x00000000000000f6       0x34 _build/nrf52840_xxaa/nrf_log_default_backends.c.o
 .ARM.attributes
                0x000000000000012a       0x34 _build/nrf52840_xxaa/nrf_log_frontend.c.o
 .ARM.attributes
                0x000000000000015e       0x34 _build/nrf52840_xxaa/nrf_log_str_formatter.c.o
 .ARM.attributes
                0x0000000000000192       0x34 _build/nrf52840_xxaa/boards.c.o
 .ARM.attributes
                0x00000000000001c6       0x34 _build/nrf52840_xxaa/heap_1.c.o
 .ARM.attributes
                0x00000000000001fa       0x34 _build/nrf52840_xxaa/list.c.o
 .ARM.attributes
                0x000000000000022e       0x34 _build/nrf52840_xxaa/port.c.o
 .ARM.attributes
                0x0000000000000262       0x34 _build/nrf52840_xxaa/port_cmsis.c.o
 .ARM.attributes
                0x0000000000000296       0x34 _build/nrf52840_xxaa/port_cmsis_systick.c.o
 .ARM.attributes
                0x00000000000002ca       0x34 _build/nrf52840_xxaa/queue.c.o
 .ARM.attributes
                0x00000000000002fe       0x34 _build/nrf52840_xxaa/tasks.c.o
 .ARM.attributes
                0x0000000000000332       0x34 _build/nrf52840_xxaa/timers.c.o
 .ARM.attributes
                0x0000000000000366       0x34 _build/nrf52840_xxaa/app_error.c.o
 .ARM.attributes
                0x000000000000039a       0x34 _build/nrf52840_xxaa/app_error_weak.c.o
 .ARM.attributes
                0x00000000000003ce       0x34 _build/nrf52840_xxaa/app_util_platform.c.o
 .ARM.attributes
                0x0000000000000402       0x34 _build/nrf52840_xxaa/nrf_atomic.c.o
 .ARM.attributes
                0x0000000000000436       0x34 _build/nrf52840_xxaa/nrf_balloc.c.o
 .ARM.attributes
                0x000000000000046a       0x34 _build/nrf52840_xxaa/nrf_fprintf.c.o
 .ARM.attributes
                0x000000000000049e       0x34 _build/nrf52840_xxaa/nrf_fprintf_format.c.o
 .ARM.attributes
                0x00000000000004d2       0x34 _build/nrf52840_xxaa/nrf_memobj.c.o
 .ARM.attributes
                0x0000000000000506       0x34 _build/nrf52840_xxaa/nrf_ringbuf.c.o
 .ARM.attributes
                0x000000000000053a       0x34 _build/nrf52840_xxaa/nrf_drv_clock.c.o
 .ARM.attributes
                0x000000000000056e       0x34 _build/nrf52840_xxaa/nrfx_clock.c.o
 .ARM.attributes
                0x00000000000005a2       0x34 _build/nrf52840_xxaa/nrfx_gpiote.c.o
 .ARM.attributes
                0x00000000000005d6       0x34 _build/nrf52840_xxaa/main.c.o
 .ARM.attributes
                0x000000000000060a       0x34 _build/nrf52840_xxaa/system_nrf52840.c.o
 .ARM.attributes
                0x000000000000063e       0x34 _build/nrf52840_xxaa/nrf_drv_uart.c.o
 .ARM.attributes
                0x0000000000000672       0x34 _build/nrf52840_xxaa/nrfx_uart.c.o
 .ARM.attributes
                0x00000000000006a6       0x34 _build/nrf52840_xxaa/nrfx_uarte.c.o
 .ARM.attributes
                0x00000000000006da       0x34 _build/nrf52840_xxaa/nrfx_prs.c.o
 .ARM.attributes
                0x000000000000070e       0x32 /opt/gcc-arm-none-eabi-8-2018-q4-major/bin/../lib/gcc/arm-none-eabi/8.2.1/../../../../arm-none-eabi/lib/thumb/v7e-m+fp/hard/libc_nano.a(lib_a-ctype_.o)
 .ARM.attributes
                0x0000000000000740       0x34 /opt/gcc-arm-none-eabi-8-2018-q4-major/bin/../lib/gcc/arm-none-eabi/8.2.1/../../../../arm-none-eabi/lib/thumb/v7e-m+fp/hard/libc_nano.a(lib_a-exit.o)
 .ARM.attributes
                0x0000000000000774       0x32 /opt/gcc-arm-none-eabi-8-2018-q4-major/bin/../lib/gcc/arm-none-eabi/8.2.1/../../../../arm-none-eabi/lib/thumb/v7e-m+fp/hard/libc_nano.a(lib_a-impure.o)
 .ARM.attributes
                0x00000000000007a6       0x34 /opt/gcc-arm-none-eabi-8-2018-q4-major/bin/../lib/gcc/arm-none-eabi/8.2.1/../../../../arm-none-eabi/lib/thumb/v7e-m+fp/hard/libc_nano.a(lib_a-init.o)
 .ARM.attributes
                0x00000000000007da       0x34 /opt/gcc-arm-none-eabi-8-2018-q4-major/bin/../lib/gcc/arm-none-eabi/8.2.1/../../../../arm-none-eabi/lib/thumb/v7e-m+fp/hard/libc_nano.a(lib_a-memcpy-stub.o)
 .ARM.attributes
                0x000000000000080e       0x34 /opt/gcc-arm-none-eabi-8-2018-q4-major/bin/../lib/gcc/arm-none-eabi/8.2.1/../../../../arm-none-eabi/lib/thumb/v7e-m+fp/hard/libc_nano.a(lib_a-memset.o)
 .ARM.attributes
                0x0000000000000842       0x17 /opt/gcc-arm-none-eabi-8-2018-q4-major/bin/../lib/gcc/arm-none-eabi/8.2.1/../../../../arm-none-eabi/lib/thumb/v7e-m+fp/hard/libc_nano.a(lib_a-strlen.o)
 .ARM.attributes
                0x0000000000000859       0x34 /opt/gcc-arm-none-eabi-8-2018-q4-major/bin/../lib/gcc/arm-none-eabi/8.2.1/../../../../arm-none-eabi/lib/thumb/v7e-m+fp/hard/libnosys.a(_exit.o)
 .ARM.attributes
                0x000000000000088d       0x32 /opt/gcc-arm-none-eabi-8-2018-q4-major/bin/../lib/gcc/arm-none-eabi/8.2.1/thumb/v7e-m+fp/hard/crtend.o
 .ARM.attributes
                0x00000000000008bf       0x1e /opt/gcc-arm-none-eabi-8-2018-q4-major/bin/../lib/gcc/arm-none-eabi/8.2.1/thumb/v7e-m+fp/hard/crtn.o

.comment        0x0000000000000000       0x75
 .comment       0x0000000000000000       0x75 _build/nrf52840_xxaa/nrf_log_backend_serial.c.o
                                         0x76 (size before relaxing)
 .comment       0x0000000000000075       0x76 _build/nrf52840_xxaa/nrf_log_backend_uart.c.o
 .comment       0x0000000000000075       0x76 _build/nrf52840_xxaa/nrf_log_default_backends.c.o
 .comment       0x0000000000000075       0x76 _build/nrf52840_xxaa/nrf_log_frontend.c.o
 .comment       0x0000000000000075       0x76 _build/nrf52840_xxaa/nrf_log_str_formatter.c.o
 .comment       0x0000000000000075       0x76 _build/nrf52840_xxaa/boards.c.o
 .comment       0x0000000000000075       0x76 _build/nrf52840_xxaa/heap_1.c.o
 .comment       0x0000000000000075       0x76 _build/nrf52840_xxaa/list.c.o
 .comment       0x0000000000000075       0x76 _build/nrf52840_xxaa/port.c.o
 .comment       0x0000000000000075       0x76 _build/nrf52840_xxaa/port_cmsis.c.o
 .comment       0x0000000000000075       0x76 _build/nrf52840_xxaa/port_cmsis_systick.c.o
 .comment       0x0000000000000075       0x76 _build/nrf52840_xxaa/queue.c.o
 .comment       0x0000000000000075       0x76 _build/nrf52840_xxaa/tasks.c.o
 .comment       0x0000000000000075       0x76 _build/nrf52840_xxaa/timers.c.o
 .comment       0x0000000000000075       0x76 _build/nrf52840_xxaa/app_error.c.o
 .comment       0x0000000000000075       0x76 _build/nrf52840_xxaa/app_error_weak.c.o
 .comment       0x0000000000000075       0x76 _build/nrf52840_xxaa/app_util_platform.c.o
 .comment       0x0000000000000075       0x76 _build/nrf52840_xxaa/nrf_atomic.c.o
 .comment       0x0000000000000075       0x76 _build/nrf52840_xxaa/nrf_balloc.c.o
 .comment       0x0000000000000075       0x76 _build/nrf52840_xxaa/nrf_fprintf.c.o
 .comment       0x0000000000000075       0x76 _build/nrf52840_xxaa/nrf_fprintf_format.c.o
 .comment       0x0000000000000075       0x76 _build/nrf52840_xxaa/nrf_memobj.c.o
 .comment       0x0000000000000075       0x76 _build/nrf52840_xxaa/nrf_ringbuf.c.o
 .comment       0x0000000000000075       0x76 _build/nrf52840_xxaa/nrf_drv_clock.c.o
 .comment       0x0000000000000075       0x76 _build/nrf52840_xxaa/nrfx_clock.c.o
 .comment       0x0000000000000075       0x76 _build/nrf52840_xxaa/nrfx_gpiote.c.o
 .comment       0x0000000000000075       0x76 _build/nrf52840_xxaa/main.c.o
 .comment       0x0000000000000075       0x76 _build/nrf52840_xxaa/system_nrf52840.c.o
 .comment       0x0000000000000075       0x76 _build/nrf52840_xxaa/nrf_drv_uart.c.o
 .comment       0x0000000000000075       0x76 _build/nrf52840_xxaa/nrfx_uart.c.o
 .comment       0x0000000000000075       0x76 _build/nrf52840_xxaa/nrfx_uarte.c.o
 .comment       0x0000000000000075       0x76 _build/nrf52840_xxaa/nrfx_prs.c.o

.debug_line     0x0000000000000000    0x1e7f6
 .debug_line    0x0000000000000000       0x89 _build/nrf52840_xxaa/gcc_startup_nrf52840.S.o
 .debug_line    0x0000000000000089      0x863 _build/nrf52840_xxaa/nrf_log_backend_serial.c.o
 .debug_line    0x00000000000008ec      0xb72 _build/nrf52840_xxaa/nrf_log_backend_uart.c.o
 .debug_line    0x000000000000145e      0x749 _build/nrf52840_xxaa/nrf_log_default_backends.c.o
 .debug_line    0x0000000000001ba7     0x2acc _build/nrf52840_xxaa/nrf_log_frontend.c.o
 .debug_line    0x0000000000004673      0x96d _build/nrf52840_xxaa/nrf_log_str_formatter.c.o
 .debug_line    0x0000000000004fe0      0xf55 _build/nrf52840_xxaa/boards.c.o
 .debug_line    0x0000000000005f35      0x72e _build/nrf52840_xxaa/heap_1.c.o
 .debug_line    0x0000000000006663      0x7c8 _build/nrf52840_xxaa/list.c.o
 .debug_line    0x0000000000006e2b      0x633 _build/nrf52840_xxaa/port.c.o
 .debug_line    0x000000000000745e      0x7a6 _build/nrf52840_xxaa/port_cmsis.c.o
 .debug_line    0x0000000000007c04      0xe41 _build/nrf52840_xxaa/port_cmsis_systick.c.o
 .debug_line    0x0000000000008a45     0x29f9 _build/nrf52840_xxaa/queue.c.o
 .debug_line    0x000000000000b43e     0x2db4 _build/nrf52840_xxaa/tasks.c.o
 .debug_line    0x000000000000e1f2      0xf45 _build/nrf52840_xxaa/timers.c.o
 .debug_line    0x000000000000f137      0x576 _build/nrf52840_xxaa/app_error.c.o
 .debug_line    0x000000000000f6ad      0x81d _build/nrf52840_xxaa/app_error_weak.c.o
 .debug_line    0x000000000000feca      0x63c _build/nrf52840_xxaa/app_util_platform.c.o
 .debug_line    0x0000000000010506      0x7dd _build/nrf52840_xxaa/nrf_atomic.c.o
 .debug_line    0x0000000000010ce3      0x88f _build/nrf52840_xxaa/nrf_balloc.c.o
 .debug_line    0x0000000000011572      0x54f _build/nrf52840_xxaa/nrf_fprintf.c.o
 .debug_line    0x0000000000011ac1      0xe3b _build/nrf52840_xxaa/nrf_fprintf_format.c.o
 .debug_line    0x00000000000128fc      0xa91 _build/nrf52840_xxaa/nrf_memobj.c.o
 .debug_line    0x000000000001338d      0x99a _build/nrf52840_xxaa/nrf_ringbuf.c.o
 .debug_line    0x0000000000013d27      0xd5e _build/nrf52840_xxaa/nrf_drv_clock.c.o
 .debug_line    0x0000000000014a85      0xe98 _build/nrf52840_xxaa/nrfx_clock.c.o
 .debug_line    0x000000000001591d     0x30ce _build/nrf52840_xxaa/nrfx_gpiote.c.o
 .debug_line    0x00000000000189eb      0xc64 _build/nrf52840_xxaa/main.c.o
 .debug_line    0x000000000001964f      0x644 _build/nrf52840_xxaa/system_nrf52840.c.o
 .debug_line    0x0000000000019c93      0x80f _build/nrf52840_xxaa/nrf_drv_uart.c.o
 .debug_line    0x000000000001a4a2     0x1ea5 _build/nrf52840_xxaa/nrfx_uart.c.o
 .debug_line    0x000000000001c347     0x1bc1 _build/nrf52840_xxaa/nrfx_uarte.c.o
 .debug_line    0x000000000001df08      0x8ee _build/nrf52840_xxaa/nrfx_prs.c.o

.debug_info     0x0000000000000000    0x37b32
 .debug_info    0x0000000000000000       0x26 _build/nrf52840_xxaa/gcc_startup_nrf52840.S.o
 .debug_info    0x0000000000000026     0x11fe _build/nrf52840_xxaa/nrf_log_backend_serial.c.o
 .debug_info    0x0000000000001224     0x1c74 _build/nrf52840_xxaa/nrf_log_backend_uart.c.o
 .debug_info    0x0000000000002e98      0xd48 _build/nrf52840_xxaa/nrf_log_default_backends.c.o
 .debug_info    0x0000000000003be0     0x4a8f _build/nrf52840_xxaa/nrf_log_frontend.c.o
 .debug_info    0x000000000000866f     0x13d4 _build/nrf52840_xxaa/nrf_log_str_formatter.c.o
 .debug_info    0x0000000000009a43     0x182f _build/nrf52840_xxaa/boards.c.o
 .debug_info    0x000000000000b272      0xac5 _build/nrf52840_xxaa/heap_1.c.o
 .debug_info    0x000000000000bd37      0xbd6 _build/nrf52840_xxaa/list.c.o
 .debug_info    0x000000000000c90d      0x9c6 _build/nrf52840_xxaa/port.c.o
 .debug_info    0x000000000000d2d3     0x11c7 _build/nrf52840_xxaa/port_cmsis.c.o
 .debug_info    0x000000000000e49a     0x1a01 _build/nrf52840_xxaa/port_cmsis_systick.c.o
 .debug_info    0x000000000000fe9b     0x39c9 _build/nrf52840_xxaa/queue.c.o
 .debug_info    0x0000000000013864     0x3e33 _build/nrf52840_xxaa/tasks.c.o
 .debug_info    0x0000000000017697     0x20e3 _build/nrf52840_xxaa/timers.c.o
 .debug_info    0x000000000001977a      0xbac _build/nrf52840_xxaa/app_error.c.o
 .debug_info    0x000000000001a326      0xfd5 _build/nrf52840_xxaa/app_error_weak.c.o
 .debug_info    0x000000000001b2fb     0x10f7 _build/nrf52840_xxaa/app_util_platform.c.o
 .debug_info    0x000000000001c3f2     0x1434 _build/nrf52840_xxaa/nrf_atomic.c.o
 .debug_info    0x000000000001d826      0xe40 _build/nrf52840_xxaa/nrf_balloc.c.o
 .debug_info    0x000000000001e666      0xb51 _build/nrf52840_xxaa/nrf_fprintf.c.o
 .debug_info    0x000000000001f1b7     0x1594 _build/nrf52840_xxaa/nrf_fprintf_format.c.o
 .debug_info    0x000000000002074b     0x15c0 _build/nrf52840_xxaa/nrf_memobj.c.o
 .debug_info    0x0000000000021d0b      0xf48 _build/nrf52840_xxaa/nrf_ringbuf.c.o
 .debug_info    0x0000000000022c53     0x1762 _build/nrf52840_xxaa/nrf_drv_clock.c.o
 .debug_info    0x00000000000243b5     0x1c5f _build/nrf52840_xxaa/nrfx_clock.c.o
 .debug_info    0x0000000000026014     0x46fb _build/nrf52840_xxaa/nrfx_gpiote.c.o
 .debug_info    0x000000000002a70f     0x1079 _build/nrf52840_xxaa/main.c.o
 .debug_info    0x000000000002b788     0x14ee _build/nrf52840_xxaa/system_nrf52840.c.o
 .debug_info    0x000000000002cc76     0x1ad6 _build/nrf52840_xxaa/nrf_drv_uart.c.o
 .debug_info    0x000000000002e74c     0x4319 _build/nrf52840_xxaa/nrfx_uart.c.o
 .debug_info    0x0000000000032a65     0x3f27 _build/nrf52840_xxaa/nrfx_uarte.c.o
 .debug_info    0x000000000003698c     0x11a6 _build/nrf52840_xxaa/nrfx_prs.c.o

.debug_abbrev   0x0000000000000000     0x7724
 .debug_abbrev  0x0000000000000000       0x14 _build/nrf52840_xxaa/gcc_startup_nrf52840.S.o
 .debug_abbrev  0x0000000000000014      0x2bd _build/nrf52840_xxaa/nrf_log_backend_serial.c.o
 .debug_abbrev  0x00000000000002d1      0x41d _build/nrf52840_xxaa/nrf_log_backend_uart.c.o
 .debug_abbrev  0x00000000000006ee      0x294 _build/nrf52840_xxaa/nrf_log_default_backends.c.o
 .debug_abbrev  0x0000000000000982      0x624 _build/nrf52840_xxaa/nrf_log_frontend.c.o
 .debug_abbrev  0x0000000000000fa6      0x320 _build/nrf52840_xxaa/nrf_log_str_formatter.c.o
 .debug_abbrev  0x00000000000012c6      0x455 _build/nrf52840_xxaa/boards.c.o
 .debug_abbrev  0x000000000000171b      0x2a0 _build/nrf52840_xxaa/heap_1.c.o
 .debug_abbrev  0x00000000000019bb      0x24c _build/nrf52840_xxaa/list.c.o
 .debug_abbrev  0x0000000000001c07      0x1d9 _build/nrf52840_xxaa/port.c.o
 .debug_abbrev  0x0000000000001de0      0x3c6 _build/nrf52840_xxaa/port_cmsis.c.o
 .debug_abbrev  0x00000000000021a6      0x451 _build/nrf52840_xxaa/port_cmsis_systick.c.o
 .debug_abbrev  0x00000000000025f7      0x4f1 _build/nrf52840_xxaa/queue.c.o
 .debug_abbrev  0x0000000000002ae8      0x5a4 _build/nrf52840_xxaa/tasks.c.o
 .debug_abbrev  0x000000000000308c      0x476 _build/nrf52840_xxaa/timers.c.o
 .debug_abbrev  0x0000000000003502      0x276 _build/nrf52840_xxaa/app_error.c.o
 .debug_abbrev  0x0000000000003778      0x2e9 _build/nrf52840_xxaa/app_error_weak.c.o
 .debug_abbrev  0x0000000000003a61      0x388 _build/nrf52840_xxaa/app_util_platform.c.o
 .debug_abbrev  0x0000000000003de9      0x378 _build/nrf52840_xxaa/nrf_atomic.c.o
 .debug_abbrev  0x0000000000004161      0x343 _build/nrf52840_xxaa/nrf_balloc.c.o
 .debug_abbrev  0x00000000000044a4      0x27d _build/nrf52840_xxaa/nrf_fprintf.c.o
 .debug_abbrev  0x0000000000004721      0x3a2 _build/nrf52840_xxaa/nrf_fprintf_format.c.o
 .debug_abbrev  0x0000000000004ac3      0x39e _build/nrf52840_xxaa/nrf_memobj.c.o
 .debug_abbrev  0x0000000000004e61      0x2a1 _build/nrf52840_xxaa/nrf_ringbuf.c.o
 .debug_abbrev  0x0000000000005102      0x53e _build/nrf52840_xxaa/nrf_drv_clock.c.o
 .debug_abbrev  0x0000000000005640      0x52a _build/nrf52840_xxaa/nrfx_clock.c.o
 .debug_abbrev  0x0000000000005b6a      0x5aa _build/nrf52840_xxaa/nrfx_gpiote.c.o
 .debug_abbrev  0x0000000000006114      0x2bb _build/nrf52840_xxaa/main.c.o
 .debug_abbrev  0x00000000000063cf      0x22f _build/nrf52840_xxaa/system_nrf52840.c.o
 .debug_abbrev  0x00000000000065fe      0x2da _build/nrf52840_xxaa/nrf_drv_uart.c.o
 .debug_abbrev  0x00000000000068d8      0x585 _build/nrf52840_xxaa/nrfx_uart.c.o
 .debug_abbrev  0x0000000000006e5d      0x558 _build/nrf52840_xxaa/nrfx_uarte.c.o
 .debug_abbrev  0x00000000000073b5      0x36f _build/nrf52840_xxaa/nrfx_prs.c.o

.debug_aranges  0x0000000000000000      0xbe8
 .debug_aranges
                0x0000000000000000       0x20 _build/nrf52840_xxaa/gcc_startup_nrf52840.S.o
 .debug_aranges
                0x0000000000000020       0x20 _build/nrf52840_xxaa/nrf_log_backend_serial.c.o
 .debug_aranges
                0x0000000000000040       0x48 _build/nrf52840_xxaa/nrf_log_backend_uart.c.o
 .debug_aranges
                0x0000000000000088       0x20 _build/nrf52840_xxaa/nrf_log_default_backends.c.o
 .debug_aranges
                0x00000000000000a8       0xb8 _build/nrf52840_xxaa/nrf_log_frontend.c.o
 .debug_aranges
                0x0000000000000160       0x38 _build/nrf52840_xxaa/nrf_log_str_formatter.c.o
 .debug_aranges
                0x0000000000000198       0x78 _build/nrf52840_xxaa/boards.c.o
 .debug_aranges
                0x0000000000000210       0x38 _build/nrf52840_xxaa/heap_1.c.o
 .debug_aranges
                0x0000000000000248       0x40 _build/nrf52840_xxaa/list.c.o
 .debug_aranges
                0x0000000000000288       0x30 _build/nrf52840_xxaa/port.c.o
 .debug_aranges
                0x00000000000002b8       0x48 _build/nrf52840_xxaa/port_cmsis.c.o
 .debug_aranges
                0x0000000000000300       0x30 _build/nrf52840_xxaa/port_cmsis_systick.c.o
 .debug_aranges
                0x0000000000000330       0xd8 _build/nrf52840_xxaa/queue.c.o
 .debug_aranges
                0x0000000000000408      0x198 _build/nrf52840_xxaa/tasks.c.o
 .debug_aranges
                0x00000000000005a0       0x88 _build/nrf52840_xxaa/timers.c.o
 .debug_aranges
                0x0000000000000628       0x28 _build/nrf52840_xxaa/app_error.c.o
 .debug_aranges
                0x0000000000000650       0x20 _build/nrf52840_xxaa/app_error_weak.c.o
 .debug_aranges
                0x0000000000000670       0x48 _build/nrf52840_xxaa/app_util_platform.c.o
 .debug_aranges
                0x00000000000006b8       0xb0 _build/nrf52840_xxaa/nrf_atomic.c.o
 .debug_aranges
                0x0000000000000768       0x30 _build/nrf52840_xxaa/nrf_balloc.c.o
 .debug_aranges
                0x0000000000000798       0x28 _build/nrf52840_xxaa/nrf_fprintf.c.o
 .debug_aranges
                0x00000000000007c0       0x28 _build/nrf52840_xxaa/nrf_fprintf_format.c.o
 .debug_aranges
                0x00000000000007e8       0x50 _build/nrf52840_xxaa/nrf_memobj.c.o
 .debug_aranges
                0x0000000000000838       0x50 _build/nrf52840_xxaa/nrf_ringbuf.c.o
 .debug_aranges
                0x0000000000000888       0x80 _build/nrf52840_xxaa/nrf_drv_clock.c.o
 .debug_aranges
                0x0000000000000908       0x78 _build/nrf52840_xxaa/nrfx_clock.c.o
 .debug_aranges
                0x0000000000000980       0xd8 _build/nrf52840_xxaa/nrfx_gpiote.c.o
 .debug_aranges
                0x0000000000000a58       0x28 _build/nrf52840_xxaa/main.c.o
 .debug_aranges
                0x0000000000000a80       0x28 _build/nrf52840_xxaa/system_nrf52840.c.o
 .debug_aranges
                0x0000000000000aa8       0x30 _build/nrf52840_xxaa/nrf_drv_uart.c.o
 .debug_aranges
                0x0000000000000ad8       0x78 _build/nrf52840_xxaa/nrfx_uart.c.o
 .debug_aranges
                0x0000000000000b50       0x68 _build/nrf52840_xxaa/nrfx_uarte.c.o
 .debug_aranges
                0x0000000000000bb8       0x30 _build/nrf52840_xxaa/nrfx_prs.c.o

.debug_str      0x0000000000000000    0x99424
 .debug_str     0x0000000000000000       0xab _build/nrf52840_xxaa/gcc_startup_nrf52840.S.o
 .debug_str     0x00000000000000ab    0x84b6d _build/nrf52840_xxaa/nrf_log_backend_serial.c.o
                                      0x860aa (size before relaxing)
 .debug_str     0x0000000000084c18     0x42a8 _build/nrf52840_xxaa/nrf_log_backend_uart.c.o
                                      0x89e2d (size before relaxing)
 .debug_str     0x0000000000088ec0      0x11c _build/nrf52840_xxaa/nrf_log_default_backends.c.o
                                      0x85e61 (size before relaxing)
 .debug_str     0x0000000000088fdc     0x1366 _build/nrf52840_xxaa/nrf_log_frontend.c.o
                                      0x8730c (size before relaxing)
 .debug_str     0x000000000008a342      0x6a6 _build/nrf52840_xxaa/nrf_log_str_formatter.c.o
                                      0x865cc (size before relaxing)
 .debug_str     0x000000000008a9e8     0x17ba _build/nrf52840_xxaa/boards.c.o
                                      0x869df (size before relaxing)
 .debug_str     0x000000000008c1a2     0x3cef _build/nrf52840_xxaa/heap_1.c.o
                                      0x838c4 (size before relaxing)
 .debug_str     0x000000000008fe91      0x154 _build/nrf52840_xxaa/list.c.o
                                      0x83300 (size before relaxing)
 .debug_str     0x000000000008ffe5       0x52 _build/nrf52840_xxaa/port.c.o
                                      0x83712 (size before relaxing)
 .debug_str     0x0000000000090037      0x51f _build/nrf52840_xxaa/port_cmsis.c.o
                                      0x83d3d (size before relaxing)
 .debug_str     0x0000000000090556      0x75a _build/nrf52840_xxaa/port_cmsis_systick.c.o
                                      0x898e8 (size before relaxing)
 .debug_str     0x0000000000090cb0     0x1007 _build/nrf52840_xxaa/queue.c.o
                                      0x84a02 (size before relaxing)
 .debug_str     0x0000000000091cb7     0x1979 _build/nrf52840_xxaa/tasks.c.o
                                      0x8569d (size before relaxing)
 .debug_str     0x0000000000093630      0x4e9 _build/nrf52840_xxaa/timers.c.o
                                      0x84e97 (size before relaxing)
 .debug_str     0x0000000000093b19       0xd9 _build/nrf52840_xxaa/app_error.c.o
                                      0x77f9e (size before relaxing)
 .debug_str     0x0000000000093bf2       0x7b _build/nrf52840_xxaa/app_error_weak.c.o
                                      0x8652a (size before relaxing)
 .debug_str     0x0000000000093c6d      0x1b3 _build/nrf52840_xxaa/app_util_platform.c.o
                                      0x787d5 (size before relaxing)
 .debug_str     0x0000000000093e20      0x6b9 _build/nrf52840_xxaa/nrf_atomic.c.o
                                      0x81f00 (size before relaxing)
 .debug_str     0x00000000000944d9      0x164 _build/nrf52840_xxaa/nrf_balloc.c.o
                                      0x85e4f (size before relaxing)
 .debug_str     0x000000000009463d      0x144 _build/nrf52840_xxaa/nrf_fprintf.c.o
                                      0x81b59 (size before relaxing)
 .debug_str     0x0000000000094781      0x110 _build/nrf52840_xxaa/nrf_fprintf_format.c.o
                                      0x81c4e (size before relaxing)
 .debug_str     0x0000000000094891      0x1ac _build/nrf52840_xxaa/nrf_memobj.c.o
                                      0x84213 (size before relaxing)
 .debug_str     0x0000000000094a3d       0xdc _build/nrf52840_xxaa/nrf_ringbuf.c.o
                                      0x82905 (size before relaxing)
 .debug_str     0x0000000000094b19      0x8c4 _build/nrf52840_xxaa/nrf_drv_clock.c.o
                                      0x88a9f (size before relaxing)
 .debug_str     0x00000000000953dd      0x782 _build/nrf52840_xxaa/nrfx_clock.c.o
                                      0x89102 (size before relaxing)
 .debug_str     0x0000000000095b5f     0x18b9 _build/nrf52840_xxaa/nrfx_gpiote.c.o
                                      0x8a407 (size before relaxing)
 .debug_str     0x0000000000097418      0x3da _build/nrf52840_xxaa/main.c.o
                                      0x8f137 (size before relaxing)
 .debug_str     0x00000000000977f2      0x468 _build/nrf52840_xxaa/system_nrf52840.c.o
                                      0x73c4b (size before relaxing)
 .debug_str     0x0000000000097c5a      0x467 _build/nrf52840_xxaa/nrf_drv_uart.c.o
                                      0x86654 (size before relaxing)
 .debug_str     0x00000000000980c1      0x780 _build/nrf52840_xxaa/nrfx_uart.c.o
                                      0x89a5c (size before relaxing)
 .debug_str     0x0000000000098841      0x976 _build/nrf52840_xxaa/nrfx_uarte.c.o
                                      0x89efc (size before relaxing)
 .debug_str     0x00000000000991b7      0x26d _build/nrf52840_xxaa/nrfx_prs.c.o
                                      0x88874 (size before relaxing)

.debug_loc      0x0000000000000000    0x19a36
 .debug_loc     0x0000000000000000      0x1a3 _build/nrf52840_xxaa/nrf_log_backend_serial.c.o
 .debug_loc     0x00000000000001a3      0x334 _build/nrf52840_xxaa/nrf_log_backend_uart.c.o
 .debug_loc     0x00000000000004d7       0x17 _build/nrf52840_xxaa/nrf_log_default_backends.c.o
 .debug_loc     0x00000000000004ee     0x5769 _build/nrf52840_xxaa/nrf_log_frontend.c.o
 .debug_loc     0x0000000000005c57      0x486 _build/nrf52840_xxaa/nrf_log_str_formatter.c.o
 .debug_loc     0x00000000000060dd      0xe02 _build/nrf52840_xxaa/boards.c.o
 .debug_loc     0x0000000000006edf       0xc0 _build/nrf52840_xxaa/heap_1.c.o
 .debug_loc     0x0000000000006f9f       0x93 _build/nrf52840_xxaa/list.c.o
 .debug_loc     0x0000000000007032       0xd7 _build/nrf52840_xxaa/port_cmsis.c.o
 .debug_loc     0x0000000000007109      0x7b4 _build/nrf52840_xxaa/port_cmsis_systick.c.o
 .debug_loc     0x00000000000078bd     0x24de _build/nrf52840_xxaa/queue.c.o
 .debug_loc     0x0000000000009d9b     0x2b8b _build/nrf52840_xxaa/tasks.c.o
 .debug_loc     0x000000000000c926     0x10b1 _build/nrf52840_xxaa/timers.c.o
 .debug_loc     0x000000000000d9d7       0xc9 _build/nrf52840_xxaa/app_error.c.o
 .debug_loc     0x000000000000daa0       0x6f _build/nrf52840_xxaa/app_error_weak.c.o
 .debug_loc     0x000000000000db0f      0x11a _build/nrf52840_xxaa/app_util_platform.c.o
 .debug_loc     0x000000000000dc29      0x5c9 _build/nrf52840_xxaa/nrf_atomic.c.o
 .debug_loc     0x000000000000e1f2      0x285 _build/nrf52840_xxaa/nrf_balloc.c.o
 .debug_loc     0x000000000000e477       0x54 _build/nrf52840_xxaa/nrf_fprintf.c.o
 .debug_loc     0x000000000000e4cb     0x141b _build/nrf52840_xxaa/nrf_fprintf_format.c.o
 .debug_loc     0x000000000000f8e6      0xebd _build/nrf52840_xxaa/nrf_memobj.c.o
 .debug_loc     0x00000000000107a3      0x6d4 _build/nrf52840_xxaa/nrf_ringbuf.c.o
 .debug_loc     0x0000000000010e77      0x36e _build/nrf52840_xxaa/nrf_drv_clock.c.o
 .debug_loc     0x00000000000111e5      0x29a _build/nrf52840_xxaa/nrfx_clock.c.o
 .debug_loc     0x000000000001147f     0x43e1 _build/nrf52840_xxaa/nrfx_gpiote.c.o
 .debug_loc     0x0000000000015860       0x8b _build/nrf52840_xxaa/main.c.o
 .debug_loc     0x00000000000158eb      0x1e6 _build/nrf52840_xxaa/nrf_drv_uart.c.o
 .debug_loc     0x0000000000015ad1     0x2120 _build/nrf52840_xxaa/nrfx_uart.c.o
 .debug_loc     0x0000000000017bf1     0x1d27 _build/nrf52840_xxaa/nrfx_uarte.c.o
 .debug_loc     0x0000000000019918      0x11e _build/nrf52840_xxaa/nrfx_prs.c.o

.debug_ranges   0x0000000000000000     0x5850
 .debug_ranges  0x0000000000000000       0x28 _build/nrf52840_xxaa/nrf_log_backend_serial.c.o
 .debug_ranges  0x0000000000000028      0x110 _build/nrf52840_xxaa/nrf_log_backend_uart.c.o
 .debug_ranges  0x0000000000000138       0x10 _build/nrf52840_xxaa/nrf_log_default_backends.c.o
 .debug_ranges  0x0000000000000148      0xca0 _build/nrf52840_xxaa/nrf_log_frontend.c.o
 .debug_ranges  0x0000000000000de8       0xa8 _build/nrf52840_xxaa/nrf_log_str_formatter.c.o
 .debug_ranges  0x0000000000000e90      0x8a8 _build/nrf52840_xxaa/boards.c.o
 .debug_ranges  0x0000000000001738       0x28 _build/nrf52840_xxaa/heap_1.c.o
 .debug_ranges  0x0000000000001760       0x30 _build/nrf52840_xxaa/list.c.o
 .debug_ranges  0x0000000000001790       0x20 _build/nrf52840_xxaa/port.c.o
 .debug_ranges  0x00000000000017b0       0x68 _build/nrf52840_xxaa/port_cmsis.c.o
 .debug_ranges  0x0000000000001818      0x300 _build/nrf52840_xxaa/port_cmsis_systick.c.o
 .debug_ranges  0x0000000000001b18      0x518 _build/nrf52840_xxaa/queue.c.o
 .debug_ranges  0x0000000000002030      0x718 _build/nrf52840_xxaa/tasks.c.o
 .debug_ranges  0x0000000000002748      0x288 _build/nrf52840_xxaa/timers.c.o
 .debug_ranges  0x00000000000029d0       0x18 _build/nrf52840_xxaa/app_error.c.o
 .debug_ranges  0x00000000000029e8       0x28 _build/nrf52840_xxaa/app_error_weak.c.o
 .debug_ranges  0x0000000000002a10       0x50 _build/nrf52840_xxaa/app_util_platform.c.o
 .debug_ranges  0x0000000000002a60       0xd8 _build/nrf52840_xxaa/nrf_atomic.c.o
 .debug_ranges  0x0000000000002b38       0x40 _build/nrf52840_xxaa/nrf_balloc.c.o
 .debug_ranges  0x0000000000002b78       0x18 _build/nrf52840_xxaa/nrf_fprintf.c.o
 .debug_ranges  0x0000000000002b90      0x3c8 _build/nrf52840_xxaa/nrf_fprintf_format.c.o
 .debug_ranges  0x0000000000002f58       0xb8 _build/nrf52840_xxaa/nrf_memobj.c.o
 .debug_ranges  0x0000000000003010       0x40 _build/nrf52840_xxaa/nrf_ringbuf.c.o
 .debug_ranges  0x0000000000003050      0x160 _build/nrf52840_xxaa/nrf_drv_clock.c.o
 .debug_ranges  0x00000000000031b0      0x2a0 _build/nrf52840_xxaa/nrfx_clock.c.o
 .debug_ranges  0x0000000000003450     0x1458 _build/nrf52840_xxaa/nrfx_gpiote.c.o
 .debug_ranges  0x00000000000048a8       0x48 _build/nrf52840_xxaa/main.c.o
 .debug_ranges  0x00000000000048f0       0x40 _build/nrf52840_xxaa/system_nrf52840.c.o
 .debug_ranges  0x0000000000004930       0x20 _build/nrf52840_xxaa/nrf_drv_uart.c.o
 .debug_ranges  0x0000000000004950      0x7e0 _build/nrf52840_xxaa/nrfx_uart.c.o
 .debug_ranges  0x0000000000005130      0x6d0 _build/nrf52840_xxaa/nrfx_uarte.c.o
 .debug_ranges  0x0000000000005800       0x50 _build/nrf52840_xxaa/nrfx_prs.c.o

.debug_macro    0x0000000000000000     0x863d
 .debug_macro   0x0000000000000000      0x371 _build/nrf52840_xxaa/nrf_log_backend_serial.c.o
 .debug_macro   0x0000000000000371       0x16 _build/nrf52840_xxaa/nrf_log_backend_serial.c.o
 .debug_macro   0x0000000000000387       0x22 _build/nrf52840_xxaa/nrf_log_backend_serial.c.o
 .debug_macro   0x00000000000003a9       0x1c _build/nrf52840_xxaa/nrf_log_backend_serial.c.o
 .debug_macro   0x00000000000003c5       0x10 _build/nrf52840_xxaa/nrf_log_backend_serial.c.o
 .debug_macro   0x00000000000003d5       0x10 _build/nrf52840_xxaa/nrf_log_backend_serial.c.o
 .debug_macro   0x00000000000003e5       0xb6 _build/nrf52840_xxaa/nrf_log_backend_serial.c.o
 .debug_macro   0x000000000000049b       0x16 _build/nrf52840_xxaa/nrf_log_backend_serial.c.o
 .debug_macro   0x00000000000004b1      0x129 _build/nrf52840_xxaa/nrf_log_backend_serial.c.o
 .debug_macro   0x00000000000005da       0x49 _build/nrf52840_xxaa/nrf_log_backend_serial.c.o
 .debug_macro   0x0000000000000623       0x8c _build/nrf52840_xxaa/nrf_log_backend_serial.c.o
 .debug_macro   0x00000000000006af       0x31 _build/nrf52840_xxaa/nrf_log_backend_serial.c.o
 .debug_macro   0x00000000000006e0       0x55 _build/nrf52840_xxaa/nrf_log_backend_serial.c.o
 .debug_macro   0x0000000000000735       0x98 _build/nrf52840_xxaa/nrf_log_backend_serial.c.o
 .debug_macro   0x00000000000007cd       0x10 _build/nrf52840_xxaa/nrf_log_backend_serial.c.o
 .debug_macro   0x00000000000007dd       0x1d _build/nrf52840_xxaa/nrf_log_backend_serial.c.o
 .debug_macro   0x00000000000007fa       0x2e _build/nrf52840_xxaa/nrf_log_backend_serial.c.o
 .debug_macro   0x0000000000000828       0x1c _build/nrf52840_xxaa/nrf_log_backend_serial.c.o
 .debug_macro   0x0000000000000844      0x185 _build/nrf52840_xxaa/nrf_log_backend_serial.c.o
 .debug_macro   0x00000000000009c9      0x454 _build/nrf52840_xxaa/nrf_log_backend_uart.c.o
 .debug_macro   0x0000000000000e1d      0x429 _build/nrf52840_xxaa/nrf_log_backend_uart.c.o
 .debug_macro   0x0000000000001246       0x52 _build/nrf52840_xxaa/nrf_log_backend_uart.c.o
 .debug_macro   0x0000000000001298      0x209 _build/nrf52840_xxaa/nrf_log_backend_uart.c.o
 .debug_macro   0x00000000000014a1      0x148 _build/nrf52840_xxaa/nrf_log_backend_uart.c.o
 .debug_macro   0x00000000000015e9       0x5a _build/nrf52840_xxaa/nrf_log_backend_uart.c.o
 .debug_macro   0x0000000000001643       0x1d _build/nrf52840_xxaa/nrf_log_backend_uart.c.o
 .debug_macro   0x0000000000001660       0xac _build/nrf52840_xxaa/nrf_log_backend_uart.c.o
 .debug_macro   0x000000000000170c       0x64 _build/nrf52840_xxaa/nrf_log_backend_uart.c.o
 .debug_macro   0x0000000000001770       0x20 _build/nrf52840_xxaa/nrf_log_backend_uart.c.o
 .debug_macro   0x0000000000001790       0x10 _build/nrf52840_xxaa/nrf_log_backend_uart.c.o
 .debug_macro   0x00000000000017a0       0x10 _build/nrf52840_xxaa/nrf_log_backend_uart.c.o
 .debug_macro   0x00000000000017b0       0x10 _build/nrf52840_xxaa/nrf_log_backend_uart.c.o
 .debug_macro   0x00000000000017c0       0x10 _build/nrf52840_xxaa/nrf_log_backend_uart.c.o
 .debug_macro   0x00000000000017d0       0x10 _build/nrf52840_xxaa/nrf_log_backend_uart.c.o
 .debug_macro   0x00000000000017e0       0x3f _build/nrf52840_xxaa/nrf_log_backend_uart.c.o
 .debug_macro   0x000000000000181f      0x362 _build/nrf52840_xxaa/nrf_log_default_backends.c.o
 .debug_macro   0x0000000000001b81       0x10 _build/nrf52840_xxaa/nrf_log_default_backends.c.o
 .debug_macro   0x0000000000001b91      0x3e3 _build/nrf52840_xxaa/nrf_log_frontend.c.o
 .debug_macro   0x0000000000001f74       0x16 _build/nrf52840_xxaa/nrf_log_frontend.c.o
 .debug_macro   0x0000000000001f8a       0x9a _build/nrf52840_xxaa/nrf_log_frontend.c.o
 .debug_macro   0x0000000000002024       0x9e _build/nrf52840_xxaa/nrf_log_frontend.c.o
 .debug_macro   0x00000000000020c2      0x3b3 _build/nrf52840_xxaa/nrf_log_str_formatter.c.o
 .debug_macro   0x0000000000002475       0xa2 _build/nrf52840_xxaa/nrf_log_str_formatter.c.o
 .debug_macro   0x0000000000002517      0x33a _build/nrf52840_xxaa/boards.c.o
 .debug_macro   0x0000000000002851       0x26 _build/nrf52840_xxaa/boards.c.o
 .debug_macro   0x0000000000002877       0x3f _build/nrf52840_xxaa/boards.c.o
 .debug_macro   0x00000000000028b6       0x16 _build/nrf52840_xxaa/boards.c.o
 .debug_macro   0x00000000000028cc       0x19 _build/nrf52840_xxaa/boards.c.o
 .debug_macro   0x00000000000028e5       0x35 _build/nrf52840_xxaa/boards.c.o
 .debug_macro   0x000000000000291a       0x7b _build/nrf52840_xxaa/boards.c.o
 .debug_macro   0x0000000000002995       0x16 _build/nrf52840_xxaa/boards.c.o
 .debug_macro   0x00000000000029ab      0x208 _build/nrf52840_xxaa/boards.c.o
 .debug_macro   0x0000000000002bb3      0x16d _build/nrf52840_xxaa/boards.c.o
 .debug_macro   0x0000000000002d20      0x301 _build/nrf52840_xxaa/heap_1.c.o
 .debug_macro   0x0000000000003021      0x2e0 _build/nrf52840_xxaa/list.c.o
 .debug_macro   0x0000000000003301      0x2d0 _build/nrf52840_xxaa/port.c.o
 .debug_macro   0x00000000000035d1      0x2fa _build/nrf52840_xxaa/port_cmsis.c.o
 .debug_macro   0x00000000000038cb      0x3c5 _build/nrf52840_xxaa/port_cmsis_systick.c.o
 .debug_macro   0x0000000000003c90       0x45 _build/nrf52840_xxaa/port_cmsis_systick.c.o
 .debug_macro   0x0000000000003cd5       0x28 _build/nrf52840_xxaa/port_cmsis_systick.c.o
 .debug_macro   0x0000000000003cfd       0x22 _build/nrf52840_xxaa/port_cmsis_systick.c.o
 .debug_macro   0x0000000000003d1f       0x10 _build/nrf52840_xxaa/port_cmsis_systick.c.o
 .debug_macro   0x0000000000003d2f      0x352 _build/nrf52840_xxaa/queue.c.o
 .debug_macro   0x0000000000004081       0x16 _build/nrf52840_xxaa/queue.c.o
 .debug_macro   0x0000000000004097       0x86 _build/nrf52840_xxaa/queue.c.o
 .debug_macro   0x000000000000411d      0x3ba _build/nrf52840_xxaa/tasks.c.o
 .debug_macro   0x00000000000044d7       0x10 _build/nrf52840_xxaa/tasks.c.o
 .debug_macro   0x00000000000044e7      0x323 _build/nrf52840_xxaa/timers.c.o
 .debug_macro   0x000000000000480a      0x21f _build/nrf52840_xxaa/app_error.c.o
 .debug_macro   0x0000000000004a29       0x35 _build/nrf52840_xxaa/app_error.c.o
 .debug_macro   0x0000000000004a5e       0x97 _build/nrf52840_xxaa/app_error.c.o
 .debug_macro   0x0000000000004af5       0xf6 _build/nrf52840_xxaa/app_error.c.o
 .debug_macro   0x0000000000004beb      0x361 _build/nrf52840_xxaa/app_error_weak.c.o
 .debug_macro   0x0000000000004f4c       0x92 _build/nrf52840_xxaa/app_error_weak.c.o
 .debug_macro   0x0000000000004fde      0x235 _build/nrf52840_xxaa/app_util_platform.c.o
 .debug_macro   0x0000000000005213      0x223 _build/nrf52840_xxaa/nrf_atomic.c.o
 .debug_macro   0x0000000000005436       0x42 _build/nrf52840_xxaa/nrf_atomic.c.o
 .debug_macro   0x0000000000005478      0x326 _build/nrf52840_xxaa/nrf_balloc.c.o
 .debug_macro   0x000000000000579e       0x10 _build/nrf52840_xxaa/nrf_balloc.c.o
 .debug_macro   0x00000000000057ae      0x22f _build/nrf52840_xxaa/nrf_fprintf.c.o
 .debug_macro   0x00000000000059dd       0x58 _build/nrf52840_xxaa/nrf_fprintf.c.o
 .debug_macro   0x0000000000005a35      0x241 _build/nrf52840_xxaa/nrf_fprintf_format.c.o
 .debug_macro   0x0000000000005c76      0x309 _build/nrf52840_xxaa/nrf_memobj.c.o
 .debug_macro   0x0000000000005f7f       0x54 _build/nrf52840_xxaa/nrf_memobj.c.o
 .debug_macro   0x0000000000005fd3      0x2b8 _build/nrf52840_xxaa/nrf_ringbuf.c.o
 .debug_macro   0x000000000000628b      0x405 _build/nrf52840_xxaa/nrf_drv_clock.c.o
 .debug_macro   0x0000000000006690       0x37 _build/nrf52840_xxaa/nrf_drv_clock.c.o
 .debug_macro   0x00000000000066c7      0x17f _build/nrf52840_xxaa/nrf_drv_clock.c.o
 .debug_macro   0x0000000000006846      0x3e3 _build/nrf52840_xxaa/nrfx_clock.c.o
 .debug_macro   0x0000000000006c29       0x1c _build/nrf52840_xxaa/nrfx_clock.c.o
 .debug_macro   0x0000000000006c45       0x42 _build/nrf52840_xxaa/nrfx_clock.c.o
 .debug_macro   0x0000000000006c87      0x41b _build/nrf52840_xxaa/nrfx_gpiote.c.o
 .debug_macro   0x00000000000070a2       0x1c _build/nrf52840_xxaa/nrfx_gpiote.c.o
 .debug_macro   0x00000000000070be       0x16 _build/nrf52840_xxaa/nrfx_gpiote.c.o
 .debug_macro   0x00000000000070d4      0x519 _build/nrf52840_xxaa/main.c.o
 .debug_macro   0x00000000000075ed       0x10 _build/nrf52840_xxaa/main.c.o
 .debug_macro   0x00000000000075fd       0xf1 _build/nrf52840_xxaa/system_nrf52840.c.o
 .debug_macro   0x00000000000076ee      0x363 _build/nrf52840_xxaa/nrf_drv_uart.c.o
 .debug_macro   0x0000000000007a51      0x3eb _build/nrf52840_xxaa/nrfx_uart.c.o
 .debug_macro   0x0000000000007e3c       0x28 _build/nrf52840_xxaa/nrfx_uart.c.o
 .debug_macro   0x0000000000007e64      0x409 _build/nrf52840_xxaa/nrfx_uarte.c.o
 .debug_macro   0x000000000000826d      0x3d0 _build/nrf52840_xxaa/nrfx_prs.c.o

.debug_frame    0x0000000000000000     0x2210
 .debug_frame   0x0000000000000000       0x40 _build/nrf52840_xxaa/nrf_log_backend_serial.c.o
 .debug_frame   0x0000000000000040       0xb8 _build/nrf52840_xxaa/nrf_log_backend_uart.c.o
 .debug_frame   0x00000000000000f8       0x28 _build/nrf52840_xxaa/nrf_log_default_backends.c.o
 .debug_frame   0x0000000000000120      0x314 _build/nrf52840_xxaa/nrf_log_frontend.c.o
 .debug_frame   0x0000000000000434       0xac _build/nrf52840_xxaa/nrf_log_str_formatter.c.o
 .debug_frame   0x00000000000004e0       0xf8 _build/nrf52840_xxaa/boards.c.o
 .debug_frame   0x00000000000005d8       0x5c _build/nrf52840_xxaa/heap_1.c.o
 .debug_frame   0x0000000000000634       0x70 _build/nrf52840_xxaa/list.c.o
 .debug_frame   0x00000000000006a4       0x40 _build/nrf52840_xxaa/port.c.o
 .debug_frame   0x00000000000006e4       0x84 _build/nrf52840_xxaa/port_cmsis.c.o
 .debug_frame   0x0000000000000768       0x7c _build/nrf52840_xxaa/port_cmsis_systick.c.o
 .debug_frame   0x00000000000007e4      0x310 _build/nrf52840_xxaa/queue.c.o
 .debug_frame   0x0000000000000af4      0x5e8 _build/nrf52840_xxaa/tasks.c.o
 .debug_frame   0x00000000000010dc      0x1c4 _build/nrf52840_xxaa/timers.c.o
 .debug_frame   0x00000000000012a0       0x54 _build/nrf52840_xxaa/app_error.c.o
 .debug_frame   0x00000000000012f4       0x28 _build/nrf52840_xxaa/app_error_weak.c.o
 .debug_frame   0x000000000000131c       0x70 _build/nrf52840_xxaa/app_util_platform.c.o
 .debug_frame   0x000000000000138c      0x150 _build/nrf52840_xxaa/nrf_atomic.c.o
 .debug_frame   0x00000000000014dc       0x6c _build/nrf52840_xxaa/nrf_balloc.c.o
 .debug_frame   0x0000000000001548       0x5c _build/nrf52840_xxaa/nrf_fprintf.c.o
 .debug_frame   0x00000000000015a4       0xa8 _build/nrf52840_xxaa/nrf_fprintf_format.c.o
 .debug_frame   0x000000000000164c       0xe8 _build/nrf52840_xxaa/nrf_memobj.c.o
 .debug_frame   0x0000000000001734       0xdc _build/nrf52840_xxaa/nrf_ringbuf.c.o
 .debug_frame   0x0000000000001810      0x164 _build/nrf52840_xxaa/nrf_drv_clock.c.o
 .debug_frame   0x0000000000001974      0x114 _build/nrf52840_xxaa/nrfx_clock.c.o
 .debug_frame   0x0000000000001a88      0x260 _build/nrf52840_xxaa/nrfx_gpiote.c.o
 .debug_frame   0x0000000000001ce8       0x44 _build/nrf52840_xxaa/main.c.o
 .debug_frame   0x0000000000001d2c       0x40 _build/nrf52840_xxaa/system_nrf52840.c.o
 .debug_frame   0x0000000000001d6c       0x80 _build/nrf52840_xxaa/nrf_drv_uart.c.o
 .debug_frame   0x0000000000001dec      0x188 _build/nrf52840_xxaa/nrfx_uart.c.o
 .debug_frame   0x0000000000001f74      0x194 _build/nrf52840_xxaa/nrfx_uarte.c.o
 .debug_frame   0x0000000000002108       0x4c _build/nrf52840_xxaa/nrfx_prs.c.o
 .debug_frame   0x0000000000002154       0x28 /opt/gcc-arm-none-eabi-8-2018-q4-major/bin/../lib/gcc/arm-none-eabi/8.2.1/../../../../arm-none-eabi/lib/thumb/v7e-m+fp/hard/libc_nano.a(lib_a-exit.o)
 .debug_frame   0x000000000000217c       0x2c /opt/gcc-arm-none-eabi-8-2018-q4-major/bin/../lib/gcc/arm-none-eabi/8.2.1/../../../../arm-none-eabi/lib/thumb/v7e-m+fp/hard/libc_nano.a(lib_a-init.o)
 .debug_frame   0x00000000000021a8       0x28 /opt/gcc-arm-none-eabi-8-2018-q4-major/bin/../lib/gcc/arm-none-eabi/8.2.1/../../../../arm-none-eabi/lib/thumb/v7e-m+fp/hard/libc_nano.a(lib_a-memcpy-stub.o)
 .debug_frame   0x00000000000021d0       0x20 /opt/gcc-arm-none-eabi-8-2018-q4-major/bin/../lib/gcc/arm-none-eabi/8.2.1/../../../../arm-none-eabi/lib/thumb/v7e-m+fp/hard/libc_nano.a(lib_a-memset.o)
 .debug_frame   0x00000000000021f0       0x20 /opt/gcc-arm-none-eabi-8-2018-q4-major/bin/../lib/gcc/arm-none-eabi/8.2.1/../../../../arm-none-eabi/lib/thumb/v7e-m+fp/hard/libnosys.a(_exit.o)
