Archive member included to satisfy reference by file (symbol)

/opt/gcc-arm-none-eabi-8-2018-q4-major/bin/../lib/gcc/arm-none-eabi/8.2.1/../../../../arm-none-eabi/lib/thumb/v7e-m+fp/hard/libc_nano.a(lib_a-assert.o)
                              _build/nrf52840_xxaa/gps_buffer.c.o (__assert_func)
/opt/gcc-arm-none-eabi-8-2018-q4-major/bin/../lib/gcc/arm-none-eabi/8.2.1/../../../../arm-none-eabi/lib/thumb/v7e-m+fp/hard/libc_nano.a(lib_a-ctype_.o)
                              _build/nrf52840_xxaa/nrf_log_str_formatter.c.o (_ctype_)
/opt/gcc-arm-none-eabi-8-2018-q4-major/bin/../lib/gcc/arm-none-eabi/8.2.1/../../../../arm-none-eabi/lib/thumb/v7e-m+fp/hard/libc_nano.a(lib_a-exit.o)
                              /opt/gcc-arm-none-eabi-8-2018-q4-major/bin/../lib/gcc/arm-none-eabi/8.2.1/../../../../arm-none-eabi/lib/thumb/v7e-m+fp/hard/crt0.o (exit)
/opt/gcc-arm-none-eabi-8-2018-q4-major/bin/../lib/gcc/arm-none-eabi/8.2.1/../../../../arm-none-eabi/lib/thumb/v7e-m+fp/hard/libc_nano.a(lib_a-fprintf.o)
                              /opt/gcc-arm-none-eabi-8-2018-q4-major/bin/../lib/gcc/arm-none-eabi/8.2.1/../../../../arm-none-eabi/lib/thumb/v7e-m+fp/hard/libc_nano.a(lib_a-assert.o) (fiprintf)
/opt/gcc-arm-none-eabi-8-2018-q4-major/bin/../lib/gcc/arm-none-eabi/8.2.1/../../../../arm-none-eabi/lib/thumb/v7e-m+fp/hard/libc_nano.a(lib_a-impure.o)
                              /opt/gcc-arm-none-eabi-8-2018-q4-major/bin/../lib/gcc/arm-none-eabi/8.2.1/../../../../arm-none-eabi/lib/thumb/v7e-m+fp/hard/libc_nano.a(lib_a-exit.o) (_global_impure_ptr)
/opt/gcc-arm-none-eabi-8-2018-q4-major/bin/../lib/gcc/arm-none-eabi/8.2.1/../../../../arm-none-eabi/lib/thumb/v7e-m+fp/hard/libc_nano.a(lib_a-init.o)
                              /opt/gcc-arm-none-eabi-8-2018-q4-major/bin/../lib/gcc/arm-none-eabi/8.2.1/../../../../arm-none-eabi/lib/thumb/v7e-m+fp/hard/crt0.o (__libc_init_array)
/opt/gcc-arm-none-eabi-8-2018-q4-major/bin/../lib/gcc/arm-none-eabi/8.2.1/../../../../arm-none-eabi/lib/thumb/v7e-m+fp/hard/libc_nano.a(lib_a-malloc.o)
                              _build/nrf52840_xxaa/gps_buffer.c.o (malloc)
/opt/gcc-arm-none-eabi-8-2018-q4-major/bin/../lib/gcc/arm-none-eabi/8.2.1/../../../../arm-none-eabi/lib/thumb/v7e-m+fp/hard/libc_nano.a(lib_a-memcpy-stub.o)
                              _build/nrf52840_xxaa/nrf_log_frontend.c.o (memcpy)
/opt/gcc-arm-none-eabi-8-2018-q4-major/bin/../lib/gcc/arm-none-eabi/8.2.1/../../../../arm-none-eabi/lib/thumb/v7e-m+fp/hard/libc_nano.a(lib_a-memset.o)
                              /opt/gcc-arm-none-eabi-8-2018-q4-major/bin/../lib/gcc/arm-none-eabi/8.2.1/../../../../arm-none-eabi/lib/thumb/v7e-m+fp/hard/crt0.o (memset)
/opt/gcc-arm-none-eabi-8-2018-q4-major/bin/../lib/gcc/arm-none-eabi/8.2.1/../../../../arm-none-eabi/lib/thumb/v7e-m+fp/hard/libc_nano.a(lib_a-nano-freer.o)
                              /opt/gcc-arm-none-eabi-8-2018-q4-major/bin/../lib/gcc/arm-none-eabi/8.2.1/../../../../arm-none-eabi/lib/thumb/v7e-m+fp/hard/libc_nano.a(lib_a-malloc.o) (_free_r)
/opt/gcc-arm-none-eabi-8-2018-q4-major/bin/../lib/gcc/arm-none-eabi/8.2.1/../../../../arm-none-eabi/lib/thumb/v7e-m+fp/hard/libc_nano.a(lib_a-nano-mallocr.o)
                              /opt/gcc-arm-none-eabi-8-2018-q4-major/bin/../lib/gcc/arm-none-eabi/8.2.1/../../../../arm-none-eabi/lib/thumb/v7e-m+fp/hard/libc_nano.a(lib_a-malloc.o) (_malloc_r)
/opt/gcc-arm-none-eabi-8-2018-q4-major/bin/../lib/gcc/arm-none-eabi/8.2.1/../../../../arm-none-eabi/lib/thumb/v7e-m+fp/hard/libc_nano.a(lib_a-nano-vfprintf.o)
                              /opt/gcc-arm-none-eabi-8-2018-q4-major/bin/../lib/gcc/arm-none-eabi/8.2.1/../../../../arm-none-eabi/lib/thumb/v7e-m+fp/hard/libc_nano.a(lib_a-fprintf.o) (_vfprintf_r)
/opt/gcc-arm-none-eabi-8-2018-q4-major/bin/../lib/gcc/arm-none-eabi/8.2.1/../../../../arm-none-eabi/lib/thumb/v7e-m+fp/hard/libc_nano.a(lib_a-nano-vfprintf_i.o)
                              /opt/gcc-arm-none-eabi-8-2018-q4-major/bin/../lib/gcc/arm-none-eabi/8.2.1/../../../../arm-none-eabi/lib/thumb/v7e-m+fp/hard/libc_nano.a(lib_a-nano-vfprintf.o) (_printf_i)
/opt/gcc-arm-none-eabi-8-2018-q4-major/bin/../lib/gcc/arm-none-eabi/8.2.1/../../../../arm-none-eabi/lib/thumb/v7e-m+fp/hard/libc_nano.a(lib_a-sbrkr.o)
                              /opt/gcc-arm-none-eabi-8-2018-q4-major/bin/../lib/gcc/arm-none-eabi/8.2.1/../../../../arm-none-eabi/lib/thumb/v7e-m+fp/hard/libc_nano.a(lib_a-nano-mallocr.o) (_sbrk_r)
/opt/gcc-arm-none-eabi-8-2018-q4-major/bin/../lib/gcc/arm-none-eabi/8.2.1/../../../../arm-none-eabi/lib/thumb/v7e-m+fp/hard/libc_nano.a(lib_a-snprintf.o)
                              _build/nrf52840_xxaa/main.c.o (snprintf)
/opt/gcc-arm-none-eabi-8-2018-q4-major/bin/../lib/gcc/arm-none-eabi/8.2.1/../../../../arm-none-eabi/lib/thumb/v7e-m+fp/hard/libc_nano.a(lib_a-strlen.o)
                              _build/nrf52840_xxaa/nrf_log_frontend.c.o (strlen)
[...]
Memory Configuration

Name             Origin             Length             Attributes
FLASH            0x0000000000000000 0x0000000000100000 xr
RAM              0x0000000020000000 0x0000000000040000 xrw
*default*        0x0000000000000000 0xffffffffffffffff

Linker script and memory map


.text           0x0000000000000000     0x68dc
 *(.isr_vector)
 .isr_vector    0x0000000000000000      0x200 _build/nrf52840_xxaa/gcc_startup_nrf52840.S.o
                0x0000000000000000                __isr_vector
 *(.text*)
 .text          0x0000000000000200       0x40 /opt/gcc-arm-none-eabi-8-2018-q4-major/bin/../lib/gcc/arm-none-eabi/8.2.1/thumb/v7e-m+fp/hard/crtbegin.o
 .text          0x0000000000000240       0x74 /opt/gcc-arm-none-eabi-8-2018-q4-major/bin/../lib/gcc/arm-none-eabi/8.2.1/../../../../arm-none-eabi/lib/thumb/v7e-m+fp/hard/crt0.o
                0x0000000000000240                _mainCRTStartup
                0x0000000000000240                _start
 .text          0x00000000000002b4       0x3c _build/nrf52840_xxaa/gcc_startup_nrf52840.S.o
                0x00000000000002b4                Reset_Handler
                0x00000000000002dc                NMI_Handler
                0x00000000000002de                HardFault_Handler
                0x00000000000002e0                MemoryManagement_Handler
                0x00000000000002e2                BusFault_Handler
                0x00000000000002e4                UsageFault_Handler
                0x00000000000002e8                DebugMon_Handler
                0x00000000000002ec                SysTick_Handler
                0x00000000000002ee                TIMER2_IRQHandler
                0x00000000000002ee                RTC0_IRQHandler
                0x00000000000002ee                SWI0_EGU0_IRQHandler
                0x00000000000002ee                SWI2_EGU2_IRQHandler
                0x00000000000002ee                PWM1_IRQHandler
                0x00000000000002ee                RADIO_IRQHandler
                0x00000000000002ee                PDM_IRQHandler
                0x00000000000002ee                TEMP_IRQHandler
                0x00000000000002ee                QDEC_IRQHandler
                0x00000000000002ee                TIMER3_IRQHandler
                0x00000000000002ee                PWM3_IRQHandler
                0x00000000000002ee                FPU_IRQHandler
                0x00000000000002ee                USBD_IRQHandler
                0x00000000000002ee                SPIM0_SPIS0_TWIM0_TWIS0_SPI0_TWI0_IRQHandler
                0x00000000000002ee                TIMER4_IRQHandler
                0x00000000000002ee                CRYPTOCELL_IRQHandler
                0x00000000000002ee                I2S_IRQHandler
                0x00000000000002ee                SWI4_EGU4_IRQHandler
                0x00000000000002ee                TIMER0_IRQHandler
                0x00000000000002ee                UARTE1_IRQHandler
                0x00000000000002ee                TIMER1_IRQHandler
                0x00000000000002ee                SPIM3_IRQHandler
                0x00000000000002ee                PWM2_IRQHandler
                0x00000000000002ee                ECB_IRQHandler
                0x00000000000002ee                SPIM1_SPIS1_TWIM1_TWIS1_SPI1_TWI1_IRQHandler
                0x00000000000002ee                Default_Handler
                0x00000000000002ee                SAADC_IRQHandler
                0x00000000000002ee                CCM_AAR_IRQHandler
                0x00000000000002ee                WDT_IRQHandler
                0x00000000000002ee                SWI5_EGU5_IRQHandler
                0x00000000000002ee                RNG_IRQHandler
                0x00000000000002ee                RTC2_IRQHandler
                0x00000000000002ee                PWM0_IRQHandler
                0x00000000000002ee                SWI3_EGU3_IRQHandler
                0x00000000000002ee                SWI1_EGU1_IRQHandler
                0x00000000000002ee                SPIM2_SPIS2_SPI2_IRQHandler
                0x00000000000002ee                NFCT_IRQHandler
                0x00000000000002ee                MWU_IRQHandler
                0x00000000000002ee                QSPI_IRQHandler
                0x00000000000002ee                COMP_LPCOMP_IRQHandler
 .text.nrf_log_backend_serial_put
                0x00000000000002f0       0xd4 _build/nrf52840_xxaa/nrf_log_backend_serial.c.o
                0x00000000000002f0                nrf_log_backend_serial_put
 .text.uart_evt_handler
                0x00000000000003c4        0xc _build/nrf52840_xxaa/nrf_log_backend_uart.c.o
 .text.nrf_log_backend_uart_flush
                0x00000000000003d0        0x4 _build/nrf52840_xxaa/nrf_log_backend_uart.c.o
 .text.nrf_log_backend_uart_put
                0x00000000000003d4       0x20 _build/nrf52840_xxaa/nrf_log_backend_uart.c.o
 .text.serial_tx
                0x00000000000003f4       0x4c _build/nrf52840_xxaa/nrf_log_backend_uart.c.o
 .text.nrf_log_backend_uart_panic_set
                0x0000000000000440       0x64 _build/nrf52840_xxaa/nrf_log_backend_uart.c.o
 .text.nrf_log_backend_uart_init
                0x00000000000004a4       0x4c _build/nrf52840_xxaa/nrf_log_backend_uart.c.o
                0x00000000000004a4                nrf_log_backend_uart_init
 .text.nrf_log_default_backends_init
                0x00000000000004f0       0x20 _build/nrf52840_xxaa/nrf_log_default_backends.c.o
                0x00000000000004f0                nrf_log_default_backends_init
 .text.nrf_log_init
                0x0000000000000510       0x40 _build/nrf52840_xxaa/nrf_log_frontend.c.o
                0x0000000000000510                nrf_log_init
 .text.nrf_log_module_name_get
                0x0000000000000550       0x58 _build/nrf52840_xxaa/nrf_log_frontend.c.o
                0x0000000000000550                nrf_log_module_name_get
 .text.nrf_log_color_id_get
                0x00000000000005a8       0x2c _build/nrf52840_xxaa/nrf_log_frontend.c.o
                0x00000000000005a8                nrf_log_color_id_get
 .text.nrf_log_frontend_dequeue
                0x00000000000005d4      0x41c _build/nrf52840_xxaa/nrf_log_frontend.c.o
                0x00000000000005d4                nrf_log_frontend_dequeue
 .text.nrf_log_frontend_std_0
                0x00000000000009f0      0x1a8 _build/nrf52840_xxaa/nrf_log_frontend.c.o
                0x00000000000009f0                nrf_log_frontend_std_0
 .text.nrf_log_frontend_std_3
                0x0000000000000b98      0x1d0 _build/nrf52840_xxaa/nrf_log_frontend.c.o
                0x0000000000000b98                nrf_log_frontend_std_3
 .text.nrf_log_backend_add
                0x0000000000000d68       0x74 _build/nrf52840_xxaa/nrf_log_frontend.c.o
                0x0000000000000d68                nrf_log_backend_add
 .text.nrf_log_panic
                0x0000000000000ddc       0x2c _build/nrf52840_xxaa/nrf_log_frontend.c.o
                0x0000000000000ddc                nrf_log_panic
 .text.prefix_process
                0x0000000000000e08       0x80 _build/nrf52840_xxaa/nrf_log_str_formatter.c.o
 .text.nrf_log_std_entry_process
                0x0000000000000e88       0xec _build/nrf52840_xxaa/nrf_log_str_formatter.c.o
                0x0000000000000e88                nrf_log_std_entry_process
 .text.nrf_log_hexdump_entry_process
                0x0000000000000f74       0xfc _build/nrf52840_xxaa/nrf_log_str_formatter.c.o
                0x0000000000000f74                nrf_log_hexdump_entry_process
 .text.pvPortMalloc
                0x0000000000001070       0x58 _build/nrf52840_xxaa/heap_1.c.o
                0x0000000000001070                pvPortMalloc
 .text.vPortFree
                0x00000000000010c8        0x4 _build/nrf52840_xxaa/heap_1.c.o
                0x00000000000010c8                vPortFree
 .text.vListInitialise
                0x00000000000010cc       0x18 _build/nrf52840_xxaa/list.c.o
                0x00000000000010cc                vListInitialise
 .text.vListInitialiseItem
                0x00000000000010e4        0x8 _build/nrf52840_xxaa/list.c.o
                0x00000000000010e4                vListInitialiseItem
 .text.vListInsertEnd
                0x00000000000010ec       0x18 _build/nrf52840_xxaa/list.c.o
                0x00000000000010ec                vListInsertEnd
 .text.vListInsert
                0x0000000000001104       0x34 _build/nrf52840_xxaa/list.c.o
                0x0000000000001104                vListInsert
 .text.uxListRemove
                0x0000000000001138       0x24 _build/nrf52840_xxaa/list.c.o
                0x0000000000001138                uxListRemove
 .text.vPortStartFirstTask
                0x000000000000115c       0x1c _build/nrf52840_xxaa/port.c.o
                0x000000000000115c                vPortStartFirstTask
 .text.SVC_Handler
                0x0000000000001178       0x20 _build/nrf52840_xxaa/port.c.o
                0x0000000000001178                SVC_Handler
 .text.PendSV_Handler
                0x0000000000001198       0x60 _build/nrf52840_xxaa/port.c.o
                0x0000000000001198                PendSV_Handler
 .text.prvTaskExitError
                0x00000000000011f8        0x8 _build/nrf52840_xxaa/port_cmsis.c.o
 .text.pxPortInitialiseStack
                0x0000000000001200       0x2c _build/nrf52840_xxaa/port_cmsis.c.o
                0x0000000000001200                pxPortInitialiseStack
 .text.xPortStartScheduler
                0x000000000000122c       0x4c _build/nrf52840_xxaa/port_cmsis.c.o
                0x000000000000122c                xPortStartScheduler
 .text.vPortEnterCritical
                0x0000000000001278       0x14 _build/nrf52840_xxaa/port_cmsis.c.o
                0x0000000000001278                vPortEnterCritical
 .text.vPortExitCritical
                0x000000000000128c       0x14 _build/nrf52840_xxaa/port_cmsis.c.o
                0x000000000000128c                vPortExitCritical
 .text.RTC1_IRQHandler
                0x00000000000012a0       0x88 _build/nrf52840_xxaa/port_cmsis_systick.c.o
                0x00000000000012a0                RTC1_IRQHandler
 .text.vPortSetupTimerInterrupt
                0x0000000000001328       0x40 _build/nrf52840_xxaa/port_cmsis_systick.c.o
                0x0000000000001328                vPortSetupTimerInterrupt
 .text.vPortSuppressTicksAndSleep
                0x0000000000001368       0xe4 _build/nrf52840_xxaa/port_cmsis_systick.c.o
                0x0000000000001368                vPortSuppressTicksAndSleep
 .text.xQueueGenericCreate
                0x000000000000144c       0x74 _build/nrf52840_xxaa/queue.c.o
                0x000000000000144c                xQueueGenericCreate
 .text.xQueueGenericSend
                0x00000000000014c0      0x3b0 _build/nrf52840_xxaa/queue.c.o
                0x00000000000014c0                xQueueGenericSend
 .text.xQueueReceive
                0x0000000000001870      0x30c _build/nrf52840_xxaa/queue.c.o
                0x0000000000001870                xQueueReceive
 .text.vQueueAddToRegistry
                0x0000000000001b7c       0x24 _build/nrf52840_xxaa/queue.c.o
                0x0000000000001b7c                vQueueAddToRegistry
 .text.vQueueWaitForMessageRestricted
                0x0000000000001ba0       0xd0 _build/nrf52840_xxaa/queue.c.o
                0x0000000000001ba0                vQueueWaitForMessageRestricted
 .text.prvAddCurrentTaskToDelayedList
                0x0000000000001c70       0x8c _build/nrf52840_xxaa/tasks.c.o
 .text.xTaskCreate
                0x0000000000001cfc      0x1d8 _build/nrf52840_xxaa/tasks.c.o
                0x0000000000001cfc                xTaskCreate
 .text.vTaskStartScheduler
                0x0000000000001ed4      0x1c0 _build/nrf52840_xxaa/tasks.c.o
                0x0000000000001ed4                vTaskStartScheduler
 .text.vTaskSuspendAll
                0x0000000000002094       0x10 _build/nrf52840_xxaa/tasks.c.o
                0x0000000000002094                vTaskSuspendAll
 .text.xTaskGetTickCount
                0x00000000000020a4        0xc _build/nrf52840_xxaa/tasks.c.o
                0x00000000000020a4                xTaskGetTickCount
 .text.vTaskStepTick
                0x00000000000020b0       0x10 _build/nrf52840_xxaa/tasks.c.o
                0x00000000000020b0                vTaskStepTick
 .text.xTaskIncrementTick
                0x00000000000020c0      0x128 _build/nrf52840_xxaa/tasks.c.o
                0x00000000000020c0                xTaskIncrementTick
 .text.xTaskResumeAll
                0x00000000000021e8      0x134 _build/nrf52840_xxaa/tasks.c.o
                0x00000000000021e8                xTaskResumeAll
 .text.vTaskDelay
                0x000000000000231c       0x38 _build/nrf52840_xxaa/tasks.c.o
                0x000000000000231c                vTaskDelay
 .text.prvIdleTask
                0x0000000000002354       0xfc _build/nrf52840_xxaa/tasks.c.o
 .text.vTaskSwitchContext
                0x0000000000002450       0x58 _build/nrf52840_xxaa/tasks.c.o
                0x0000000000002450                vTaskSwitchContext
 .text.vTaskPlaceOnEventList
                0x00000000000024a8       0x90 _build/nrf52840_xxaa/tasks.c.o
                0x00000000000024a8                vTaskPlaceOnEventList
 .text.vTaskPlaceOnEventListRestricted
                0x0000000000002538       0xa4 _build/nrf52840_xxaa/tasks.c.o
                0x0000000000002538                vTaskPlaceOnEventListRestricted
 .text.xTaskRemoveFromEventList
                0x00000000000025dc       0xa0 _build/nrf52840_xxaa/tasks.c.o
                0x00000000000025dc                xTaskRemoveFromEventList
 .text.vTaskInternalSetTimeOutState
                0x000000000000267c       0x18 _build/nrf52840_xxaa/tasks.c.o
                0x000000000000267c                vTaskInternalSetTimeOutState
 .text.xTaskCheckForTimeOut
                0x0000000000002694       0x74 _build/nrf52840_xxaa/tasks.c.o
                0x0000000000002694                xTaskCheckForTimeOut
 .text.vTaskMissedYield
                0x0000000000002708        0xc _build/nrf52840_xxaa/tasks.c.o
                0x0000000000002708                vTaskMissedYield
 .text.eTaskConfirmSleepModeStatus
                0x0000000000002714       0x38 _build/nrf52840_xxaa/tasks.c.o
                0x0000000000002714                eTaskConfirmSleepModeStatus
 .text.xTaskGetSchedulerState
                0x000000000000274c       0x20 _build/nrf52840_xxaa/tasks.c.o
                0x000000000000274c                xTaskGetSchedulerState
 .text.xTaskPriorityDisinherit
                0x000000000000276c       0x84 _build/nrf52840_xxaa/tasks.c.o
                0x000000000000276c                xTaskPriorityDisinherit
 .text.prvSwitchTimerLists
                0x00000000000027f0       0x88 _build/nrf52840_xxaa/timers.c.o
 .text.prvTimerTask
                0x0000000000002878      0x234 _build/nrf52840_xxaa/timers.c.o
 .text.xTimerCreateTimerTask
                0x0000000000002aac       0x84 _build/nrf52840_xxaa/timers.c.o
                0x0000000000002aac                xTimerCreateTimerTask
 .text.app_error_handler_bare
                0x0000000000002b30       0x20 _build/nrf52840_xxaa/app_error.c.o
                0x0000000000002b30                app_error_handler_bare
 .text.app_error_fault_handler
                0x0000000000002b50       0x70 _build/nrf52840_xxaa/app_error_weak.c.o
                0x0000000000002b50                app_error_fault_handler
 .text.app_util_critical_region_enter
                0x0000000000002bc0       0x10 _build/nrf52840_xxaa/app_util_platform.c.o
                0x0000000000002bc0                app_util_critical_region_enter
 .text.app_util_critical_region_exit
                0x0000000000002bd0       0x14 _build/nrf52840_xxaa/app_util_platform.c.o
                0x0000000000002bd0                app_util_critical_region_exit
 .text.nrf_atomic_u32_fetch_store
                0x0000000000002be4       0x14 _build/nrf52840_xxaa/nrf_atomic.c.o
                0x0000000000002be4                nrf_atomic_u32_fetch_store
 .text.nrf_atomic_u32_add
                0x0000000000002bf8       0x18 _build/nrf52840_xxaa/nrf_atomic.c.o
                0x0000000000002bf8                nrf_atomic_u32_add
 .text.nrf_atomic_u32_sub
                0x0000000000002c10       0x18 _build/nrf52840_xxaa/nrf_atomic.c.o
                0x0000000000002c10                nrf_atomic_u32_sub
 .text.nrf_atomic_flag_set
                0x0000000000002c28       0x18 _build/nrf52840_xxaa/nrf_atomic.c.o
                0x0000000000002c28                nrf_atomic_flag_set
 .text.nrf_atomic_flag_clear_fetch
                0x0000000000002c40       0x18 _build/nrf52840_xxaa/nrf_atomic.c.o
                0x0000000000002c40                nrf_atomic_flag_clear_fetch
 .text.nrf_balloc_init
                0x0000000000002c58       0x38 _build/nrf52840_xxaa/nrf_balloc.c.o
                0x0000000000002c58                nrf_balloc_init
 .text.nrf_balloc_alloc
                0x0000000000002c90       0x4c _build/nrf52840_xxaa/nrf_balloc.c.o
                0x0000000000002c90                nrf_balloc_alloc
 .text.nrf_balloc_free
                0x0000000000002cdc       0x2c _build/nrf52840_xxaa/nrf_balloc.c.o
                0x0000000000002cdc                nrf_balloc_free
 .text.nrf_fprintf_buffer_flush
                0x0000000000002d08       0x18 _build/nrf52840_xxaa/nrf_fprintf.c.o
                0x0000000000002d08                nrf_fprintf_buffer_flush
 .text.nrf_fprintf
                0x0000000000002d20       0x20 _build/nrf52840_xxaa/nrf_fprintf.c.o
                0x0000000000002d20                nrf_fprintf
 .text.unsigned_print
                0x0000000000002d40      0x158 _build/nrf52840_xxaa/nrf_fprintf_format.c.o
 .text.nrf_fprintf_fmt
                0x0000000000002e98      0x73c _build/nrf52840_xxaa/nrf_fprintf_format.c.o
                0x0000000000002e98                nrf_fprintf_fmt
 .text.nrf_memobj_pool_init
                0x00000000000035d4        0x4 _build/nrf52840_xxaa/nrf_memobj.c.o
                0x00000000000035d4                nrf_memobj_pool_init
 .text.nrf_memobj_alloc
                0x00000000000035d8       0x98 _build/nrf52840_xxaa/nrf_memobj.c.o
                0x00000000000035d8                nrf_memobj_alloc
 .text.nrf_memobj_get
                0x0000000000003670        0x8 _build/nrf52840_xxaa/nrf_memobj.c.o
                0x0000000000003670                nrf_memobj_get
 .text.nrf_memobj_put
                0x0000000000003678       0x58 _build/nrf52840_xxaa/nrf_memobj.c.o
                0x0000000000003678                nrf_memobj_put
 .text.nrf_memobj_write
                0x00000000000036d0       0x68 _build/nrf52840_xxaa/nrf_memobj.c.o
                0x00000000000036d0                nrf_memobj_write
 .text.nrf_memobj_read
                0x0000000000003738       0x68 _build/nrf52840_xxaa/nrf_memobj.c.o
                0x0000000000003738                nrf_memobj_read
 .text.nrf_ringbuf_init
                0x00000000000037a0       0x1c _build/nrf52840_xxaa/nrf_ringbuf.c.o
                0x00000000000037a0                nrf_ringbuf_init
 .text.clock_irq_handler
                0x00000000000037bc       0x44 _build/nrf52840_xxaa/nrf_drv_clock.c.o
 .text.nrf_drv_clock_init
                0x0000000000003800       0x34 _build/nrf52840_xxaa/nrf_drv_clock.c.o
                0x0000000000003800                nrf_drv_clock_init
 .text.nrf_drv_clock_lfclk_request
                0x0000000000003834       0x5c _build/nrf52840_xxaa/nrf_drv_clock.c.o
                0x0000000000003834                nrf_drv_clock_lfclk_request
 .text.nrfx_clock_init
                0x0000000000003890       0x18 _build/nrf52840_xxaa/nrfx_clock.c.o
                0x0000000000003890                nrfx_clock_init
 .text.nrfx_clock_enable
                0x00000000000038a8       0x24 _build/nrf52840_xxaa/nrfx_clock.c.o
                0x00000000000038a8                nrfx_clock_enable
 .text.nrfx_clock_lfclk_start
                0x00000000000038cc       0x30 _build/nrf52840_xxaa/nrfx_clock.c.o
                0x00000000000038cc                nrfx_clock_lfclk_start
 .text.POWER_CLOCK_IRQHandler
                0x00000000000038fc       0x64 _build/nrf52840_xxaa/nrfx_clock.c.o
                0x00000000000038fc                POWER_CLOCK_IRQHandler
 .text.GPIOTE_IRQHandler
                0x0000000000003960      0x59c _build/nrf52840_xxaa/nrfx_gpiote.c.o
                0x0000000000003960                GPIOTE_IRQHandler
 .text.vTask1   0x0000000000003efc       0xec _build/nrf52840_xxaa/main.c.o
 .text.startup.main
                0x0000000000003fe8       0x78 _build/nrf52840_xxaa/main.c.o
                0x0000000000003fe8                main
 .text.SystemInit
                0x0000000000004060      0x1c4 _build/nrf52840_xxaa/system_nrf52840.c.o
                0x0000000000004060                SystemInit
 .text.uarte_evt_handler
                0x0000000000004224       0x34 _build/nrf52840_xxaa/nrf_drv_uart.c.o
 .text.uart_evt_handler
                0x0000000000004258       0x34 _build/nrf52840_xxaa/nrf_drv_uart.c.o
 .text.nrf_drv_uart_init
                0x000000000000428c       0x88 _build/nrf52840_xxaa/nrf_drv_uart.c.o
                0x000000000000428c                nrf_drv_uart_init
 .text.nrfx_uart_0_irq_handler
                0x0000000000004314      0x1c0 _build/nrf52840_xxaa/nrfx_uart.c.o
                0x0000000000004314                nrfx_uart_0_irq_handler
 .text.nrfx_uart_init
                0x00000000000044d4      0x1e0 _build/nrf52840_xxaa/nrfx_uart.c.o
                0x00000000000044d4                nrfx_uart_init
 .text.nrfx_uart_uninit
                0x00000000000046b4       0xfc _build/nrf52840_xxaa/nrfx_uart.c.o
                0x00000000000046b4                nrfx_uart_uninit
 .text.nrfx_uart_tx
                0x00000000000047b0       0xcc _build/nrf52840_xxaa/nrfx_uart.c.o
                0x00000000000047b0                nrfx_uart_tx
 .text.nrfx_uarte_0_irq_handler
                0x000000000000487c      0x124 _build/nrf52840_xxaa/nrfx_uarte.c.o
                0x000000000000487c                nrfx_uarte_0_irq_handler
 .text.nrfx_uarte_init
                0x00000000000049a0      0x204 _build/nrf52840_xxaa/nrfx_uarte.c.o
                0x00000000000049a0                nrfx_uarte_init
 .text.nrfx_uarte_uninit
                0x0000000000004ba4      0x100 _build/nrf52840_xxaa/nrfx_uarte.c.o
                0x0000000000004ba4                nrfx_uarte_uninit
 .text.nrfx_uarte_tx
                0x0000000000004ca4       0xa4 _build/nrf52840_xxaa/nrfx_uarte.c.o
                0x0000000000004ca4                nrfx_uarte_tx
 .text.UARTE0_UART0_IRQHandler
                0x0000000000004d48        0xc _build/nrf52840_xxaa/nrfx_prs.c.o
                0x0000000000004d48                UARTE0_UART0_IRQHandler
 .text.nrfx_prs_acquire
                0x0000000000004d54       0x3c _build/nrf52840_xxaa/nrfx_prs.c.o
                0x0000000000004d54                nrfx_prs_acquire
 .text.nrfx_prs_release
                0x0000000000004d90       0x18 _build/nrf52840_xxaa/nrfx_prs.c.o
                0x0000000000004d90                nrfx_prs_release
 .text.circular_buf_allocate_mem
                0x0000000000004da8        0xc _build/nrf52840_xxaa/gps_buffer.c.o
                0x0000000000004da8                circular_buf_allocate_mem
 .text.circular_buf_init
                0x0000000000004db4       0x48 _build/nrf52840_xxaa/gps_buffer.c.o
                0x0000000000004db4                circular_buf_init
 .text.circular_buf_size
                0x0000000000004dfc       0x34 _build/nrf52840_xxaa/gps_buffer.c.o
                0x0000000000004dfc                circular_buf_size
 .text.circular_buf_put
                0x0000000000004e30       0x90 _build/nrf52840_xxaa/gps_buffer.c.o
                0x0000000000004e30                circular_buf_put
 .text.circular_buf_empty
                0x0000000000004ec0       0x34 _build/nrf52840_xxaa/gps_buffer.c.o
                0x0000000000004ec0                circular_buf_empty
 .text.circular_buf_full
                0x0000000000004ef4       0x20 _build/nrf52840_xxaa/gps_buffer.c.o
                0x0000000000004ef4                circular_buf_full
 .text.__assert_func
                0x0000000000004f14       0x3c /opt/gcc-arm-none-eabi-8-2018-q4-major/bin/../lib/gcc/arm-none-eabi/8.2.1/../../../../arm-none-eabi/lib/thumb/v7e-m+fp/hard/libc_nano.a(lib_a-assert.o)
                0x0000000000004f14                __assert_func
 .text.exit     0x0000000000004f50       0x28 /opt/gcc-arm-none-eabi-8-2018-q4-major/bin/../lib/gcc/arm-none-eabi/8.2.1/../../../../arm-none-eabi/lib/thumb/v7e-m+fp/hard/libc_nano.a(lib_a-exit.o)
                0x0000000000004f50                exit
 .text.fprintf  0x0000000000004f78       0x24 /opt/gcc-arm-none-eabi-8-2018-q4-major/bin/../lib/gcc/arm-none-eabi/8.2.1/../../../../arm-none-eabi/lib/thumb/v7e-m+fp/hard/libc_nano.a(lib_a-fprintf.o)
                0x0000000000004f78                fprintf
                0x0000000000004f78                fiprintf
 .text.__libc_init_array
                0x0000000000004f9c       0x48 /opt/gcc-arm-none-eabi-8-2018-q4-major/bin/../lib/gcc/arm-none-eabi/8.2.1/../../../../arm-none-eabi/lib/thumb/v7e-m+fp/hard/libc_nano.a(lib_a-init.o)
                0x0000000000004f9c                __libc_init_array
 .text.malloc   0x0000000000004fe4       0x10 /opt/gcc-arm-none-eabi-8-2018-q4-major/bin/../lib/gcc/arm-none-eabi/8.2.1/../../../../arm-none-eabi/lib/thumb/v7e-m+fp/hard/libc_nano.a(lib_a-malloc.o)
                0x0000000000004fe4                malloc
 .text.memcpy   0x0000000000004ff4       0x1c /opt/gcc-arm-none-eabi-8-2018-q4-major/bin/../lib/gcc/arm-none-eabi/8.2.1/../../../../arm-none-eabi/lib/thumb/v7e-m+fp/hard/libc_nano.a(lib_a-memcpy-stub.o)
                0x0000000000004ff4                memcpy
 .text.memset   0x0000000000005010       0x10 /opt/gcc-arm-none-eabi-8-2018-q4-major/bin/../lib/gcc/arm-none-eabi/8.2.1/../../../../arm-none-eabi/lib/thumb/v7e-m+fp/hard/libc_nano.a(lib_a-memset.o)
                0x0000000000005010                memset
 .text._free_r  0x0000000000005020       0x9c /opt/gcc-arm-none-eabi-8-2018-q4-major/bin/../lib/gcc/arm-none-eabi/8.2.1/../../../../arm-none-eabi/lib/thumb/v7e-m+fp/hard/libc_nano.a(lib_a-nano-freer.o)
                0x0000000000005020                _free_r
 .text._malloc_r
                0x00000000000050bc       0xb4 /opt/gcc-arm-none-eabi-8-2018-q4-major/bin/../lib/gcc/arm-none-eabi/8.2.1/../../../../arm-none-eabi/lib/thumb/v7e-m+fp/hard/libc_nano.a(lib_a-nano-mallocr.o)
                0x00000000000050bc                _malloc_r
 .text.__sfputc_r
                0x0000000000005170       0x2e /opt/gcc-arm-none-eabi-8-2018-q4-major/bin/../lib/gcc/arm-none-eabi/8.2.1/../../../../arm-none-eabi/lib/thumb/v7e-m+fp/hard/libc_nano.a(lib_a-nano-vfprintf.o)
 .text.__sfputs_r
                0x000000000000519e       0x24 /opt/gcc-arm-none-eabi-8-2018-q4-major/bin/../lib/gcc/arm-none-eabi/8.2.1/../../../../arm-none-eabi/lib/thumb/v7e-m+fp/hard/libc_nano.a(lib_a-nano-vfprintf.o)
                0x000000000000519e                __sfputs_r
 *fill*         0x00000000000051c2        0x2 
 .text._vfprintf_r
                0x00000000000051c4      0x250 /opt/gcc-arm-none-eabi-8-2018-q4-major/bin/../lib/gcc/arm-none-eabi/8.2.1/../../../../arm-none-eabi/lib/thumb/v7e-m+fp/hard/libc_nano.a(lib_a-nano-vfprintf.o)
                0x00000000000051c4                _vfiprintf_r
                0x00000000000051c4                _vfprintf_r
 .text._printf_common
                0x0000000000005414       0xea /opt/gcc-arm-none-eabi-8-2018-q4-major/bin/../lib/gcc/arm-none-eabi/8.2.1/../../../../arm-none-eabi/lib/thumb/v7e-m+fp/hard/libc_nano.a(lib_a-nano-vfprintf_i.o)
                0x0000000000005414                _printf_common
 *fill*         0x00000000000054fe        0x2 
 .text._printf_i
                0x0000000000005500      0x228 /opt/gcc-arm-none-eabi-8-2018-q4-major/bin/../lib/gcc/arm-none-eabi/8.2.1/../../../../arm-none-eabi/lib/thumb/v7e-m+fp/hard/libc_nano.a(lib_a-nano-vfprintf_i.o)
                0x0000000000005500                _printf_i
 .text._sbrk_r  0x0000000000005728       0x20 /opt/gcc-arm-none-eabi-8-2018-q4-major/bin/../lib/gcc/arm-none-eabi/8.2.1/../../../../arm-none-eabi/lib/thumb/v7e-m+fp/hard/libc_nano.a(lib_a-sbrkr.o)
                0x0000000000005728                _sbrk_r
 .text.snprintf
                0x0000000000005748       0x68 /opt/gcc-arm-none-eabi-8-2018-q4-major/bin/../lib/gcc/arm-none-eabi/8.2.1/../../../../arm-none-eabi/lib/thumb/v7e-m+fp/hard/libc_nano.a(lib_a-snprintf.o)
                0x0000000000005748                snprintf
                0x0000000000005748                sniprintf
 .text          0x00000000000057b0       0x10 /opt/gcc-arm-none-eabi-8-2018-q4-major/bin/../lib/gcc/arm-none-eabi/8.2.1/../../../../arm-none-eabi/lib/thumb/v7e-m+fp/hard/libc_nano.a(lib_a-strlen.o)
                0x00000000000057b0                strlen
 .text.__swbuf_r
                0x00000000000057c0       0xa4 /opt/gcc-arm-none-eabi-8-2018-q4-major/bin/../lib/gcc/arm-none-eabi/8.2.1/../../../../arm-none-eabi/lib/thumb/v7e-m+fp/hard/libc_nano.a(lib_a-wbuf.o)
                0x00000000000057c0                __swbuf_r
 .text.__swsetup_r
                0x0000000000005864       0xdc /opt/gcc-arm-none-eabi-8-2018-q4-major/bin/../lib/gcc/arm-none-eabi/8.2.1/../../../../arm-none-eabi/lib/thumb/v7e-m+fp/hard/libc_nano.a(lib_a-wsetup.o)
                0x0000000000005864                __swsetup_r
 .text.abort    0x0000000000005940        0xe /opt/gcc-arm-none-eabi-8-2018-q4-major/bin/../lib/gcc/arm-none-eabi/8.2.1/../../../../arm-none-eabi/lib/thumb/v7e-m+fp/hard/libc_nano.a(lib_a-abort.o)
                0x0000000000005940                abort
 *fill*         0x000000000000594e        0x2 
 .text.__sflush_r
                0x0000000000005950      0x10c /opt/gcc-arm-none-eabi-8-2018-q4-major/bin/../lib/gcc/arm-none-eabi/8.2.1/../../../../arm-none-eabi/lib/thumb/v7e-m+fp/hard/libc_nano.a(lib_a-fflush.o)
                0x0000000000005950                __sflush_r
 .text._fflush_r
                0x0000000000005a5c       0x78 /opt/gcc-arm-none-eabi-8-2018-q4-major/bin/../lib/gcc/arm-none-eabi/8.2.1/../../../../arm-none-eabi/lib/thumb/v7e-m+fp/hard/libc_nano.a(lib_a-fflush.o)
                0x0000000000005a5c                _fflush_r
 .text.std      0x0000000000005ad4       0x48 /opt/gcc-arm-none-eabi-8-2018-q4-major/bin/../lib/gcc/arm-none-eabi/8.2.1/../../../../arm-none-eabi/lib/thumb/v7e-m+fp/hard/libc_nano.a(lib_a-findfp.o)
 .text._cleanup_r
                0x0000000000005b1c        0xc /opt/gcc-arm-none-eabi-8-2018-q4-major/bin/../lib/gcc/arm-none-eabi/8.2.1/../../../../arm-none-eabi/lib/thumb/v7e-m+fp/hard/libc_nano.a(lib_a-findfp.o)
                0x0000000000005b1c                _cleanup_r
 .text.__sfmoreglue
                0x0000000000005b28       0x2c /opt/gcc-arm-none-eabi-8-2018-q4-major/bin/../lib/gcc/arm-none-eabi/8.2.1/../../../../arm-none-eabi/lib/thumb/v7e-m+fp/hard/libc_nano.a(lib_a-findfp.o)
                0x0000000000005b28                __sfmoreglue
 .text.__sfp_lock_acquire
                0x0000000000005b54        0xc /opt/gcc-arm-none-eabi-8-2018-q4-major/bin/../lib/gcc/arm-none-eabi/8.2.1/../../../../arm-none-eabi/lib/thumb/v7e-m+fp/hard/libc_nano.a(lib_a-findfp.o)
                0x0000000000005b54                __sfp_lock_acquire
 .text.__sfp_lock_release
                0x0000000000005b60        0xc /opt/gcc-arm-none-eabi-8-2018-q4-major/bin/../lib/gcc/arm-none-eabi/8.2.1/../../../../arm-none-eabi/lib/thumb/v7e-m+fp/hard/libc_nano.a(lib_a-findfp.o)
                0x0000000000005b60                __sfp_lock_release
 .text.__sinit_lock_acquire
                0x0000000000005b6c        0xc /opt/gcc-arm-none-eabi-8-2018-q4-major/bin/../lib/gcc/arm-none-eabi/8.2.1/../../../../arm-none-eabi/lib/thumb/v7e-m+fp/hard/libc_nano.a(lib_a-findfp.o)
                0x0000000000005b6c                __sinit_lock_acquire
 .text.__sinit_lock_release
                0x0000000000005b78        0xc /opt/gcc-arm-none-eabi-8-2018-q4-major/bin/../lib/gcc/arm-none-eabi/8.2.1/../../../../arm-none-eabi/lib/thumb/v7e-m+fp/hard/libc_nano.a(lib_a-findfp.o)
                0x0000000000005b78                __sinit_lock_release
 .text.__sinit  0x0000000000005b84       0x70 /opt/gcc-arm-none-eabi-8-2018-q4-major/bin/../lib/gcc/arm-none-eabi/8.2.1/../../../../arm-none-eabi/lib/thumb/v7e-m+fp/hard/libc_nano.a(lib_a-findfp.o)
                0x0000000000005b84                __sinit
 .text.__sfp    0x0000000000005bf4       0x8c /opt/gcc-arm-none-eabi-8-2018-q4-major/bin/../lib/gcc/arm-none-eabi/8.2.1/../../../../arm-none-eabi/lib/thumb/v7e-m+fp/hard/libc_nano.a(lib_a-findfp.o)
                0x0000000000005bf4                __sfp
 .text._fwalk_reent
                0x0000000000005c80       0x3c /opt/gcc-arm-none-eabi-8-2018-q4-major/bin/../lib/gcc/arm-none-eabi/8.2.1/../../../../arm-none-eabi/lib/thumb/v7e-m+fp/hard/libc_nano.a(lib_a-fwalk.o)
                0x0000000000005c80                _fwalk_reent
 .text.__retarget_lock_init_recursive
                0x0000000000005cbc        0x2 /opt/gcc-arm-none-eabi-8-2018-q4-major/bin/../lib/gcc/arm-none-eabi/8.2.1/../../../../arm-none-eabi/lib/thumb/v7e-m+fp/hard/libc_nano.a(lib_a-lock.o)
                0x0000000000005cbc                __retarget_lock_init_recursive
 .text.__retarget_lock_acquire_recursive
                0x0000000000005cbe        0x2 /opt/gcc-arm-none-eabi-8-2018-q4-major/bin/../lib/gcc/arm-none-eabi/8.2.1/../../../../arm-none-eabi/lib/thumb/v7e-m+fp/hard/libc_nano.a(lib_a-lock.o)
                0x0000000000005cbe                __retarget_lock_acquire_recursive
 .text.__retarget_lock_release_recursive
                0x0000000000005cc0        0x2 /opt/gcc-arm-none-eabi-8-2018-q4-major/bin/../lib/gcc/arm-none-eabi/8.2.1/../../../../arm-none-eabi/lib/thumb/v7e-m+fp/hard/libc_nano.a(lib_a-lock.o)
                0x0000000000005cc0                __retarget_lock_release_recursive
 .text.__swhatbuf_r
                0x0000000000005cc2       0x48 /opt/gcc-arm-none-eabi-8-2018-q4-major/bin/../lib/gcc/arm-none-eabi/8.2.1/../../../../arm-none-eabi/lib/thumb/v7e-m+fp/hard/libc_nano.a(lib_a-makebuf.o)
                0x0000000000005cc2                __swhatbuf_r
 *fill*         0x0000000000005d0a        0x2 
 .text.__smakebuf_r
                0x0000000000005d0c       0x80 /opt/gcc-arm-none-eabi-8-2018-q4-major/bin/../lib/gcc/arm-none-eabi/8.2.1/../../../../arm-none-eabi/lib/thumb/v7e-m+fp/hard/libc_nano.a(lib_a-makebuf.o)
                0x0000000000005d0c                __smakebuf_r
 *fill*         0x0000000000005d8c        0x4 
 .text          0x0000000000005d90       0xa0 /opt/gcc-arm-none-eabi-8-2018-q4-major/bin/../lib/gcc/arm-none-eabi/8.2.1/../../../../arm-none-eabi/lib/thumb/v7e-m+fp/hard/libc_nano.a(lib_a-memchr.o)
                0x0000000000005d90                memchr
 .text.memmove  0x0000000000005e30       0x34 /opt/gcc-arm-none-eabi-8-2018-q4-major/bin/../lib/gcc/arm-none-eabi/8.2.1/../../../../arm-none-eabi/lib/thumb/v7e-m+fp/hard/libc_nano.a(lib_a-memmove.o)
                0x0000000000005e30                memmove
 .text.__malloc_lock
                0x0000000000005e64        0xc /opt/gcc-arm-none-eabi-8-2018-q4-major/bin/../lib/gcc/arm-none-eabi/8.2.1/../../../../arm-none-eabi/lib/thumb/v7e-m+fp/hard/libc_nano.a(lib_a-mlock.o)
                0x0000000000005e64                __malloc_lock
 .text.__malloc_unlock
                0x0000000000005e70        0xc /opt/gcc-arm-none-eabi-8-2018-q4-major/bin/../lib/gcc/arm-none-eabi/8.2.1/../../../../arm-none-eabi/lib/thumb/v7e-m+fp/hard/libc_nano.a(lib_a-mlock.o)
                0x0000000000005e70                __malloc_unlock
 .text._realloc_r
                0x0000000000005e7c       0x4c /opt/gcc-arm-none-eabi-8-2018-q4-major/bin/../lib/gcc/arm-none-eabi/8.2.1/../../../../arm-none-eabi/lib/thumb/v7e-m+fp/hard/libc_nano.a(lib_a-nano-reallocr.o)
                0x0000000000005e7c                _realloc_r
 .text.__ssputs_r
                0x0000000000005ec8       0xb6 /opt/gcc-arm-none-eabi-8-2018-q4-major/bin/../lib/gcc/arm-none-eabi/8.2.1/../../../../arm-none-eabi/lib/thumb/v7e-m+fp/hard/libc_nano.a(lib_a-nano-svfprintf.o)
                0x0000000000005ec8                __ssputs_r
 *fill*         0x0000000000005f7e        0x2 
 .text._svfprintf_r
                0x0000000000005f80      0x1f0 /opt/gcc-arm-none-eabi-8-2018-q4-major/bin/../lib/gcc/arm-none-eabi/8.2.1/../../../../arm-none-eabi/lib/thumb/v7e-m+fp/hard/libc_nano.a(lib_a-nano-svfprintf.o)
                0x0000000000005f80                _svfprintf_r
                0x0000000000005f80                _svfiprintf_r
 .text._raise_r
                0x0000000000006170       0x50 /opt/gcc-arm-none-eabi-8-2018-q4-major/bin/../lib/gcc/arm-none-eabi/8.2.1/../../../../arm-none-eabi/lib/thumb/v7e-m+fp/hard/libc_nano.a(lib_a-signal.o)
                0x0000000000006170                _raise_r
 .text.raise    0x00000000000061c0       0x10 /opt/gcc-arm-none-eabi-8-2018-q4-major/bin/../lib/gcc/arm-none-eabi/8.2.1/../../../../arm-none-eabi/lib/thumb/v7e-m+fp/hard/libc_nano.a(lib_a-signal.o)
                0x00000000000061c0                raise
 .text._kill_r  0x00000000000061d0       0x24 /opt/gcc-arm-none-eabi-8-2018-q4-major/bin/../lib/gcc/arm-none-eabi/8.2.1/../../../../arm-none-eabi/lib/thumb/v7e-m+fp/hard/libc_nano.a(lib_a-signalr.o)
                0x00000000000061d0                _kill_r
 .text._getpid_r
                0x00000000000061f4        0x4 /opt/gcc-arm-none-eabi-8-2018-q4-major/bin/../lib/gcc/arm-none-eabi/8.2.1/../../../../arm-none-eabi/lib/thumb/v7e-m+fp/hard/libc_nano.a(lib_a-signalr.o)
                0x00000000000061f4                _getpid_r
 .text.__sread  0x00000000000061f8       0x22 /opt/gcc-arm-none-eabi-8-2018-q4-major/bin/../lib/gcc/arm-none-eabi/8.2.1/../../../../arm-none-eabi/lib/thumb/v7e-m+fp/hard/libc_nano.a(lib_a-stdio.o)
                0x00000000000061f8                __sread
 .text.__swrite
                0x000000000000621a       0x38 /opt/gcc-arm-none-eabi-8-2018-q4-major/bin/../lib/gcc/arm-none-eabi/8.2.1/../../../../arm-none-eabi/lib/thumb/v7e-m+fp/hard/libc_nano.a(lib_a-stdio.o)
                0x000000000000621a                __swrite
 .text.__sseek  0x0000000000006252       0x24 /opt/gcc-arm-none-eabi-8-2018-q4-major/bin/../lib/gcc/arm-none-eabi/8.2.1/../../../../arm-none-eabi/lib/thumb/v7e-m+fp/hard/libc_nano.a(lib_a-stdio.o)
                0x0000000000006252                __sseek
 .text.__sclose
                0x0000000000006276        0x8 /opt/gcc-arm-none-eabi-8-2018-q4-major/bin/../lib/gcc/arm-none-eabi/8.2.1/../../../../arm-none-eabi/lib/thumb/v7e-m+fp/hard/libc_nano.a(lib_a-stdio.o)
                0x0000000000006276                __sclose
 *fill*         0x000000000000627e        0x2 
 .text._write_r
                0x0000000000006280       0x24 /opt/gcc-arm-none-eabi-8-2018-q4-major/bin/../lib/gcc/arm-none-eabi/8.2.1/../../../../arm-none-eabi/lib/thumb/v7e-m+fp/hard/libc_nano.a(lib_a-writer.o)
                0x0000000000006280                _write_r
 .text._close_r
                0x00000000000062a4       0x20 /opt/gcc-arm-none-eabi-8-2018-q4-major/bin/../lib/gcc/arm-none-eabi/8.2.1/../../../../arm-none-eabi/lib/thumb/v7e-m+fp/hard/libc_nano.a(lib_a-closer.o)
                0x00000000000062a4                _close_r
 .text._fstat_r
                0x00000000000062c4       0x24 /opt/gcc-arm-none-eabi-8-2018-q4-major/bin/../lib/gcc/arm-none-eabi/8.2.1/../../../../arm-none-eabi/lib/thumb/v7e-m+fp/hard/libc_nano.a(lib_a-fstatr.o)
                0x00000000000062c4                _fstat_r
 .text._isatty_r
                0x00000000000062e8       0x20 /opt/gcc-arm-none-eabi-8-2018-q4-major/bin/../lib/gcc/arm-none-eabi/8.2.1/../../../../arm-none-eabi/lib/thumb/v7e-m+fp/hard/libc_nano.a(lib_a-isattyr.o)
                0x00000000000062e8                _isatty_r
 .text._lseek_r
                0x0000000000006308       0x24 /opt/gcc-arm-none-eabi-8-2018-q4-major/bin/../lib/gcc/arm-none-eabi/8.2.1/../../../../arm-none-eabi/lib/thumb/v7e-m+fp/hard/libc_nano.a(lib_a-lseekr.o)
                0x0000000000006308                _lseek_r
 .text._malloc_usable_size_r
                0x000000000000632c       0x10 /opt/gcc-arm-none-eabi-8-2018-q4-major/bin/../lib/gcc/arm-none-eabi/8.2.1/../../../../arm-none-eabi/lib/thumb/v7e-m+fp/hard/libc_nano.a(lib_a-nano-msizer.o)
                0x000000000000632c                _malloc_usable_size_r
 .text._read_r  0x000000000000633c       0x24 /opt/gcc-arm-none-eabi-8-2018-q4-major/bin/../lib/gcc/arm-none-eabi/8.2.1/../../../../arm-none-eabi/lib/thumb/v7e-m+fp/hard/libc_nano.a(lib_a-readr.o)
                0x000000000000633c                _read_r
 .text._close   0x0000000000006360       0x10 /opt/gcc-arm-none-eabi-8-2018-q4-major/bin/../lib/gcc/arm-none-eabi/8.2.1/../../../../arm-none-eabi/lib/thumb/v7e-m+fp/hard/libnosys.a(close.o)
                0x0000000000006360                _close
 .text._fstat   0x0000000000006370       0x10 /opt/gcc-arm-none-eabi-8-2018-q4-major/bin/../lib/gcc/arm-none-eabi/8.2.1/../../../../arm-none-eabi/lib/thumb/v7e-m+fp/hard/libnosys.a(fstat.o)
                0x0000000000006370                _fstat
 .text._getpid  0x0000000000006380       0x10 /opt/gcc-arm-none-eabi-8-2018-q4-major/bin/../lib/gcc/arm-none-eabi/8.2.1/../../../../arm-none-eabi/lib/thumb/v7e-m+fp/hard/libnosys.a(getpid.o)
                0x0000000000006380                _getpid
 .text._isatty  0x0000000000006390       0x10 /opt/gcc-arm-none-eabi-8-2018-q4-major/bin/../lib/gcc/arm-none-eabi/8.2.1/../../../../arm-none-eabi/lib/thumb/v7e-m+fp/hard/libnosys.a(isatty.o)
                0x0000000000006390                _isatty
 .text._kill    0x00000000000063a0       0x10 /opt/gcc-arm-none-eabi-8-2018-q4-major/bin/../lib/gcc/arm-none-eabi/8.2.1/../../../../arm-none-eabi/lib/thumb/v7e-m+fp/hard/libnosys.a(kill.o)
                0x00000000000063a0                _kill
 .text._lseek   0x00000000000063b0       0x10 /opt/gcc-arm-none-eabi-8-2018-q4-major/bin/../lib/gcc/arm-none-eabi/8.2.1/../../../../arm-none-eabi/lib/thumb/v7e-m+fp/hard/libnosys.a(lseek.o)
                0x00000000000063b0                _lseek
 .text._read    0x00000000000063c0       0x10 /opt/gcc-arm-none-eabi-8-2018-q4-major/bin/../lib/gcc/arm-none-eabi/8.2.1/../../../../arm-none-eabi/lib/thumb/v7e-m+fp/hard/libnosys.a(read.o)
                0x00000000000063c0                _read
 .text._sbrk    0x00000000000063d0       0x1c /opt/gcc-arm-none-eabi-8-2018-q4-major/bin/../lib/gcc/arm-none-eabi/8.2.1/../../../../arm-none-eabi/lib/thumb/v7e-m+fp/hard/libnosys.a(sbrk.o)
                0x00000000000063d0                _sbrk
 .text._write   0x00000000000063ec       0x10 /opt/gcc-arm-none-eabi-8-2018-q4-major/bin/../lib/gcc/arm-none-eabi/8.2.1/../../../../arm-none-eabi/lib/thumb/v7e-m+fp/hard/libnosys.a(write.o)
                0x00000000000063ec                _write
 .text._exit    0x00000000000063fc        0x4 /opt/gcc-arm-none-eabi-8-2018-q4-major/bin/../lib/gcc/arm-none-eabi/8.2.1/../../../../arm-none-eabi/lib/thumb/v7e-m+fp/hard/libnosys.a(_exit.o)
                0x00000000000063fc                _exit
 *(.init)
 .init          0x0000000000006400        0x4 /opt/gcc-arm-none-eabi-8-2018-q4-major/bin/../lib/gcc/arm-none-eabi/8.2.1/thumb/v7e-m+fp/hard/crti.o
                0x0000000000006400                _init
 .init          0x0000000000006404        0x8 /opt/gcc-arm-none-eabi-8-2018-q4-major/bin/../lib/gcc/arm-none-eabi/8.2.1/thumb/v7e-m+fp/hard/crtn.o
 *(.fini)
 .fini          0x000000000000640c        0x4 /opt/gcc-arm-none-eabi-8-2018-q4-major/bin/../lib/gcc/arm-none-eabi/8.2.1/thumb/v7e-m+fp/hard/crti.o
                0x000000000000640c                _fini
 .fini          0x0000000000006410        0x8 /opt/gcc-arm-none-eabi-8-2018-q4-major/bin/../lib/gcc/arm-none-eabi/8.2.1/thumb/v7e-m+fp/hard/crtn.o
 *crtbegin.o(.ctors)
 *crtbegin?.o(.ctors)
 *(EXCLUDE_FILE(*crtend.o *crtend?.o) .ctors)
 *(SORT_BY_NAME(.ctors.*))
 *(.ctors)
 *crtbegin.o(.dtors)
 *crtbegin?.o(.dtors)
 *(EXCLUDE_FILE(*crtend.o *crtend?.o) .dtors)
 *(SORT_BY_NAME(.dtors.*))
 *(.dtors)
 *(.rodata*)
 .rodata        0x0000000000006418       0x20 _build/nrf52840_xxaa/nrf_log_backend_uart.c.o
 .rodata.nrf_log_backend_uart_api
                0x0000000000006438        0xc _build/nrf52840_xxaa/nrf_log_backend_uart.c.o
                0x0000000000006438                nrf_log_backend_uart_api
 .rodata.str1.4
                0x0000000000006444       0x11 _build/nrf52840_xxaa/nrf_log_default_backends.c.o
 *fill*         0x0000000000006455        0x3 
 .rodata.m_log_push_ringbuf
                0x0000000000006458        0xc _build/nrf52840_xxaa/nrf_log_frontend.c.o
 .rodata.nrf_log_frontend_dequeue.str1.4
                0x0000000000006464       0x11 _build/nrf52840_xxaa/nrf_log_frontend.c.o
 *fill*         0x0000000000006475        0x3 
 .rodata.str1.4
                0x0000000000006478        0x4 _build/nrf52840_xxaa/nrf_log_frontend.c.o
 .rodata.m_colors
                0x000000000000647c       0x24 _build/nrf52840_xxaa/nrf_log_str_formatter.c.o
 .rodata.nrf_log_hexdump_entry_process.str1.4
                0x00000000000064a0       0x13 _build/nrf52840_xxaa/nrf_log_str_formatter.c.o
                                         0x16 (size before relaxing)
 .rodata.nrf_log_std_entry_process.str1.4
                0x00000000000064b3       0x13 _build/nrf52840_xxaa/nrf_log_str_formatter.c.o
                                          0x3 (size before relaxing)
 *fill*         0x00000000000064b3        0x1 
 .rodata.prefix_process.str1.4
                0x00000000000064b4       0x36 _build/nrf52840_xxaa/nrf_log_str_formatter.c.o
 *fill*         0x00000000000064ea        0x2 
 .rodata.severity_names
                0x00000000000064ec       0x14 _build/nrf52840_xxaa/nrf_log_str_formatter.c.o
 .rodata.str1.4
                0x0000000000006500       0x56 _build/nrf52840_xxaa/nrf_log_str_formatter.c.o
 *fill*         0x0000000000006556        0x2 
 .rodata.xTimerCreateTimerTask.str1.4
                0x0000000000006558       0x10 _build/nrf52840_xxaa/timers.c.o
 .rodata.app_error_fault_handler.str1.4
                0x0000000000006568       0x19 _build/nrf52840_xxaa/app_error_weak.c.o
 *fill*         0x0000000000006581        0x3 
 .rodata._aV2C.7726
                0x0000000000006584       0x10 _build/nrf52840_xxaa/nrf_fprintf_format.c.o
 .rodata.str1.4
                0x0000000000006594        0x6 _build/nrf52840_xxaa/nrf_drv_clock.c.o
 *fill*         0x000000000000659a        0x2 
 .rodata.str1.4
                0x000000000000659c        0x6 _build/nrf52840_xxaa/nrfx_clock.c.o
 *fill*         0x00000000000065a2        0x2 
 .rodata.str1.4
                0x00000000000065a4        0x7 _build/nrf52840_xxaa/nrfx_gpiote.c.o
 *fill*         0x00000000000065ab        0x1 
 .rodata.main.str1.4
                0x00000000000065ac       0x1f _build/nrf52840_xxaa/main.c.o
 *fill*         0x00000000000065cb        0x1 
 .rodata.vTask1.str1.4
                0x00000000000065cc       0x6f _build/nrf52840_xxaa/main.c.o
                                         0x73 (size before relaxing)
 *fill*         0x000000000000663b        0x1 
 .rodata.str1.4
                0x000000000000663c        0x5 _build/nrf52840_xxaa/nrfx_uart.c.o
 *fill*         0x0000000000006641        0x3 
 .rodata.str1.4
                0x0000000000006644        0x6 _build/nrf52840_xxaa/nrfx_uarte.c.o
 *fill*         0x000000000000664a        0x2 
 .rodata.str1.4
                0x000000000000664c        0x4 _build/nrf52840_xxaa/nrfx_prs.c.o
 .rodata.__func__.6189
                0x0000000000006650       0x12 _build/nrf52840_xxaa/gps_buffer.c.o
 *fill*         0x0000000000006662        0x2 
 .rodata.__func__.6202
                0x0000000000006664       0x12 _build/nrf52840_xxaa/gps_buffer.c.o
 *fill*         0x0000000000006676        0x2 
 .rodata.__func__.6212
                0x0000000000006678       0x11 _build/nrf52840_xxaa/gps_buffer.c.o
 *fill*         0x0000000000006689        0x3 
 .rodata.__func__.6228
                0x000000000000668c       0x13 _build/nrf52840_xxaa/gps_buffer.c.o
 *fill*         0x000000000000669f        0x1 
 .rodata.__func__.6232
                0x00000000000066a0       0x12 _build/nrf52840_xxaa/gps_buffer.c.o
 *fill*         0x00000000000066b2        0x2 
 .rodata.advance_pointer.part.0.str1.4
                0x00000000000066b4       0x22 _build/nrf52840_xxaa/gps_buffer.c.o
 *fill*         0x00000000000066d6        0x2 
 .rodata.circular_buf_init.str1.4
                0x00000000000066d8        0xf _build/nrf52840_xxaa/gps_buffer.c.o
 *fill*         0x00000000000066e7        0x1 
 .rodata.circular_buf_put.str1.4
                0x00000000000066e8       0x18 _build/nrf52840_xxaa/gps_buffer.c.o
                                         0x15 (size before relaxing)
 .rodata.__assert_func.str1.1
                0x0000000000006700       0x3c /opt/gcc-arm-none-eabi-8-2018-q4-major/bin/../lib/gcc/arm-none-eabi/8.2.1/../../../../arm-none-eabi/lib/thumb/v7e-m+fp/hard/libc_nano.a(lib_a-assert.o)
                                         0x3d (size before relaxing)
 .rodata._ctype_
                0x000000000000673c      0x101 /opt/gcc-arm-none-eabi-8-2018-q4-major/bin/../lib/gcc/arm-none-eabi/8.2.1/../../../../arm-none-eabi/lib/thumb/v7e-m+fp/hard/libc_nano.a(lib_a-ctype_.o)
                0x000000000000673c                _ctype_
 *fill*         0x000000000000683d        0x3 
 .rodata._global_impure_ptr
                0x0000000000006840        0x4 /opt/gcc-arm-none-eabi-8-2018-q4-major/bin/../lib/gcc/arm-none-eabi/8.2.1/../../../../arm-none-eabi/lib/thumb/v7e-m+fp/hard/libc_nano.a(lib_a-impure.o)
                0x0000000000006840                _global_impure_ptr
 .rodata._vfprintf_r.str1.1
                0x0000000000006844       0x11 /opt/gcc-arm-none-eabi-8-2018-q4-major/bin/../lib/gcc/arm-none-eabi/8.2.1/../../../../arm-none-eabi/lib/thumb/v7e-m+fp/hard/libc_nano.a(lib_a-nano-vfprintf.o)
 .rodata._printf_i.str1.1
                0x0000000000006855       0x22 /opt/gcc-arm-none-eabi-8-2018-q4-major/bin/../lib/gcc/arm-none-eabi/8.2.1/../../../../arm-none-eabi/lib/thumb/v7e-m+fp/hard/libc_nano.a(lib_a-nano-vfprintf_i.o)
 *fill*         0x0000000000006877        0x1 
 .rodata.__sf_fake_stderr
                0x0000000000006878       0x20 /opt/gcc-arm-none-eabi-8-2018-q4-major/bin/../lib/gcc/arm-none-eabi/8.2.1/../../../../arm-none-eabi/lib/thumb/v7e-m+fp/hard/libc_nano.a(lib_a-findfp.o)
                0x0000000000006878                __sf_fake_stderr
 .rodata.__sf_fake_stdin
                0x0000000000006898       0x20 /opt/gcc-arm-none-eabi-8-2018-q4-major/bin/../lib/gcc/arm-none-eabi/8.2.1/../../../../arm-none-eabi/lib/thumb/v7e-m+fp/hard/libc_nano.a(lib_a-findfp.o)
                0x0000000000006898                __sf_fake_stdin
 .rodata.__sf_fake_stdout
                0x00000000000068b8       0x20 /opt/gcc-arm-none-eabi-8-2018-q4-major/bin/../lib/gcc/arm-none-eabi/8.2.1/../../../../arm-none-eabi/lib/thumb/v7e-m+fp/hard/libc_nano.a(lib_a-findfp.o)
                0x00000000000068b8                __sf_fake_stdout
 .rodata._svfprintf_r.str1.1
                0x00000000000068d8       0x11 /opt/gcc-arm-none-eabi-8-2018-q4-major/bin/../lib/gcc/arm-none-eabi/8.2.1/../../../../arm-none-eabi/lib/thumb/v7e-m+fp/hard/libc_nano.a(lib_a-nano-svfprintf.o)
 *(.eh_frame*)
 .eh_frame      0x00000000000068d8        0x0 /opt/gcc-arm-none-eabi-8-2018-q4-major/bin/../lib/gcc/arm-none-eabi/8.2.1/thumb/v7e-m+fp/hard/crtbegin.o
 .eh_frame      0x00000000000068d8        0x4 /opt/gcc-arm-none-eabi-8-2018-q4-major/bin/../lib/gcc/arm-none-eabi/8.2.1/thumb/v7e-m+fp/hard/crtend.o

.glue_7         0x00000000000068dc        0x0
 .glue_7        0x00000000000068dc        0x0 linker stubs

.glue_7t        0x00000000000068dc        0x0
 .glue_7t       0x00000000000068dc        0x0 linker stubs

.vfp11_veneer   0x00000000000068dc        0x0
 .vfp11_veneer  0x00000000000068dc        0x0 linker stubs

.v4_bx          0x00000000000068dc        0x0
 .v4_bx         0x00000000000068dc        0x0 linker stubs

.iplt           0x00000000000068dc        0x0
 .iplt          0x00000000000068dc        0x0 /opt/gcc-arm-none-eabi-8-2018-q4-major/bin/../lib/gcc/arm-none-eabi/8.2.1/thumb/v7e-m+fp/hard/crtbegin.o

.mem_section_dummy_rom

.log_const_data
                0x00000000000068dc       0x38
                0x00000000000068dc                PROVIDE (__start_log_const_data = .)
 *(SORT_BY_NAME(.log_const_data*))
 .log_const_data_CLOCK
                0x00000000000068dc        0x8 _build/nrf52840_xxaa/nrfx_clock.c.o
                0x00000000000068dc                m_nrf_log_CLOCK_logs_data_const
 .log_const_data_GPIOTE
                0x00000000000068e4        0x8 _build/nrf52840_xxaa/nrfx_gpiote.c.o
                0x00000000000068e4                m_nrf_log_GPIOTE_logs_data_const
 .log_const_data_PRS
                0x00000000000068ec        0x8 _build/nrf52840_xxaa/nrfx_prs.c.o
                0x00000000000068ec                m_nrf_log_PRS_logs_data_const
 .log_const_data_UART
                0x00000000000068f4        0x8 _build/nrf52840_xxaa/nrfx_uart.c.o
                0x00000000000068f4                m_nrf_log_UART_logs_data_const
 .log_const_data_UARTE
                0x00000000000068fc        0x8 _build/nrf52840_xxaa/nrfx_uarte.c.o
                0x00000000000068fc                m_nrf_log_UARTE_logs_data_const
 .log_const_data_app
                0x0000000000006904        0x8 _build/nrf52840_xxaa/nrf_log_frontend.c.o
                0x0000000000006904                m_nrf_log_app_logs_data_const
 .log_const_data_clock
                0x000000000000690c        0x8 _build/nrf52840_xxaa/nrf_drv_clock.c.o
                0x000000000000690c                m_nrf_log_clock_logs_data_const
                0x0000000000006914                PROVIDE (__stop_log_const_data = .)

.log_backends   0x0000000000006914       0x10
                [!provide]                        PROVIDE (__start_log_backends = .)
 *(SORT_BY_NAME(.log_backends*))
 .log_backends  0x0000000000006914       0x10 _build/nrf52840_xxaa/nrf_log_default_backends.c.o
                [!provide]                        PROVIDE (__stop_log_backends = .)

.nrf_balloc     0x0000000000006924       0x14
                [!provide]                        PROVIDE (__start_nrf_balloc = .)
 *(.nrf_balloc)
 .nrf_balloc    0x0000000000006924       0x14 _build/nrf52840_xxaa/nrf_log_frontend.c.o
                0x0000000000006924                log_mempool
                [!provide]                        PROVIDE (__stop_nrf_balloc = .)

.ARM.extab
 *(.ARM.extab* .gnu.linkonce.armextab.*)
                0x0000000000006938                __exidx_start = .

.ARM.exidx      0x0000000000006938        0x8
 *(.ARM.exidx* .gnu.linkonce.armexidx.*)
 .ARM.exidx     0x0000000000006938        0x8 /opt/gcc-arm-none-eabi-8-2018-q4-major/bin/../lib/gcc/arm-none-eabi/8.2.1/../../../../arm-none-eabi/lib/thumb/v7e-m+fp/hard/crt0.o
                0x0000000000006940                __exidx_end = .
                0x0000000000006940                __etext = .

.rel.dyn        0x0000000000006940        0x0
 .rel.iplt      0x0000000000006940        0x0 /opt/gcc-arm-none-eabi-8-2018-q4-major/bin/../lib/gcc/arm-none-eabi/8.2.1/thumb/v7e-m+fp/hard/crtbegin.o

.data           0x0000000020000000       0xb0 load address 0x0000000000006940
                0x0000000020000000                __data_start__ = .
 *(vtable)
 *(.data*)
 .data.m_uart   0x0000000020000000       0x14 _build/nrf52840_xxaa/nrf_log_backend_uart.c.o
                0x0000000020000000                m_uart
 .data.log_backend_cb_uart_log_backend
                0x0000000020000014        0x8 _build/nrf52840_xxaa/nrf_log_default_backends.c.o
 .data.gps_lat_s
                0x000000002000001c        0xa _build/nrf52840_xxaa/main.c.o
                0x000000002000001c                gps_lat_s
 *fill*         0x0000000020000026        0x2 
 .data.gps_lon_s
                0x0000000020000028        0xa _build/nrf52840_xxaa/main.c.o
                0x0000000020000028                gps_lon_s
 *fill*         0x0000000020000032        0x2 
 .data.gps_ts_s
                0x0000000020000034        0xa _build/nrf52840_xxaa/main.c.o
                0x0000000020000034                gps_ts_s
 *fill*         0x000000002000003e        0x2 
 .data.SystemCoreClock
                0x0000000020000040        0x4 _build/nrf52840_xxaa/system_nrf52840.c.o
                0x0000000020000040                SystemCoreClock
 .data._impure_ptr
                0x0000000020000044        0x4 /opt/gcc-arm-none-eabi-8-2018-q4-major/bin/../lib/gcc/arm-none-eabi/8.2.1/../../../../arm-none-eabi/lib/thumb/v7e-m+fp/hard/libc_nano.a(lib_a-impure.o)
                0x0000000020000044                _impure_ptr
 .data.impure_data
                0x0000000020000048       0x60 /opt/gcc-arm-none-eabi-8-2018-q4-major/bin/../lib/gcc/arm-none-eabi/8.2.1/../../../../arm-none-eabi/lib/thumb/v7e-m+fp/hard/libc_nano.a(lib_a-impure.o)
                0x00000000200000a8                . = ALIGN (0x4)
                0x00000000200000a8                PROVIDE (__preinit_array_start = .)
 *(.preinit_array)
                0x00000000200000a8                PROVIDE (__preinit_array_end = .)
                0x00000000200000a8                . = ALIGN (0x4)
                0x00000000200000a8                PROVIDE (__init_array_start = .)
 *(SORT_BY_NAME(.init_array.*))
 *(.init_array)
 .init_array    0x00000000200000a8        0x4 /opt/gcc-arm-none-eabi-8-2018-q4-major/bin/../lib/gcc/arm-none-eabi/8.2.1/thumb/v7e-m+fp/hard/crtbegin.o
                0x00000000200000ac                PROVIDE (__init_array_end = .)
                0x00000000200000ac                . = ALIGN (0x4)
                [!provide]                        PROVIDE (__fini_array_start = .)
 *(SORT_BY_NAME(.fini_array.*))
 *(.fini_array)
 .fini_array    0x00000000200000ac        0x4 /opt/gcc-arm-none-eabi-8-2018-q4-major/bin/../lib/gcc/arm-none-eabi/8.2.1/thumb/v7e-m+fp/hard/crtbegin.o
                [!provide]                        PROVIDE (__fini_array_end = .)
 *(.jcr*)
                0x00000000200000b0                . = ALIGN (0x4)
                0x00000000200000b0                __data_end__ = .
LOAD /opt/gcc-arm-none-eabi-8-2018-q4-major/bin/../lib/gcc/arm-none-eabi/8.2.1/thumb/v7e-m+fp/hard/crti.o
LOAD /opt/gcc-arm-none-eabi-8-2018-q4-major/bin/../lib/gcc/arm-none-eabi/8.2.1/thumb/v7e-m+fp/hard/crtbegin.o
LOAD /opt/gcc-arm-none-eabi-8-2018-q4-major/bin/../lib/gcc/arm-none-eabi/8.2.1/../../../../arm-none-eabi/lib/thumb/v7e-m+fp/hard/crt0.o
LOAD _build/nrf52840_xxaa/gcc_startup_nrf52840.S.o
LOAD _build/nrf52840_xxaa/nrf_log_backend_rtt.c.o
LOAD _build/nrf52840_xxaa/nrf_log_backend_serial.c.o
LOAD _build/nrf52840_xxaa/nrf_log_backend_uart.c.o
LOAD _build/nrf52840_xxaa/nrf_log_default_backends.c.o
LOAD _build/nrf52840_xxaa/nrf_log_frontend.c.o
LOAD _build/nrf52840_xxaa/nrf_log_str_formatter.c.o
LOAD _build/nrf52840_xxaa/boards.c.o
LOAD _build/nrf52840_xxaa/croutine.c.o
LOAD _build/nrf52840_xxaa/event_groups.c.o
LOAD _build/nrf52840_xxaa/heap_1.c.o
LOAD _build/nrf52840_xxaa/list.c.o
LOAD _build/nrf52840_xxaa/port.c.o
LOAD _build/nrf52840_xxaa/port_cmsis.c.o
LOAD _build/nrf52840_xxaa/port_cmsis_systick.c.o
LOAD _build/nrf52840_xxaa/queue.c.o
LOAD _build/nrf52840_xxaa/stream_buffer.c.o
LOAD _build/nrf52840_xxaa/tasks.c.o
LOAD _build/nrf52840_xxaa/timers.c.o
LOAD _build/nrf52840_xxaa/app_button.c.o
LOAD _build/nrf52840_xxaa/app_error.c.o
LOAD _build/nrf52840_xxaa/app_error_handler_gcc.c.o
LOAD _build/nrf52840_xxaa/app_error_weak.c.o
LOAD _build/nrf52840_xxaa/app_timer_freertos.c.o
LOAD _build/nrf52840_xxaa/app_util_platform.c.o
LOAD _build/nrf52840_xxaa/nrf_assert.c.o
LOAD _build/nrf52840_xxaa/nrf_atomic.c.o
LOAD _build/nrf52840_xxaa/nrf_balloc.c.o
LOAD _build/nrf52840_xxaa/nrf_fprintf.c.o
LOAD _build/nrf52840_xxaa/nrf_fprintf_format.c.o
LOAD _build/nrf52840_xxaa/nrf_memobj.c.o
LOAD _build/nrf52840_xxaa/nrf_ringbuf.c.o
LOAD _build/nrf52840_xxaa/nrf_strerror.c.o
LOAD _build/nrf52840_xxaa/nrf_drv_clock.c.o
LOAD _build/nrf52840_xxaa/nrf_nvic.c.o
LOAD _build/nrf52840_xxaa/nrf_soc.c.o
LOAD _build/nrf52840_xxaa/nrfx_atomic.c.o
LOAD _build/nrf52840_xxaa/nrfx_clock.c.o
LOAD _build/nrf52840_xxaa/nrfx_gpiote.c.o
LOAD _build/nrf52840_xxaa/bsp.c.o
LOAD _build/nrf52840_xxaa/main.c.o
LOAD _build/nrf52840_xxaa/system_nrf52840.c.o
LOAD _build/nrf52840_xxaa/app_uart_fifo.c.o
LOAD _build/nrf52840_xxaa/retarget.c.o
LOAD _build/nrf52840_xxaa/nrf_drv_uart.c.o
LOAD _build/nrf52840_xxaa/nrfx_uart.c.o
LOAD _build/nrf52840_xxaa/nrfx_uarte.c.o
LOAD _build/nrf52840_xxaa/nrfx_prs.c.o
LOAD _build/nrf52840_xxaa/gps_buffer.c.o
LOAD /opt/gcc-arm-none-eabi-8-2018-q4-major/bin/../lib/gcc/arm-none-eabi/8.2.1/../../../../arm-none-eabi/lib/thumb/v7e-m+fp/hard/libc_nano.a
LOAD /opt/gcc-arm-none-eabi-8-2018-q4-major/bin/../lib/gcc/arm-none-eabi/8.2.1/../../../../arm-none-eabi/lib/thumb/v7e-m+fp/hard/libnosys.a
LOAD /opt/gcc-arm-none-eabi-8-2018-q4-major/bin/../lib/gcc/arm-none-eabi/8.2.1/../../../../arm-none-eabi/lib/thumb/v7e-m+fp/hard/libm.a
START GROUP
LOAD /opt/gcc-arm-none-eabi-8-2018-q4-major/bin/../lib/gcc/arm-none-eabi/8.2.1/thumb/v7e-m+fp/hard/libgcc.a
LOAD /opt/gcc-arm-none-eabi-8-2018-q4-major/bin/../lib/gcc/arm-none-eabi/8.2.1/../../../../arm-none-eabi/lib/thumb/v7e-m+fp/hard/libg_nano.a
LOAD /opt/gcc-arm-none-eabi-8-2018-q4-major/bin/../lib/gcc/arm-none-eabi/8.2.1/../../../../arm-none-eabi/lib/thumb/v7e-m+fp/hard/libc_nano.a
END GROUP
START GROUP
LOAD /opt/gcc-arm-none-eabi-8-2018-q4-major/bin/../lib/gcc/arm-none-eabi/8.2.1/thumb/v7e-m+fp/hard/libgcc.a
LOAD /opt/gcc-arm-none-eabi-8-2018-q4-major/bin/../lib/gcc/arm-none-eabi/8.2.1/../../../../arm-none-eabi/lib/thumb/v7e-m+fp/hard/libc_nano.a
END GROUP
LOAD /opt/gcc-arm-none-eabi-8-2018-q4-major/bin/../lib/gcc/arm-none-eabi/8.2.1/thumb/v7e-m+fp/hard/crtend.o
LOAD /opt/gcc-arm-none-eabi-8-2018-q4-major/bin/../lib/gcc/arm-none-eabi/8.2.1/thumb/v7e-m+fp/hard/crtn.o
START GROUP
LOAD /opt/gcc-arm-none-eabi-8-2018-q4-major/bin/../lib/gcc/arm-none-eabi/8.2.1/thumb/v7e-m+fp/hard/libgcc.a
LOAD /opt/gcc-arm-none-eabi-8-2018-q4-major/bin/../lib/gcc/arm-none-eabi/8.2.1/../../../../arm-none-eabi/lib/thumb/v7e-m+fp/hard/libc.a
LOAD /opt/gcc-arm-none-eabi-8-2018-q4-major/bin/../lib/gcc/arm-none-eabi/8.2.1/../../../../arm-none-eabi/lib/thumb/v7e-m+fp/hard/libnosys.a
END GROUP

.igot.plt       0x00000000200000b0        0x0 load address 0x00000000000069f0
 .igot.plt      0x00000000200000b0        0x0 /opt/gcc-arm-none-eabi-8-2018-q4-major/bin/../lib/gcc/arm-none-eabi/8.2.1/thumb/v7e-m+fp/hard/crtbegin.o
                0x00000000200000b0                . = ALIGN (0x4)

.mem_section_dummy_ram

.log_dynamic_data
                0x00000000200000b0        0x0
                0x00000000200000b0                PROVIDE (__start_log_dynamic_data = .)
 *(SORT_BY_NAME(.log_dynamic_data*))
                [!provide]                        PROVIDE (__stop_log_dynamic_data = .)

.log_filter_data
                0x00000000200000b0        0x0
                [!provide]                        PROVIDE (__start_log_filter_data = .)
 *(SORT_BY_NAME(.log_filter_data*))
                [!provide]                        PROVIDE (__stop_log_filter_data = .)

.bss            0x00000000200000b0     0x1838 load address 0x00000000000069f0
                0x00000000200000b0                . = ALIGN (0x4)
                0x00000000200000b0                __bss_start__ = .
 *(.bss*)
 .bss           0x00000000200000b0       0x1c /opt/gcc-arm-none-eabi-8-2018-q4-major/bin/../lib/gcc/arm-none-eabi/8.2.1/thumb/v7e-m+fp/hard/crtbegin.o
 .bss.m_async_mode
                0x00000000200000cc        0x1 _build/nrf52840_xxaa/nrf_log_backend_uart.c.o
 *fill*         0x00000000200000cd        0x3 
 .bss.m_string_buff
                0x00000000200000d0       0x40 _build/nrf52840_xxaa/nrf_log_backend_uart.c.o
 .bss.m_xfer_done
                0x0000000020000110        0x1 _build/nrf52840_xxaa/nrf_log_backend_uart.c.o
 *fill*         0x0000000020000111        0x3 
 .bss.log_mempool_nrf_balloc_cb
                0x0000000020000114        0x8 _build/nrf52840_xxaa/nrf_log_frontend.c.o
 .bss.log_mempool_nrf_balloc_pool_mem
                0x000000002000011c       0xc0 _build/nrf52840_xxaa/nrf_log_frontend.c.o
 .bss.log_mempool_nrf_balloc_pool_stack
                0x00000000200001dc        0x8 _build/nrf52840_xxaa/nrf_log_frontend.c.o
 *fill*         0x00000000200001e4        0x4 
 .bss.m_log_data
                0x00000000200001e8      0x424 _build/nrf52840_xxaa/nrf_log_frontend.c.o
 .bss.m_log_push_ringbuf_buf
                0x000000002000060c       0x80 _build/nrf52840_xxaa/nrf_log_frontend.c.o
 .bss.m_log_push_ringbuf_cb
                0x000000002000068c       0x18 _build/nrf52840_xxaa/nrf_log_frontend.c.o
 .bss.pucAlignedHeap.8779
                0x00000000200006a4        0x4 _build/nrf52840_xxaa/heap_1.c.o
 .bss.ucHeap    0x00000000200006a8     0x1000 _build/nrf52840_xxaa/heap_1.c.o
 .bss.xNextFreeByte
                0x00000000200016a8        0x4 _build/nrf52840_xxaa/heap_1.c.o
 .bss.uxCriticalNesting
                0x00000000200016ac        0x4 _build/nrf52840_xxaa/port_cmsis.c.o
 .bss.pxCurrentTCB
                0x00000000200016b0        0x4 _build/nrf52840_xxaa/tasks.c.o
                0x00000000200016b0                pxCurrentTCB
 .bss.pxDelayedTaskList
                0x00000000200016b4        0x4 _build/nrf52840_xxaa/tasks.c.o
 .bss.pxOverflowDelayedTaskList
                0x00000000200016b8        0x4 _build/nrf52840_xxaa/tasks.c.o
 .bss.pxReadyTasksLists
                0x00000000200016bc       0x3c _build/nrf52840_xxaa/tasks.c.o
 .bss.uxCurrentNumberOfTasks
                0x00000000200016f8        0x4 _build/nrf52840_xxaa/tasks.c.o
 .bss.uxDeletedTasksWaitingCleanUp
                0x00000000200016fc        0x4 _build/nrf52840_xxaa/tasks.c.o
 .bss.uxPendedTicks
                0x0000000020001700        0x4 _build/nrf52840_xxaa/tasks.c.o
 .bss.uxSchedulerSuspended
                0x0000000020001704        0x4 _build/nrf52840_xxaa/tasks.c.o
 .bss.uxTaskNumber
                0x0000000020001708        0x4 _build/nrf52840_xxaa/tasks.c.o
 .bss.uxTopReadyPriority
                0x000000002000170c        0x4 _build/nrf52840_xxaa/tasks.c.o
 .bss.xDelayedTaskList1
                0x0000000020001710       0x14 _build/nrf52840_xxaa/tasks.c.o
 .bss.xDelayedTaskList2
                0x0000000020001724       0x14 _build/nrf52840_xxaa/tasks.c.o
 .bss.xIdleTaskHandle
                0x0000000020001738        0x4 _build/nrf52840_xxaa/tasks.c.o
 .bss.xNextTaskUnblockTime
                0x000000002000173c        0x4 _build/nrf52840_xxaa/tasks.c.o
 .bss.xNumOfOverflows
                0x0000000020001740        0x4 _build/nrf52840_xxaa/tasks.c.o
 .bss.xPendingReadyList
                0x0000000020001744       0x14 _build/nrf52840_xxaa/tasks.c.o
 .bss.xSchedulerRunning
                0x0000000020001758        0x4 _build/nrf52840_xxaa/tasks.c.o
 .bss.xSuspendedTaskList
                0x000000002000175c       0x14 _build/nrf52840_xxaa/tasks.c.o
 .bss.xTasksWaitingTermination
                0x0000000020001770       0x14 _build/nrf52840_xxaa/tasks.c.o
 .bss.xTickCount
                0x0000000020001784        0x4 _build/nrf52840_xxaa/tasks.c.o
 .bss.xYieldPending
                0x0000000020001788        0x4 _build/nrf52840_xxaa/tasks.c.o
 .bss.pxCurrentTimerList
                0x000000002000178c        0x4 _build/nrf52840_xxaa/timers.c.o
 .bss.pxOverflowTimerList
                0x0000000020001790        0x4 _build/nrf52840_xxaa/timers.c.o
 .bss.xActiveTimerList1
                0x0000000020001794       0x14 _build/nrf52840_xxaa/timers.c.o
 .bss.xActiveTimerList2
                0x00000000200017a8       0x14 _build/nrf52840_xxaa/timers.c.o
 .bss.xLastTime.9071
                0x00000000200017bc        0x4 _build/nrf52840_xxaa/timers.c.o
 .bss.xTimerQueue
                0x00000000200017c0        0x4 _build/nrf52840_xxaa/timers.c.o
 .bss.xTimerTaskHandle
                0x00000000200017c4        0x4 _build/nrf52840_xxaa/timers.c.o
 .bss.m_in_critical_region
                0x00000000200017c8        0x4 _build/nrf52840_xxaa/app_util_platform.c.o
 .bss.m_clock_cb
                0x00000000200017cc       0x14 _build/nrf52840_xxaa/nrf_drv_clock.c.o
 .bss.m_clock_cb
                0x00000000200017e0        0x8 _build/nrf52840_xxaa/nrfx_clock.c.o
 .bss.m_cb      0x00000000200017e8       0x6c _build/nrf52840_xxaa/nrfx_gpiote.c.o
 .bss.m_contexts
                0x0000000020001854        0x8 _build/nrf52840_xxaa/nrf_drv_uart.c.o
 .bss.m_handlers
                0x000000002000185c        0x8 _build/nrf52840_xxaa/nrf_drv_uart.c.o
 .bss.m_cb      0x0000000020001864       0x2c _build/nrf52840_xxaa/nrfx_uart.c.o
 .bss.m_cb      0x0000000020001890       0x24 _build/nrf52840_xxaa/nrfx_uarte.c.o
 .bss.m_prs_box_4
                0x00000000200018b4        0x8 _build/nrf52840_xxaa/nrfx_prs.c.o
 .bss.__malloc_free_list
                0x00000000200018bc        0x4 /opt/gcc-arm-none-eabi-8-2018-q4-major/bin/../lib/gcc/arm-none-eabi/8.2.1/../../../../arm-none-eabi/lib/thumb/v7e-m+fp/hard/libc_nano.a(lib_a-nano-mallocr.o)
                0x00000000200018bc                __malloc_free_list
 .bss.__malloc_sbrk_start
                0x00000000200018c0        0x4 /opt/gcc-arm-none-eabi-8-2018-q4-major/bin/../lib/gcc/arm-none-eabi/8.2.1/../../../../arm-none-eabi/lib/thumb/v7e-m+fp/hard/libc_nano.a(lib_a-nano-mallocr.o)
                0x00000000200018c0                __malloc_sbrk_start
 .bss.heap_end.5501
                0x00000000200018c4        0x4 /opt/gcc-arm-none-eabi-8-2018-q4-major/bin/../lib/gcc/arm-none-eabi/8.2.1/../../../../arm-none-eabi/lib/thumb/v7e-m+fp/hard/libnosys.a(sbrk.o)
 *(COMMON)
 COMMON         0x00000000200018c8       0x10 _build/nrf52840_xxaa/queue.c.o
                0x00000000200018c8                xQueueRegistry
 COMMON         0x00000000200018d8        0x2 _build/nrf52840_xxaa/nrf_drv_uart.c.o
                0x00000000200018d8                nrf_drv_uart_use_easy_dma
 COMMON         0x00000000200018da        0x9 /opt/gcc-arm-none-eabi-8-2018-q4-major/bin/../lib/gcc/arm-none-eabi/8.2.1/../../../../arm-none-eabi/lib/thumb/v7e-m+fp/hard/libc_nano.a(lib_a-lock.o)
                0x00000000200018da                __lock___atexit_recursive_mutex
                0x00000000200018db                __lock___arc4random_mutex
                0x00000000200018dc                __lock___env_recursive_mutex
                0x00000000200018dd                __lock___sinit_recursive_mutex
                0x00000000200018de                __lock___malloc_recursive_mutex
                0x00000000200018df                __lock___at_quick_exit_mutex
                0x00000000200018e0                __lock___dd_hash_mutex
                0x00000000200018e1                __lock___tz_mutex
                0x00000000200018e2                __lock___sfp_recursive_mutex
 *fill*         0x00000000200018e3        0x1 
 COMMON         0x00000000200018e4        0x4 /opt/gcc-arm-none-eabi-8-2018-q4-major/bin/../lib/gcc/arm-none-eabi/8.2.1/../../../../arm-none-eabi/lib/thumb/v7e-m+fp/hard/libc_nano.a(lib_a-reent.o)
                0x00000000200018e4                errno
                0x00000000200018e8                . = ALIGN (0x4)
                0x00000000200018e8                __bss_end__ = .

.heap           0x00000000200018e8     0x2000
                0x00000000200018e8                __HeapBase = .
                0x00000000200018e8                __end__ = .
                0x00000000200018e8                PROVIDE (end = .)
 *(.heap*)
 .heap          0x00000000200018e8     0x2000 _build/nrf52840_xxaa/gcc_startup_nrf52840.S.o
                0x00000000200038e8                __HeapLimit = .

.stack_dummy    0x00000000200018e8     0x2000
 *(.stack*)
 .stack         0x00000000200018e8     0x2000 _build/nrf52840_xxaa/gcc_startup_nrf52840.S.o
                0x0000000020040000                __StackTop = (ORIGIN (RAM) + LENGTH (RAM))
                0x000000002003e000                __StackLimit = (__StackTop - SIZEOF (.stack_dummy))
                0x0000000020040000                PROVIDE (__stack = __StackTop)
                0x0000000000000001                ASSERT ((__StackLimit >= __HeapLimit), region RAM overflowed with stack)
                0x00000000000000b0                DataInitFlashUsed = (__bss_start__ - __data_start__)
                0x0000000000006940                CodeFlashUsed = (__etext - ORIGIN (FLASH))
                0x00000000000069f0                TotalFlashUsed = (CodeFlashUsed + DataInitFlashUsed)
                0x0000000000000001                ASSERT ((TotalFlashUsed <= LENGTH (FLASH)), region FLASH overflowed with .data and user data)
OUTPUT(_build/nrf52840_xxaa.out elf32-littlearm)

.ARM.attributes
                0x0000000000000000       0x30
 .ARM.attributes
                0x0000000000000000       0x1e /opt/gcc-arm-none-eabi-8-2018-q4-major/bin/../lib/gcc/arm-none-eabi/8.2.1/thumb/v7e-m+fp/hard/crti.o
 .ARM.attributes
                0x000000000000001e       0x34 /opt/gcc-arm-none-eabi-8-2018-q4-major/bin/../lib/gcc/arm-none-eabi/8.2.1/thumb/v7e-m+fp/hard/crtbegin.o
 .ARM.attributes
                0x0000000000000052       0x1c /opt/gcc-arm-none-eabi-8-2018-q4-major/bin/../lib/gcc/arm-none-eabi/8.2.1/../../../../arm-none-eabi/lib/thumb/v7e-m+fp/hard/crt0.o
 .ARM.attributes
                0x000000000000006e       0x20 _build/nrf52840_xxaa/gcc_startup_nrf52840.S.o
 .ARM.attributes
                0x000000000000008e       0x34 _build/nrf52840_xxaa/nrf_log_backend_serial.c.o
 .ARM.attributes
                0x00000000000000c2       0x34 _build/nrf52840_xxaa/nrf_log_backend_uart.c.o
 .ARM.attributes
                0x00000000000000f6       0x34 _build/nrf52840_xxaa/nrf_log_default_backends.c.o
 .ARM.attributes
                0x000000000000012a       0x34 _build/nrf52840_xxaa/nrf_log_frontend.c.o
 .ARM.attributes
                0x000000000000015e       0x34 _build/nrf52840_xxaa/nrf_log_str_formatter.c.o
 .ARM.attributes
                0x0000000000000192       0x34 _build/nrf52840_xxaa/heap_1.c.o
 .ARM.attributes
                0x00000000000001c6       0x34 _build/nrf52840_xxaa/list.c.o
 .ARM.attributes
                0x00000000000001fa       0x34 _build/nrf52840_xxaa/port.c.o
 .ARM.attributes
                0x000000000000022e       0x34 _build/nrf52840_xxaa/port_cmsis.c.o
 .ARM.attributes
                0x0000000000000262       0x34 _build/nrf52840_xxaa/port_cmsis_systick.c.o
 .ARM.attributes
                0x0000000000000296       0x34 _build/nrf52840_xxaa/queue.c.o
 .ARM.attributes
                0x00000000000002ca       0x34 _build/nrf52840_xxaa/tasks.c.o
 .ARM.attributes
                0x00000000000002fe       0x34 _build/nrf52840_xxaa/timers.c.o
 .ARM.attributes
                0x0000000000000332       0x34 _build/nrf52840_xxaa/app_error.c.o
 .ARM.attributes
                0x0000000000000366       0x34 _build/nrf52840_xxaa/app_error_weak.c.o
 .ARM.attributes
                0x000000000000039a       0x34 _build/nrf52840_xxaa/app_util_platform.c.o
 .ARM.attributes
                0x00000000000003ce       0x34 _build/nrf52840_xxaa/nrf_atomic.c.o
 .ARM.attributes
                0x0000000000000402       0x34 _build/nrf52840_xxaa/nrf_balloc.c.o
 .ARM.attributes
                0x0000000000000436       0x34 _build/nrf52840_xxaa/nrf_fprintf.c.o
 .ARM.attributes
                0x000000000000046a       0x34 _build/nrf52840_xxaa/nrf_fprintf_format.c.o
 .ARM.attributes
                0x000000000000049e       0x34 _build/nrf52840_xxaa/nrf_memobj.c.o
 .ARM.attributes
                0x00000000000004d2       0x34 _build/nrf52840_xxaa/nrf_ringbuf.c.o
 .ARM.attributes
                0x0000000000000506       0x34 _build/nrf52840_xxaa/nrf_drv_clock.c.o
 .ARM.attributes
                0x000000000000053a       0x34 _build/nrf52840_xxaa/nrfx_clock.c.o
 .ARM.attributes
                0x000000000000056e       0x34 _build/nrf52840_xxaa/nrfx_gpiote.c.o
 .ARM.attributes
                0x00000000000005a2       0x34 _build/nrf52840_xxaa/main.c.o
 .ARM.attributes
                0x00000000000005d6       0x34 _build/nrf52840_xxaa/system_nrf52840.c.o
 .ARM.attributes
                0x000000000000060a       0x34 _build/nrf52840_xxaa/nrf_drv_uart.c.o
 .ARM.attributes
                0x000000000000063e       0x34 _build/nrf52840_xxaa/nrfx_uart.c.o
 .ARM.attributes
                0x0000000000000672       0x34 _build/nrf52840_xxaa/nrfx_uarte.c.o
 .ARM.attributes
                0x00000000000006a6       0x34 _build/nrf52840_xxaa/nrfx_prs.c.o
 .ARM.attributes
                0x00000000000006da       0x34 _build/nrf52840_xxaa/gps_buffer.c.o
 .ARM.attributes
                0x000000000000070e       0x34 /opt/gcc-arm-none-eabi-8-2018-q4-major/bin/../lib/gcc/arm-none-eabi/8.2.1/../../../../arm-none-eabi/lib/thumb/v7e-m+fp/hard/libc_nano.a(lib_a-assert.o)
 .ARM.attributes
                0x0000000000000742       0x32 /opt/gcc-arm-none-eabi-8-2018-q4-major/bin/../lib/gcc/arm-none-eabi/8.2.1/../../../../arm-none-eabi/lib/thumb/v7e-m+fp/hard/libc_nano.a(lib_a-ctype_.o)
 .ARM.attributes
                0x0000000000000774       0x34 /opt/gcc-arm-none-eabi-8-2018-q4-major/bin/../lib/gcc/arm-none-eabi/8.2.1/../../../../arm-none-eabi/lib/thumb/v7e-m+fp/hard/libc_nano.a(lib_a-exit.o)
 .ARM.attributes
                0x00000000000007a8       0x34 /opt/gcc-arm-none-eabi-8-2018-q4-major/bin/../lib/gcc/arm-none-eabi/8.2.1/../../../../arm-none-eabi/lib/thumb/v7e-m+fp/hard/libc_nano.a(lib_a-fprintf.o)
 .ARM.attributes
                0x00000000000007dc       0x32 /opt/gcc-arm-none-eabi-8-2018-q4-major/bin/../lib/gcc/arm-none-eabi/8.2.1/../../../../arm-none-eabi/lib/thumb/v7e-m+fp/hard/libc_nano.a(lib_a-impure.o)
 .ARM.attributes
                0x000000000000080e       0x34 /opt/gcc-arm-none-eabi-8-2018-q4-major/bin/../lib/gcc/arm-none-eabi/8.2.1/../../../../arm-none-eabi/lib/thumb/v7e-m+fp/hard/libc_nano.a(lib_a-init.o)
 .ARM.attributes
                0x0000000000000842       0x34 /opt/gcc-arm-none-eabi-8-2018-q4-major/bin/../lib/gcc/arm-none-eabi/8.2.1/../../../../arm-none-eabi/lib/thumb/v7e-m+fp/hard/libc_nano.a(lib_a-malloc.o)
 .ARM.attributes
                0x0000000000000876       0x34 /opt/gcc-arm-none-eabi-8-2018-q4-major/bin/../lib/gcc/arm-none-eabi/8.2.1/../../../../arm-none-eabi/lib/thumb/v7e-m+fp/hard/libc_nano.a(lib_a-memcpy-stub.o)
 .ARM.attributes
                0x00000000000008aa       0x34 /opt/gcc-arm-none-eabi-8-2018-q4-major/bin/../lib/gcc/arm-none-eabi/8.2.1/../../../../arm-none-eabi/lib/thumb/v7e-m+fp/hard/libc_nano.a(lib_a-memset.o)
 .ARM.attributes
                0x00000000000008de       0x34 /opt/gcc-arm-none-eabi-8-2018-q4-major/bin/../lib/gcc/arm-none-eabi/8.2.1/../../../../arm-none-eabi/lib/thumb/v7e-m+fp/hard/libc_nano.a(lib_a-nano-freer.o)
 .ARM.attributes
                0x0000000000000912       0x34 /opt/gcc-arm-none-eabi-8-2018-q4-major/bin/../lib/gcc/arm-none-eabi/8.2.1/../../../../arm-none-eabi/lib/thumb/v7e-m+fp/hard/libc_nano.a(lib_a-nano-mallocr.o)
 .ARM.attributes
                0x0000000000000946       0x34 /opt/gcc-arm-none-eabi-8-2018-q4-major/bin/../lib/gcc/arm-none-eabi/8.2.1/../../../../arm-none-eabi/lib/thumb/v7e-m+fp/hard/libc_nano.a(lib_a-nano-vfprintf.o)
 .ARM.attributes
                0x000000000000097a       0x34 /opt/gcc-arm-none-eabi-8-2018-q4-major/bin/../lib/gcc/arm-none-eabi/8.2.1/../../../../arm-none-eabi/lib/thumb/v7e-m+fp/hard/libc_nano.a(lib_a-nano-vfprintf_i.o)
 .ARM.attributes
                0x00000000000009ae       0x34 /opt/gcc-arm-none-eabi-8-2018-q4-major/bin/../lib/gcc/arm-none-eabi/8.2.1/../../../../arm-none-eabi/lib/thumb/v7e-m+fp/hard/libc_nano.a(lib_a-sbrkr.o)
 .ARM.attributes
                0x00000000000009e2       0x34 /opt/gcc-arm-none-eabi-8-2018-q4-major/bin/../lib/gcc/arm-none-eabi/8.2.1/../../../../arm-none-eabi/lib/thumb/v7e-m+fp/hard/libc_nano.a(lib_a-snprintf.o)
 .ARM.attributes
                0x0000000000000a16       0x17 /opt/gcc-arm-none-eabi-8-2018-q4-major/bin/../lib/gcc/arm-none-eabi/8.2.1/../../../../arm-none-eabi/lib/thumb/v7e-m+fp/hard/libc_nano.a(lib_a-strlen.o)
 .ARM.attributes
                0x0000000000000a2d       0x34 /opt/gcc-arm-none-eabi-8-2018-q4-major/bin/../lib/gcc/arm-none-eabi/8.2.1/../../../../arm-none-eabi/lib/thumb/v7e-m+fp/hard/libc_nano.a(lib_a-wbuf.o)
 .ARM.attributes
                0x0000000000000a61       0x34 /opt/gcc-arm-none-eabi-8-2018-q4-major/bin/../lib/gcc/arm-none-eabi/8.2.1/../../../../arm-none-eabi/lib/thumb/v7e-m+fp/hard/libc_nano.a(lib_a-wsetup.o)
 .ARM.attributes
                0x0000000000000a95       0x34 /opt/gcc-arm-none-eabi-8-2018-q4-major/bin/../lib/gcc/arm-none-eabi/8.2.1/../../../../arm-none-eabi/lib/thumb/v7e-m+fp/hard/libc_nano.a(lib_a-abort.o)
 .ARM.attributes
                0x0000000000000ac9       0x34 /opt/gcc-arm-none-eabi-8-2018-q4-major/bin/../lib/gcc/arm-none-eabi/8.2.1/../../../../arm-none-eabi/lib/thumb/v7e-m+fp/hard/libc_nano.a(lib_a-fflush.o)
 .ARM.attributes
                0x0000000000000afd       0x34 /opt/gcc-arm-none-eabi-8-2018-q4-major/bin/../lib/gcc/arm-none-eabi/8.2.1/../../../../arm-none-eabi/lib/thumb/v7e-m+fp/hard/libc_nano.a(lib_a-findfp.o)
 .ARM.attributes
                0x0000000000000b31       0x34 /opt/gcc-arm-none-eabi-8-2018-q4-major/bin/../lib/gcc/arm-none-eabi/8.2.1/../../../../arm-none-eabi/lib/thumb/v7e-m+fp/hard/libc_nano.a(lib_a-fwalk.o)
 .ARM.attributes
                0x0000000000000b65       0x34 /opt/gcc-arm-none-eabi-8-2018-q4-major/bin/../lib/gcc/arm-none-eabi/8.2.1/../../../../arm-none-eabi/lib/thumb/v7e-m+fp/hard/libc_nano.a(lib_a-lock.o)
 .ARM.attributes
                0x0000000000000b99       0x34 /opt/gcc-arm-none-eabi-8-2018-q4-major/bin/../lib/gcc/arm-none-eabi/8.2.1/../../../../arm-none-eabi/lib/thumb/v7e-m+fp/hard/libc_nano.a(lib_a-makebuf.o)
 .ARM.attributes
                0x0000000000000bcd       0x1c /opt/gcc-arm-none-eabi-8-2018-q4-major/bin/../lib/gcc/arm-none-eabi/8.2.1/../../../../arm-none-eabi/lib/thumb/v7e-m+fp/hard/libc_nano.a(lib_a-memchr.o)
 .ARM.attributes
                0x0000000000000be9       0x34 /opt/gcc-arm-none-eabi-8-2018-q4-major/bin/../lib/gcc/arm-none-eabi/8.2.1/../../../../arm-none-eabi/lib/thumb/v7e-m+fp/hard/libc_nano.a(lib_a-memmove.o)
 .ARM.attributes
                0x0000000000000c1d       0x34 /opt/gcc-arm-none-eabi-8-2018-q4-major/bin/../lib/gcc/arm-none-eabi/8.2.1/../../../../arm-none-eabi/lib/thumb/v7e-m+fp/hard/libc_nano.a(lib_a-mlock.o)
 .ARM.attributes
                0x0000000000000c51       0x34 /opt/gcc-arm-none-eabi-8-2018-q4-major/bin/../lib/gcc/arm-none-eabi/8.2.1/../../../../arm-none-eabi/lib/thumb/v7e-m+fp/hard/libc_nano.a(lib_a-nano-reallocr.o)
 .ARM.attributes
                0x0000000000000c85       0x34 /opt/gcc-arm-none-eabi-8-2018-q4-major/bin/../lib/gcc/arm-none-eabi/8.2.1/../../../../arm-none-eabi/lib/thumb/v7e-m+fp/hard/libc_nano.a(lib_a-nano-svfprintf.o)
 .ARM.attributes
                0x0000000000000cb9       0x34 /opt/gcc-arm-none-eabi-8-2018-q4-major/bin/../lib/gcc/arm-none-eabi/8.2.1/../../../../arm-none-eabi/lib/thumb/v7e-m+fp/hard/libc_nano.a(lib_a-reent.o)
 .ARM.attributes
                0x0000000000000ced       0x34 /opt/gcc-arm-none-eabi-8-2018-q4-major/bin/../lib/gcc/arm-none-eabi/8.2.1/../../../../arm-none-eabi/lib/thumb/v7e-m+fp/hard/libc_nano.a(lib_a-signal.o)
 .ARM.attributes
                0x0000000000000d21       0x34 /opt/gcc-arm-none-eabi-8-2018-q4-major/bin/../lib/gcc/arm-none-eabi/8.2.1/../../../../arm-none-eabi/lib/thumb/v7e-m+fp/hard/libc_nano.a(lib_a-signalr.o)
 .ARM.attributes
                0x0000000000000d55       0x34 /opt/gcc-arm-none-eabi-8-2018-q4-major/bin/../lib/gcc/arm-none-eabi/8.2.1/../../../../arm-none-eabi/lib/thumb/v7e-m+fp/hard/libc_nano.a(lib_a-stdio.o)
 .ARM.attributes
                0x0000000000000d89       0x34 /opt/gcc-arm-none-eabi-8-2018-q4-major/bin/../lib/gcc/arm-none-eabi/8.2.1/../../../../arm-none-eabi/lib/thumb/v7e-m+fp/hard/libc_nano.a(lib_a-writer.o)
 .ARM.attributes
                0x0000000000000dbd       0x34 /opt/gcc-arm-none-eabi-8-2018-q4-major/bin/../lib/gcc/arm-none-eabi/8.2.1/../../../../arm-none-eabi/lib/thumb/v7e-m+fp/hard/libc_nano.a(lib_a-closer.o)
 .ARM.attributes
                0x0000000000000df1       0x34 /opt/gcc-arm-none-eabi-8-2018-q4-major/bin/../lib/gcc/arm-none-eabi/8.2.1/../../../../arm-none-eabi/lib/thumb/v7e-m+fp/hard/libc_nano.a(lib_a-fstatr.o)
 .ARM.attributes
                0x0000000000000e25       0x34 /opt/gcc-arm-none-eabi-8-2018-q4-major/bin/../lib/gcc/arm-none-eabi/8.2.1/../../../../arm-none-eabi/lib/thumb/v7e-m+fp/hard/libc_nano.a(lib_a-isattyr.o)
 .ARM.attributes
                0x0000000000000e59       0x34 /opt/gcc-arm-none-eabi-8-2018-q4-major/bin/../lib/gcc/arm-none-eabi/8.2.1/../../../../arm-none-eabi/lib/thumb/v7e-m+fp/hard/libc_nano.a(lib_a-lseekr.o)
 .ARM.attributes
                0x0000000000000e8d       0x34 /opt/gcc-arm-none-eabi-8-2018-q4-major/bin/../lib/gcc/arm-none-eabi/8.2.1/../../../../arm-none-eabi/lib/thumb/v7e-m+fp/hard/libc_nano.a(lib_a-nano-msizer.o)
 .ARM.attributes
                0x0000000000000ec1       0x34 /opt/gcc-arm-none-eabi-8-2018-q4-major/bin/../lib/gcc/arm-none-eabi/8.2.1/../../../../arm-none-eabi/lib/thumb/v7e-m+fp/hard/libc_nano.a(lib_a-readr.o)
 .ARM.attributes
                0x0000000000000ef5       0x34 /opt/gcc-arm-none-eabi-8-2018-q4-major/bin/../lib/gcc/arm-none-eabi/8.2.1/../../../../arm-none-eabi/lib/thumb/v7e-m+fp/hard/libnosys.a(close.o)
 .ARM.attributes
                0x0000000000000f29       0x34 /opt/gcc-arm-none-eabi-8-2018-q4-major/bin/../lib/gcc/arm-none-eabi/8.2.1/../../../../arm-none-eabi/lib/thumb/v7e-m+fp/hard/libnosys.a(fstat.o)
 .ARM.attributes
                0x0000000000000f5d       0x34 /opt/gcc-arm-none-eabi-8-2018-q4-major/bin/../lib/gcc/arm-none-eabi/8.2.1/../../../../arm-none-eabi/lib/thumb/v7e-m+fp/hard/libnosys.a(getpid.o)
 .ARM.attributes
                0x0000000000000f91       0x34 /opt/gcc-arm-none-eabi-8-2018-q4-major/bin/../lib/gcc/arm-none-eabi/8.2.1/../../../../arm-none-eabi/lib/thumb/v7e-m+fp/hard/libnosys.a(isatty.o)
 .ARM.attributes
                0x0000000000000fc5       0x34 /opt/gcc-arm-none-eabi-8-2018-q4-major/bin/../lib/gcc/arm-none-eabi/8.2.1/../../../../arm-none-eabi/lib/thumb/v7e-m+fp/hard/libnosys.a(kill.o)
 .ARM.attributes
                0x0000000000000ff9       0x34 /opt/gcc-arm-none-eabi-8-2018-q4-major/bin/../lib/gcc/arm-none-eabi/8.2.1/../../../../arm-none-eabi/lib/thumb/v7e-m+fp/hard/libnosys.a(lseek.o)
 .ARM.attributes
                0x000000000000102d       0x34 /opt/gcc-arm-none-eabi-8-2018-q4-major/bin/../lib/gcc/arm-none-eabi/8.2.1/../../../../arm-none-eabi/lib/thumb/v7e-m+fp/hard/libnosys.a(read.o)
 .ARM.attributes
                0x0000000000001061       0x34 /opt/gcc-arm-none-eabi-8-2018-q4-major/bin/../lib/gcc/arm-none-eabi/8.2.1/../../../../arm-none-eabi/lib/thumb/v7e-m+fp/hard/libnosys.a(sbrk.o)
 .ARM.attributes
                0x0000000000001095       0x34 /opt/gcc-arm-none-eabi-8-2018-q4-major/bin/../lib/gcc/arm-none-eabi/8.2.1/../../../../arm-none-eabi/lib/thumb/v7e-m+fp/hard/libnosys.a(write.o)
 .ARM.attributes
                0x00000000000010c9       0x34 /opt/gcc-arm-none-eabi-8-2018-q4-major/bin/../lib/gcc/arm-none-eabi/8.2.1/../../../../arm-none-eabi/lib/thumb/v7e-m+fp/hard/libnosys.a(_exit.o)
 .ARM.attributes
                0x00000000000010fd       0x32 /opt/gcc-arm-none-eabi-8-2018-q4-major/bin/../lib/gcc/arm-none-eabi/8.2.1/thumb/v7e-m+fp/hard/crtend.o
 .ARM.attributes
                0x000000000000112f       0x1e /opt/gcc-arm-none-eabi-8-2018-q4-major/bin/../lib/gcc/arm-none-eabi/8.2.1/thumb/v7e-m+fp/hard/crtn.o

.comment        0x0000000000000000       0x75
 .comment       0x0000000000000000       0x75 _build/nrf52840_xxaa/nrf_log_backend_serial.c.o
                                         0x76 (size before relaxing)
 .comment       0x0000000000000075       0x76 _build/nrf52840_xxaa/nrf_log_backend_uart.c.o
 .comment       0x0000000000000075       0x76 _build/nrf52840_xxaa/nrf_log_default_backends.c.o
 .comment       0x0000000000000075       0x76 _build/nrf52840_xxaa/nrf_log_frontend.c.o
 .comment       0x0000000000000075       0x76 _build/nrf52840_xxaa/nrf_log_str_formatter.c.o
 .comment       0x0000000000000075       0x76 _build/nrf52840_xxaa/heap_1.c.o
 .comment       0x0000000000000075       0x76 _build/nrf52840_xxaa/list.c.o
 .comment       0x0000000000000075       0x76 _build/nrf52840_xxaa/port.c.o
 .comment       0x0000000000000075       0x76 _build/nrf52840_xxaa/port_cmsis.c.o
 .comment       0x0000000000000075       0x76 _build/nrf52840_xxaa/port_cmsis_systick.c.o
 .comment       0x0000000000000075       0x76 _build/nrf52840_xxaa/queue.c.o
 .comment       0x0000000000000075       0x76 _build/nrf52840_xxaa/tasks.c.o
 .comment       0x0000000000000075       0x76 _build/nrf52840_xxaa/timers.c.o
 .comment       0x0000000000000075       0x76 _build/nrf52840_xxaa/app_error.c.o
 .comment       0x0000000000000075       0x76 _build/nrf52840_xxaa/app_error_weak.c.o
 .comment       0x0000000000000075       0x76 _build/nrf52840_xxaa/app_util_platform.c.o
 .comment       0x0000000000000075       0x76 _build/nrf52840_xxaa/nrf_atomic.c.o
 .comment       0x0000000000000075       0x76 _build/nrf52840_xxaa/nrf_balloc.c.o
 .comment       0x0000000000000075       0x76 _build/nrf52840_xxaa/nrf_fprintf.c.o
 .comment       0x0000000000000075       0x76 _build/nrf52840_xxaa/nrf_fprintf_format.c.o
 .comment       0x0000000000000075       0x76 _build/nrf52840_xxaa/nrf_memobj.c.o
 .comment       0x0000000000000075       0x76 _build/nrf52840_xxaa/nrf_ringbuf.c.o
 .comment       0x0000000000000075       0x76 _build/nrf52840_xxaa/nrf_drv_clock.c.o
 .comment       0x0000000000000075       0x76 _build/nrf52840_xxaa/nrfx_clock.c.o
 .comment       0x0000000000000075       0x76 _build/nrf52840_xxaa/nrfx_gpiote.c.o
 .comment       0x0000000000000075       0x76 _build/nrf52840_xxaa/main.c.o
 .comment       0x0000000000000075       0x76 _build/nrf52840_xxaa/system_nrf52840.c.o
 .comment       0x0000000000000075       0x76 _build/nrf52840_xxaa/nrf_drv_uart.c.o
 .comment       0x0000000000000075       0x76 _build/nrf52840_xxaa/nrfx_uart.c.o
 .comment       0x0000000000000075       0x76 _build/nrf52840_xxaa/nrfx_uarte.c.o
 .comment       0x0000000000000075       0x76 _build/nrf52840_xxaa/nrfx_prs.c.o
 .comment       0x0000000000000075       0x76 _build/nrf52840_xxaa/gps_buffer.c.o

.debug_line     0x0000000000000000    0x1e06b
 .debug_line    0x0000000000000000       0x89 _build/nrf52840_xxaa/gcc_startup_nrf52840.S.o
 .debug_line    0x0000000000000089      0x863 _build/nrf52840_xxaa/nrf_log_backend_serial.c.o
 .debug_line    0x00000000000008ec      0xb72 _build/nrf52840_xxaa/nrf_log_backend_uart.c.o
 .debug_line    0x000000000000145e      0x749 _build/nrf52840_xxaa/nrf_log_default_backends.c.o
 .debug_line    0x0000000000001ba7     0x2acc _build/nrf52840_xxaa/nrf_log_frontend.c.o
 .debug_line    0x0000000000004673      0x96d _build/nrf52840_xxaa/nrf_log_str_formatter.c.o
 .debug_line    0x0000000000004fe0      0x72e _build/nrf52840_xxaa/heap_1.c.o
 .debug_line    0x000000000000570e      0x7c8 _build/nrf52840_xxaa/list.c.o
 .debug_line    0x0000000000005ed6      0x633 _build/nrf52840_xxaa/port.c.o
 .debug_line    0x0000000000006509      0x7a6 _build/nrf52840_xxaa/port_cmsis.c.o
 .debug_line    0x0000000000006caf      0xe41 _build/nrf52840_xxaa/port_cmsis_systick.c.o
 .debug_line    0x0000000000007af0     0x29f9 _build/nrf52840_xxaa/queue.c.o
 .debug_line    0x000000000000a4e9     0x2db4 _build/nrf52840_xxaa/tasks.c.o
 .debug_line    0x000000000000d29d      0xf45 _build/nrf52840_xxaa/timers.c.o
 .debug_line    0x000000000000e1e2      0x576 _build/nrf52840_xxaa/app_error.c.o
 .debug_line    0x000000000000e758      0x81d _build/nrf52840_xxaa/app_error_weak.c.o
 .debug_line    0x000000000000ef75      0x63c _build/nrf52840_xxaa/app_util_platform.c.o
 .debug_line    0x000000000000f5b1      0x7dd _build/nrf52840_xxaa/nrf_atomic.c.o
 .debug_line    0x000000000000fd8e      0x88f _build/nrf52840_xxaa/nrf_balloc.c.o
 .debug_line    0x000000000001061d      0x54f _build/nrf52840_xxaa/nrf_fprintf.c.o
 .debug_line    0x0000000000010b6c      0xe3b _build/nrf52840_xxaa/nrf_fprintf_format.c.o
 .debug_line    0x00000000000119a7      0xa91 _build/nrf52840_xxaa/nrf_memobj.c.o
 .debug_line    0x0000000000012438      0x99a _build/nrf52840_xxaa/nrf_ringbuf.c.o
 .debug_line    0x0000000000012dd2      0xd5e _build/nrf52840_xxaa/nrf_drv_clock.c.o
 .debug_line    0x0000000000013b30      0xe98 _build/nrf52840_xxaa/nrfx_clock.c.o
 .debug_line    0x00000000000149c8     0x30ce _build/nrf52840_xxaa/nrfx_gpiote.c.o
 .debug_line    0x0000000000017a96      0xd89 _build/nrf52840_xxaa/main.c.o
 .debug_line    0x000000000001881f      0x644 _build/nrf52840_xxaa/system_nrf52840.c.o
 .debug_line    0x0000000000018e63      0x80f _build/nrf52840_xxaa/nrf_drv_uart.c.o
 .debug_line    0x0000000000019672     0x1ea5 _build/nrf52840_xxaa/nrfx_uart.c.o
 .debug_line    0x000000000001b517     0x1bc1 _build/nrf52840_xxaa/nrfx_uarte.c.o
 .debug_line    0x000000000001d0d8      0x8ee _build/nrf52840_xxaa/nrfx_prs.c.o
 .debug_line    0x000000000001d9c6      0x6a5 _build/nrf52840_xxaa/gps_buffer.c.o

.debug_info     0x0000000000000000    0x3786a
 .debug_info    0x0000000000000000       0x26 _build/nrf52840_xxaa/gcc_startup_nrf52840.S.o
 .debug_info    0x0000000000000026     0x11fe _build/nrf52840_xxaa/nrf_log_backend_serial.c.o
 .debug_info    0x0000000000001224     0x1c74 _build/nrf52840_xxaa/nrf_log_backend_uart.c.o
 .debug_info    0x0000000000002e98      0xd48 _build/nrf52840_xxaa/nrf_log_default_backends.c.o
 .debug_info    0x0000000000003be0     0x4a8f _build/nrf52840_xxaa/nrf_log_frontend.c.o
 .debug_info    0x000000000000866f     0x13d4 _build/nrf52840_xxaa/nrf_log_str_formatter.c.o
 .debug_info    0x0000000000009a43      0xac5 _build/nrf52840_xxaa/heap_1.c.o
 .debug_info    0x000000000000a508      0xbd6 _build/nrf52840_xxaa/list.c.o
 .debug_info    0x000000000000b0de      0x9c6 _build/nrf52840_xxaa/port.c.o
 .debug_info    0x000000000000baa4     0x11c7 _build/nrf52840_xxaa/port_cmsis.c.o