Archive member included to satisfy reference by file (symbol)

/opt/gcc-arm-none-eabi-8-2018-q4-major/bin/../lib/gcc/arm-none-eabi/8.2.1/../../../../arm-none-eabi/lib/thumb/v7e-m+fp/hard/libc_nano.a(lib_a-ctype_.o)
                              _build/nrf52840_xxaa/nrf_log_str_formatter.c.o (_ctype_)
/opt/gcc-arm-none-eabi-8-2018-q4-major/bin/../lib/gcc/arm-none-eabi/8.2.1/../../../../arm-none-eabi/lib/thumb/v7e-m+fp/hard/libc_nano.a(lib_a-exit.o)
                              /opt/gcc-arm-none-eabi-8-2018-q4-major/bin/../lib/gcc/arm-none-eabi/8.2.1/../../../../arm-none-eabi/lib/thumb/v7e-m+fp/hard/crt0.o (exit)
/opt/gcc-arm-none-eabi-8-2018-q4-major/bin/../lib/gcc/arm-none-eabi/8.2.1/../../../../arm-none-eabi/lib/thumb/v7e-m+fp/hard/libc_nano.a(lib_a-impure.o)
                              /opt/gcc-arm-none-eabi-8-2018-q4-major/bin/../lib/gcc/arm-none-eabi/8.2.1/../../../../arm-none-eabi/lib/thumb/v7e-m+fp/hard/libc_nano.a(lib_a-exit.o) (_global_impure_ptr)
/opt/gcc-arm-none-eabi-8-2018-q4-major/bin/../lib/gcc/arm-none-eabi/8.2.1/../../../../arm-none-eabi/lib/thumb/v7e-m+fp/hard/libc_nano.a(lib_a-init.o)
                              /opt/gcc-arm-none-eabi-8-2018-q4-major/bin/../lib/gcc/arm-none-eabi/8.2.1/../../../../arm-none-eabi/lib/thumb/v7e-m+fp/hard/crt0.o (__libc_init_array)
/opt/gcc-arm-none-eabi-8-2018-q4-major/bin/../lib/gcc/arm-none-eabi/8.2.1/../../../../arm-none-eabi/lib/thumb/v7e-m+fp/hard/libc_nano.a(lib_a-memcpy-stub.o)
                              _build/nrf52840_xxaa/nrf_log_frontend.c.o (memcpy)
/opt/gcc-arm-none-eabi-8-2018-q4-major/bin/../lib/gcc/arm-none-eabi/8.2.1/../../../../arm-none-eabi/lib/thumb/v7e-m+fp/hard/libc_nano.a(lib_a-memset.o)
                              /opt/gcc-arm-none-eabi-8-2018-q4-major/bin/../lib/gcc/arm-none-eabi/8.2.1/../../../../arm-none-eabi/lib/thumb/v7e-m+fp/hard/crt0.o (memset)
/opt/gcc-arm-none-eabi-8-2018-q4-major/bin/../lib/gcc/arm-none-eabi/8.2.1/../../../../arm-none-eabi/lib/thumb/v7e-m+fp/hard/libc_nano.a(lib_a-strlen.o)
                              _build/nrf52840_xxaa/nrf_log_frontend.c.o (strlen)
/opt/gcc-arm-none-eabi-8-2018-q4-major/bin/../lib/gcc/arm-none-eabi/8.2.1/../../../../arm-none-eabi/lib/thumb/v7e-m+fp/hard/libnosys.a(_exit.o)
                              /opt/gcc-arm-none-eabi-8-2018-q4-major/bin/../lib/gcc/arm-none-eabi/8.2.1/../../../../arm-none-eabi/lib/thumb/v7e-m+fp/hard/libc_nano.a(lib_a-exit.o) (_exit)

Allocating common symbols
Common symbol       size              file

nrf_drv_uart_use_easy_dma
                    0x2               _build/nrf52840_xxaa/nrf_drv_uart.c.o

Discarded input sections

 .text          0x0000000000000000        0x0 /opt/gcc-arm-none-eabi-8-2018-q4-major/bin/../lib/gcc/arm-none-eabi/8.2.1/thumb/v7e-m+fp/hard/crti.o
 .data          0x0000000000000000        0x0 /opt/gcc-arm-none-eabi-8-2018-q4-major/bin/../lib/gcc/arm-none-eabi/8.2.1/thumb/v7e-m+fp/hard/crti.o
 .bss           0x0000000000000000        0x0 /opt/gcc-arm-none-eabi-8-2018-q4-major/bin/../lib/gcc/arm-none-eabi/8.2.1/thumb/v7e-m+fp/hard/crti.o
 .data          0x0000000000000000        0x4 /opt/gcc-arm-none-eabi-8-2018-q4-major/bin/../lib/gcc/arm-none-eabi/8.2.1/thumb/v7e-m+fp/hard/crtbegin.o
 .data          0x0000000000000000        0x0 /opt/gcc-arm-none-eabi-8-2018-q4-major/bin/../lib/gcc/arm-none-eabi/8.2.1/../../../../arm-none-eabi/lib/thumb/v7e-m+fp/hard/crt0.o
 .bss           0x0000000000000000        0x0 /opt/gcc-arm-none-eabi-8-2018-q4-major/bin/../lib/gcc/arm-none-eabi/8.2.1/../../../../arm-none-eabi/lib/thumb/v7e-m+fp/hard/crt0.o
 .ARM.extab     0x0000000000000000        0x0 /opt/gcc-arm-none-eabi-8-2018-q4-major/bin/../lib/gcc/arm-none-eabi/8.2.1/../../../../arm-none-eabi/lib/thumb/v7e-m+fp/hard/crt0.o
 .data          0x0000000000000000        0x0 _build/nrf52840_xxaa/gcc_startup_nrf52840.S.o
 .bss           0x0000000000000000        0x0 _build/nrf52840_xxaa/gcc_startup_nrf52840.S.o
 .group         0x0000000000000000        0xc _build/nrf52840_xxaa/nrf_log_backend_rtt.c.o
 .group         0x0000000000000000        0xc _build/nrf52840_xxaa/nrf_log_backend_rtt.c.o
 .group         0x0000000000000000        0xc _build/nrf52840_xxaa/nrf_log_backend_rtt.c.o
 .group         0x0000000000000000        0xc _build/nrf52840_xxaa/nrf_log_backend_rtt.c.o
 .group         0x0000000000000000        0xc _build/nrf52840_xxaa/nrf_log_backend_rtt.c.o
 .group         0x0000000000000000        0xc _build/nrf52840_xxaa/nrf_log_backend_rtt.c.o
 .group         0x0000000000000000        0xc _build/nrf52840_xxaa/nrf_log_backend_rtt.c.o
 .group         0x0000000000000000        0xc _build/nrf52840_xxaa/nrf_log_backend_rtt.c.o
 .group         0x0000000000000000        0xc _build/nrf52840_xxaa/nrf_log_backend_rtt.c.o
 .group         0x0000000000000000        0xc _build/nrf52840_xxaa/nrf_log_backend_rtt.c.o
 .group         0x0000000000000000        0xc _build/nrf52840_xxaa/nrf_log_backend_rtt.c.o
[...]
Memory Configuration

Name             Origin             Length             Attributes
FLASH            0x0000000000000000 0x0000000000100000 xr
RAM              0x0000000020000000 0x0000000000040000 xrw
*default*        0x0000000000000000 0xffffffffffffffff

Linker script and memory map


.text           0x0000000000000000     0x2d24
 *(.isr_vector)
 .isr_vector    0x0000000000000000      0x200 _build/nrf52840_xxaa/gcc_startup_nrf52840.S.o
                0x0000000000000000                __isr_vector
 *(.text*)
 .text          0x0000000000000200       0x40 /opt/gcc-arm-none-eabi-8-2018-q4-major/bin/../lib/gcc/arm-none-eabi/8.2.1/thumb/v7e-m+fp/hard/crtbegin.o
 .text          0x0000000000000240       0x74 /opt/gcc-arm-none-eabi-8-2018-q4-major/bin/../lib/gcc/arm-none-eabi/8.2.1/../../../../arm-none-eabi/lib/thumb/v7e-m+fp/hard/crt0.o
                0x0000000000000240                _mainCRTStartup
                0x0000000000000240                _start
 .text          0x00000000000002b4       0x3c _build/nrf52840_xxaa/gcc_startup_nrf52840.S.o
                0x00000000000002b4                Reset_Handler
                0x00000000000002dc                NMI_Handler
                0x00000000000002de                HardFault_Handler
                0x00000000000002e0                MemoryManagement_Handler
                0x00000000000002e2                BusFault_Handler
                0x00000000000002e4                UsageFault_Handler
                0x00000000000002e6                SVC_Handler
                0x00000000000002e8                DebugMon_Handler
                0x00000000000002ea                PendSV_Handler
                0x00000000000002ec                SysTick_Handler
                0x00000000000002ee                TIMER2_IRQHandler
                0x00000000000002ee                RTC0_IRQHandler
                0x00000000000002ee                SWI0_EGU0_IRQHandler
                0x00000000000002ee                SWI2_EGU2_IRQHandler
                0x00000000000002ee                GPIOTE_IRQHandler
                0x00000000000002ee                PWM1_IRQHandler
                0x00000000000002ee                POWER_CLOCK_IRQHandler
                0x00000000000002ee                RADIO_IRQHandler
                0x00000000000002ee                PDM_IRQHandler
                0x00000000000002ee                TEMP_IRQHandler
                0x00000000000002ee                QDEC_IRQHandler
                0x00000000000002ee                TIMER3_IRQHandler
                0x00000000000002ee                PWM3_IRQHandler
                0x00000000000002ee                FPU_IRQHandler
                0x00000000000002ee                USBD_IRQHandler
                0x00000000000002ee                SPIM0_SPIS0_TWIM0_TWIS0_SPI0_TWI0_IRQHandler
                0x00000000000002ee                TIMER4_IRQHandler
                0x00000000000002ee                CRYPTOCELL_IRQHandler
                0x00000000000002ee                I2S_IRQHandler
                0x00000000000002ee                SWI4_EGU4_IRQHandler
                0x00000000000002ee                TIMER0_IRQHandler
                0x00000000000002ee                UARTE1_IRQHandler
                0x00000000000002ee                TIMER1_IRQHandler
                0x00000000000002ee                SPIM3_IRQHandler
                0x00000000000002ee                PWM2_IRQHandler
                0x00000000000002ee                ECB_IRQHandler
                0x00000000000002ee                SPIM1_SPIS1_TWIM1_TWIS1_SPI1_TWI1_IRQHandler
                0x00000000000002ee                Default_Handler
                0x00000000000002ee                SAADC_IRQHandler
                0x00000000000002ee                CCM_AAR_IRQHandler
                0x00000000000002ee                WDT_IRQHandler
                0x00000000000002ee                SWI5_EGU5_IRQHandler
                0x00000000000002ee                RNG_IRQHandler
                0x00000000000002ee                RTC2_IRQHandler
                0x00000000000002ee                PWM0_IRQHandler
                0x00000000000002ee                SWI3_EGU3_IRQHandler
                0x00000000000002ee                RTC1_IRQHandler
                0x00000000000002ee                SWI1_EGU1_IRQHandler
                0x00000000000002ee                SPIM2_SPIS2_SPI2_IRQHandler
                0x00000000000002ee                NFCT_IRQHandler
                0x00000000000002ee                MWU_IRQHandler
                0x00000000000002ee                QSPI_IRQHandler
                0x00000000000002ee                COMP_LPCOMP_IRQHandler
 .text.nrf_log_backend_serial_put
                0x00000000000002f0       0xd4 _build/nrf52840_xxaa/nrf_log_backend_serial.c.o
                0x00000000000002f0                nrf_log_backend_serial_put
 .text.uart_evt_handler
                0x00000000000003c4        0xc _build/nrf52840_xxaa/nrf_log_backend_uart.c.o
 .text.nrf_log_backend_uart_flush
                0x00000000000003d0        0x4 _build/nrf52840_xxaa/nrf_log_backend_uart.c.o
 .text.nrf_log_backend_uart_put
                0x00000000000003d4       0x20 _build/nrf52840_xxaa/nrf_log_backend_uart.c.o
 .text.serial_tx
                0x00000000000003f4       0x4c _build/nrf52840_xxaa/nrf_log_backend_uart.c.o
 .text.nrf_log_backend_uart_panic_set
                0x0000000000000440       0x64 _build/nrf52840_xxaa/nrf_log_backend_uart.c.o
 .text.nrf_log_backend_uart_init
                0x00000000000004a4       0x4c _build/nrf52840_xxaa/nrf_log_backend_uart.c.o
                0x00000000000004a4                nrf_log_backend_uart_init
 .text.nrf_log_default_backends_init
                0x00000000000004f0       0x20 _build/nrf52840_xxaa/nrf_log_default_backends.c.o
                0x00000000000004f0                nrf_log_default_backends_init
 .text.nrf_log_init
                0x0000000000000510       0x40 _build/nrf52840_xxaa/nrf_log_frontend.c.o
                0x0000000000000510                nrf_log_init
 .text.nrf_log_module_name_get
                0x0000000000000550       0x58 _build/nrf52840_xxaa/nrf_log_frontend.c.o
                0x0000000000000550                nrf_log_module_name_get
 .text.nrf_log_color_id_get
                0x00000000000005a8       0x2c _build/nrf52840_xxaa/nrf_log_frontend.c.o
                0x00000000000005a8                nrf_log_color_id_get
 .text.nrf_log_frontend_dequeue
                0x00000000000005d4      0x41c _build/nrf52840_xxaa/nrf_log_frontend.c.o
                0x00000000000005d4                nrf_log_frontend_dequeue
 .text.nrf_log_frontend_std_0
                0x00000000000009f0      0x1a8 _build/nrf52840_xxaa/nrf_log_frontend.c.o
                0x00000000000009f0                nrf_log_frontend_std_0
 .text.nrf_log_backend_add
                0x0000000000000b98       0x74 _build/nrf52840_xxaa/nrf_log_frontend.c.o
                0x0000000000000b98                nrf_log_backend_add
 .text.nrf_log_panic
                0x0000000000000c0c       0x2c _build/nrf52840_xxaa/nrf_log_frontend.c.o
                0x0000000000000c0c                nrf_log_panic
 .text.prefix_process
                0x0000000000000c38       0x80 _build/nrf52840_xxaa/nrf_log_str_formatter.c.o
 .text.nrf_log_std_entry_process
                0x0000000000000cb8       0xec _build/nrf52840_xxaa/nrf_log_str_formatter.c.o
                0x0000000000000cb8                nrf_log_std_entry_process
 .text.nrf_log_hexdump_entry_process
                0x0000000000000da4       0xfc _build/nrf52840_xxaa/nrf_log_str_formatter.c.o
                0x0000000000000da4                nrf_log_hexdump_entry_process
 .text.bsp_board_led_invert
                0x0000000000000ea0       0x34 _build/nrf52840_xxaa/boards.c.o
                0x0000000000000ea0                bsp_board_led_invert
 .text.bsp_board_init
                0x0000000000000ed4       0x5c _build/nrf52840_xxaa/boards.c.o
                0x0000000000000ed4                bsp_board_init
 .text.app_error_handler_bare
                0x0000000000000f30       0x20 _build/nrf52840_xxaa/app_error.c.o
                0x0000000000000f30                app_error_handler_bare
 .text.app_error_fault_handler
                0x0000000000000f50       0x70 _build/nrf52840_xxaa/app_error_weak.c.o
                0x0000000000000f50                app_error_fault_handler
 .text.app_util_critical_region_enter
                0x0000000000000fc0       0x10 _build/nrf52840_xxaa/app_util_platform.c.o
                0x0000000000000fc0                app_util_critical_region_enter
 .text.app_util_critical_region_exit
                0x0000000000000fd0       0x14 _build/nrf52840_xxaa/app_util_platform.c.o
                0x0000000000000fd0                app_util_critical_region_exit
 .text.nrf_atomic_u32_fetch_store
                0x0000000000000fe4       0x14 _build/nrf52840_xxaa/nrf_atomic.c.o
                0x0000000000000fe4                nrf_atomic_u32_fetch_store
 .text.nrf_atomic_u32_add
                0x0000000000000ff8       0x18 _build/nrf52840_xxaa/nrf_atomic.c.o
                0x0000000000000ff8                nrf_atomic_u32_add
 .text.nrf_atomic_u32_sub
                0x0000000000001010       0x18 _build/nrf52840_xxaa/nrf_atomic.c.o
                0x0000000000001010                nrf_atomic_u32_sub
 .text.nrf_atomic_flag_set
                0x0000000000001028       0x18 _build/nrf52840_xxaa/nrf_atomic.c.o
                0x0000000000001028                nrf_atomic_flag_set
 .text.nrf_atomic_flag_clear_fetch
                0x0000000000001040       0x18 _build/nrf52840_xxaa/nrf_atomic.c.o
                0x0000000000001040                nrf_atomic_flag_clear_fetch
 .text.nrf_balloc_init
                0x0000000000001058       0x38 _build/nrf52840_xxaa/nrf_balloc.c.o
                0x0000000000001058                nrf_balloc_init
 .text.nrf_balloc_alloc
                0x0000000000001090       0x4c _build/nrf52840_xxaa/nrf_balloc.c.o
                0x0000000000001090                nrf_balloc_alloc
 .text.nrf_balloc_free
                0x00000000000010dc       0x2c _build/nrf52840_xxaa/nrf_balloc.c.o
                0x00000000000010dc                nrf_balloc_free
 .text.nrf_fprintf_buffer_flush
                0x0000000000001108       0x18 _build/nrf52840_xxaa/nrf_fprintf.c.o
                0x0000000000001108                nrf_fprintf_buffer_flush
 .text.nrf_fprintf
                0x0000000000001120       0x20 _build/nrf52840_xxaa/nrf_fprintf.c.o
                0x0000000000001120                nrf_fprintf
 .text.unsigned_print
                0x0000000000001140      0x158 _build/nrf52840_xxaa/nrf_fprintf_format.c.o
 .text.nrf_fprintf_fmt
                0x0000000000001298      0x73c _build/nrf52840_xxaa/nrf_fprintf_format.c.o
                0x0000000000001298                nrf_fprintf_fmt
 .text.nrf_memobj_pool_init
                0x00000000000019d4        0x4 _build/nrf52840_xxaa/nrf_memobj.c.o
                0x00000000000019d4                nrf_memobj_pool_init
 .text.nrf_memobj_alloc
                0x00000000000019d8       0x98 _build/nrf52840_xxaa/nrf_memobj.c.o
                0x00000000000019d8                nrf_memobj_alloc
 .text.nrf_memobj_get
                0x0000000000001a70        0x8 _build/nrf52840_xxaa/nrf_memobj.c.o
                0x0000000000001a70                nrf_memobj_get
 .text.nrf_memobj_put
                0x0000000000001a78       0x58 _build/nrf52840_xxaa/nrf_memobj.c.o
                0x0000000000001a78                nrf_memobj_put
 .text.nrf_memobj_write
                0x0000000000001ad0       0x68 _build/nrf52840_xxaa/nrf_memobj.c.o
                0x0000000000001ad0                nrf_memobj_write
 .text.nrf_memobj_read
                0x0000000000001b38       0x68 _build/nrf52840_xxaa/nrf_memobj.c.o
                0x0000000000001b38                nrf_memobj_read
 .text.nrf_ringbuf_init
                0x0000000000001ba0       0x1c _build/nrf52840_xxaa/nrf_ringbuf.c.o
                0x0000000000001ba0                nrf_ringbuf_init
 .text.startup.main
                0x0000000000001bbc       0x88 _build/nrf52840_xxaa/main.c.o
                0x0000000000001bbc                main
 .text.SystemInit
                0x0000000000001c44      0x1c4 _build/nrf52840_xxaa/system_nrf52840.c.o
                0x0000000000001c44                SystemInit
 .text.uarte_evt_handler
                0x0000000000001e08       0x34 _build/nrf52840_xxaa/nrf_drv_uart.c.o
 .text.uart_evt_handler
                0x0000000000001e3c       0x34 _build/nrf52840_xxaa/nrf_drv_uart.c.o
 .text.nrf_drv_uart_init
                0x0000000000001e70       0x88 _build/nrf52840_xxaa/nrf_drv_uart.c.o
                0x0000000000001e70                nrf_drv_uart_init
 .text.nrfx_uart_0_irq_handler
                0x0000000000001ef8      0x1c0 _build/nrf52840_xxaa/nrfx_uart.c.o
                0x0000000000001ef8                nrfx_uart_0_irq_handler
 .text.nrfx_uart_init
                0x00000000000020b8      0x1e0 _build/nrf52840_xxaa/nrfx_uart.c.o
                0x00000000000020b8                nrfx_uart_init
 .text.nrfx_uart_uninit
                0x0000000000002298       0xfc _build/nrf52840_xxaa/nrfx_uart.c.o
                0x0000000000002298                nrfx_uart_uninit
 .text.nrfx_uart_tx
                0x0000000000002394       0xcc _build/nrf52840_xxaa/nrfx_uart.c.o
                0x0000000000002394                nrfx_uart_tx
 .text.nrfx_uarte_0_irq_handler
                0x0000000000002460      0x124 _build/nrf52840_xxaa/nrfx_uarte.c.o
                0x0000000000002460                nrfx_uarte_0_irq_handler
 .text.nrfx_uarte_init
                0x0000000000002584      0x204 _build/nrf52840_xxaa/nrfx_uarte.c.o
                0x0000000000002584                nrfx_uarte_init
 .text.nrfx_uarte_uninit
                0x0000000000002788      0x100 _build/nrf52840_xxaa/nrfx_uarte.c.o
                0x0000000000002788                nrfx_uarte_uninit
 .text.nrfx_uarte_tx
                0x0000000000002888       0xa4 _build/nrf52840_xxaa/nrfx_uarte.c.o
                0x0000000000002888                nrfx_uarte_tx
 .text.UARTE0_UART0_IRQHandler
                0x000000000000292c        0xc _build/nrf52840_xxaa/nrfx_prs.c.o
                0x000000000000292c                UARTE0_UART0_IRQHandler
 .text.nrfx_prs_acquire
                0x0000000000002938       0x3c _build/nrf52840_xxaa/nrfx_prs.c.o
                0x0000000000002938                nrfx_prs_acquire
 .text.nrfx_prs_release
                0x0000000000002974       0x18 _build/nrf52840_xxaa/nrfx_prs.c.o
                0x0000000000002974                nrfx_prs_release
 .text.exit     0x000000000000298c       0x28 /opt/gcc-arm-none-eabi-8-2018-q4-major/bin/../lib/gcc/arm-none-eabi/8.2.1/../../../../arm-none-eabi/lib/thumb/v7e-m+fp/hard/libc_nano.a(lib_a-exit.o)
                0x000000000000298c                exit
 .text.__libc_init_array
                0x00000000000029b4       0x48 /opt/gcc-arm-none-eabi-8-2018-q4-major/bin/../lib/gcc/arm-none-eabi/8.2.1/../../../../arm-none-eabi/lib/thumb/v7e-m+fp/hard/libc_nano.a(lib_a-init.o)
                0x00000000000029b4                __libc_init_array
 .text.memcpy   0x00000000000029fc       0x1c /opt/gcc-arm-none-eabi-8-2018-q4-major/bin/../lib/gcc/arm-none-eabi/8.2.1/../../../../arm-none-eabi/lib/thumb/v7e-m+fp/hard/libc_nano.a(lib_a-memcpy-stub.o)
                0x00000000000029fc                memcpy
 .text.memset   0x0000000000002a18       0x10 /opt/gcc-arm-none-eabi-8-2018-q4-major/bin/../lib/gcc/arm-none-eabi/8.2.1/../../../../arm-none-eabi/lib/thumb/v7e-m+fp/hard/libc_nano.a(lib_a-memset.o)
                0x0000000000002a18                memset
 .text          0x0000000000002a28       0x10 /opt/gcc-arm-none-eabi-8-2018-q4-major/bin/../lib/gcc/arm-none-eabi/8.2.1/../../../../arm-none-eabi/lib/thumb/v7e-m+fp/hard/libc_nano.a(lib_a-strlen.o)
                0x0000000000002a28                strlen
 .text._exit    0x0000000000002a38        0x4 /opt/gcc-arm-none-eabi-8-2018-q4-major/bin/../lib/gcc/arm-none-eabi/8.2.1/../../../../arm-none-eabi/lib/thumb/v7e-m+fp/hard/libnosys.a(_exit.o)
                0x0000000000002a38                _exit
 *(.init)
 .init          0x0000000000002a3c        0x4 /opt/gcc-arm-none-eabi-8-2018-q4-major/bin/../lib/gcc/arm-none-eabi/8.2.1/thumb/v7e-m+fp/hard/crti.o
                0x0000000000002a3c                _init
 .init          0x0000000000002a40        0x8 /opt/gcc-arm-none-eabi-8-2018-q4-major/bin/../lib/gcc/arm-none-eabi/8.2.1/thumb/v7e-m+fp/hard/crtn.o
 *(.fini)
 .fini          0x0000000000002a48        0x4 /opt/gcc-arm-none-eabi-8-2018-q4-major/bin/../lib/gcc/arm-none-eabi/8.2.1/thumb/v7e-m+fp/hard/crti.o
                0x0000000000002a48                _fini
 .fini          0x0000000000002a4c        0x8 /opt/gcc-arm-none-eabi-8-2018-q4-major/bin/../lib/gcc/arm-none-eabi/8.2.1/thumb/v7e-m+fp/hard/crtn.o
 *crtbegin.o(.ctors)
 *crtbegin?.o(.ctors)
 *(EXCLUDE_FILE(*crtend.o *crtend?.o) .ctors)
 *(SORT_BY_NAME(.ctors.*))
 *(.ctors)
 *crtbegin.o(.dtors)
 *crtbegin?.o(.dtors)
 *(EXCLUDE_FILE(*crtend.o *crtend?.o) .dtors)
 *(SORT_BY_NAME(.dtors.*))
 *(.dtors)
 *(.rodata*)
 .rodata        0x0000000000002a54       0x20 _build/nrf52840_xxaa/nrf_log_backend_uart.c.o
 .rodata.nrf_log_backend_uart_api
                0x0000000000002a74        0xc _build/nrf52840_xxaa/nrf_log_backend_uart.c.o
                0x0000000000002a74                nrf_log_backend_uart_api
 .rodata.str1.4
                0x0000000000002a80       0x11 _build/nrf52840_xxaa/nrf_log_default_backends.c.o
 *fill*         0x0000000000002a91        0x3 
 .rodata.m_log_push_ringbuf
                0x0000000000002a94        0xc _build/nrf52840_xxaa/nrf_log_frontend.c.o
 .rodata.nrf_log_frontend_dequeue.str1.4
                0x0000000000002aa0       0x11 _build/nrf52840_xxaa/nrf_log_frontend.c.o
 *fill*         0x0000000000002ab1        0x3 
 .rodata.str1.4
                0x0000000000002ab4        0x4 _build/nrf52840_xxaa/nrf_log_frontend.c.o
 .rodata.m_colors
                0x0000000000002ab8       0x24 _build/nrf52840_xxaa/nrf_log_str_formatter.c.o
 .rodata.nrf_log_hexdump_entry_process.str1.4
                0x0000000000002adc       0x13 _build/nrf52840_xxaa/nrf_log_str_formatter.c.o
                                         0x16 (size before relaxing)
 *fill*         0x0000000000002aef        0x1 
 .rodata.nrf_log_std_entry_process.str1.4
                0x0000000000002af0        0x3 _build/nrf52840_xxaa/nrf_log_str_formatter.c.o
 *fill*         0x0000000000002af3        0x1 
 .rodata.prefix_process.str1.4
                0x0000000000002af4       0x36 _build/nrf52840_xxaa/nrf_log_str_formatter.c.o
 *fill*         0x0000000000002b2a        0x2 
 .rodata.severity_names
                0x0000000000002b2c       0x14 _build/nrf52840_xxaa/nrf_log_str_formatter.c.o
 .rodata.str1.4
                0x0000000000002b40       0x56 _build/nrf52840_xxaa/nrf_log_str_formatter.c.o
 *fill*         0x0000000000002b96        0x2 
 .rodata.m_board_led_list
                0x0000000000002b98        0x4 _build/nrf52840_xxaa/boards.c.o
 .rodata.app_error_fault_handler.str1.4
                0x0000000000002b9c       0x19 _build/nrf52840_xxaa/app_error_weak.c.o
 *fill*         0x0000000000002bb5        0x3 
 .rodata._aV2C.7726
                0x0000000000002bb8       0x10 _build/nrf52840_xxaa/nrf_fprintf_format.c.o
 *fill*         0x0000000000002bc8        0x8 
 .rodata.delay_machine_code.8239
                0x0000000000002bd0        0x6 _build/nrf52840_xxaa/main.c.o
 *fill*         0x0000000000002bd6        0x2 
 .rodata.main.str1.4
                0x0000000000002bd8       0x29 _build/nrf52840_xxaa/main.c.o
 *fill*         0x0000000000002c01        0x3 
 .rodata.str1.4
                0x0000000000002c04        0x5 _build/nrf52840_xxaa/nrfx_uart.c.o
 *fill*         0x0000000000002c09        0x3 
 .rodata.str1.4
                0x0000000000002c0c        0x6 _build/nrf52840_xxaa/nrfx_uarte.c.o
 *fill*         0x0000000000002c12        0x2 
 .rodata.str1.4
                0x0000000000002c14        0x4 _build/nrf52840_xxaa/nrfx_prs.c.o
 .rodata._ctype_
                0x0000000000002c18      0x101 /opt/gcc-arm-none-eabi-8-2018-q4-major/bin/../lib/gcc/arm-none-eabi/8.2.1/../../../../arm-none-eabi/lib/thumb/v7e-m+fp/hard/libc_nano.a(lib_a-ctype_.o)
                0x0000000000002c18                _ctype_
 *fill*         0x0000000000002d19        0x3 
 .rodata._global_impure_ptr
                0x0000000000002d1c        0x4 /opt/gcc-arm-none-eabi-8-2018-q4-major/bin/../lib/gcc/arm-none-eabi/8.2.1/../../../../arm-none-eabi/lib/thumb/v7e-m+fp/hard/libc_nano.a(lib_a-impure.o)
                0x0000000000002d1c                _global_impure_ptr
 *(.eh_frame*)
 .eh_frame      0x0000000000002d20        0x0 /opt/gcc-arm-none-eabi-8-2018-q4-major/bin/../lib/gcc/arm-none-eabi/8.2.1/thumb/v7e-m+fp/hard/crtbegin.o
 .eh_frame      0x0000000000002d20        0x4 /opt/gcc-arm-none-eabi-8-2018-q4-major/bin/../lib/gcc/arm-none-eabi/8.2.1/thumb/v7e-m+fp/hard/crtend.o

.glue_7         0x0000000000002d24        0x0
 .glue_7        0x0000000000002d24        0x0 linker stubs

.glue_7t        0x0000000000002d24        0x0
 .glue_7t       0x0000000000002d24        0x0 linker stubs

.vfp11_veneer   0x0000000000002d24        0x0
 .vfp11_veneer  0x0000000000002d24        0x0 linker stubs

.v4_bx          0x0000000000002d24        0x0
 .v4_bx         0x0000000000002d24        0x0 linker stubs

.iplt           0x0000000000002d24        0x0
 .iplt          0x0000000000002d24        0x0 /opt/gcc-arm-none-eabi-8-2018-q4-major/bin/../lib/gcc/arm-none-eabi/8.2.1/thumb/v7e-m+fp/hard/crtbegin.o

.mem_section_dummy_rom

.log_const_data
                0x0000000000002d24       0x20
                0x0000000000002d24                PROVIDE (__start_log_const_data = .)
 *(SORT_BY_NAME(.log_const_data*))
 .log_const_data_PRS
                0x0000000000002d24        0x8 _build/nrf52840_xxaa/nrfx_prs.c.o
                0x0000000000002d24                m_nrf_log_PRS_logs_data_const
 .log_const_data_UART
                0x0000000000002d2c        0x8 _build/nrf52840_xxaa/nrfx_uart.c.o
                0x0000000000002d2c                m_nrf_log_UART_logs_data_const
 .log_const_data_UARTE
                0x0000000000002d34        0x8 _build/nrf52840_xxaa/nrfx_uarte.c.o
                0x0000000000002d34                m_nrf_log_UARTE_logs_data_const
 .log_const_data_app
                0x0000000000002d3c        0x8 _build/nrf52840_xxaa/nrf_log_frontend.c.o
                0x0000000000002d3c                m_nrf_log_app_logs_data_const
                0x0000000000002d44                PROVIDE (__stop_log_const_data = .)

.log_backends   0x0000000000002d44       0x10
                [!provide]                        PROVIDE (__start_log_backends = .)
 *(SORT_BY_NAME(.log_backends*))
 .log_backends  0x0000000000002d44       0x10 _build/nrf52840_xxaa/nrf_log_default_backends.c.o
                [!provide]                        PROVIDE (__stop_log_backends = .)

.nrf_balloc     0x0000000000002d54       0x14
                [!provide]                        PROVIDE (__start_nrf_balloc = .)
 *(.nrf_balloc)
 .nrf_balloc    0x0000000000002d54       0x14 _build/nrf52840_xxaa/nrf_log_frontend.c.o
                0x0000000000002d54                log_mempool
                [!provide]                        PROVIDE (__stop_nrf_balloc = .)

.ARM.extab
 *(.ARM.extab* .gnu.linkonce.armextab.*)
                0x0000000000002d68                __exidx_start = .

.ARM.exidx      0x0000000000002d68        0x8
 *(.ARM.exidx* .gnu.linkonce.armexidx.*)
 .ARM.exidx     0x0000000000002d68        0x8 /opt/gcc-arm-none-eabi-8-2018-q4-major/bin/../lib/gcc/arm-none-eabi/8.2.1/../../../../arm-none-eabi/lib/thumb/v7e-m+fp/hard/crt0.o
                0x0000000000002d70                __exidx_end = .
                0x0000000000002d70                __etext = .

.rel.dyn        0x0000000000002d70        0x0
 .rel.iplt      0x0000000000002d70        0x0 /opt/gcc-arm-none-eabi-8-2018-q4-major/bin/../lib/gcc/arm-none-eabi/8.2.1/thumb/v7e-m+fp/hard/crtbegin.o

.data           0x0000000020000000       0x88 load address 0x0000000000002d70
                0x0000000020000000                __data_start__ = .
 *(vtable)
 *(.data*)
 .data.m_uart   0x0000000020000000       0x14 _build/nrf52840_xxaa/nrf_log_backend_uart.c.o
                0x0000000020000000                m_uart
 .data.log_backend_cb_uart_log_backend
                0x0000000020000014        0x8 _build/nrf52840_xxaa/nrf_log_default_backends.c.o
 .data.SystemCoreClock
                0x000000002000001c        0x4 _build/nrf52840_xxaa/system_nrf52840.c.o
                0x000000002000001c                SystemCoreClock
 .data.impure_data
                0x0000000020000020       0x60 /opt/gcc-arm-none-eabi-8-2018-q4-major/bin/../lib/gcc/arm-none-eabi/8.2.1/../../../../arm-none-eabi/lib/thumb/v7e-m+fp/hard/libc_nano.a(lib_a-impure.o)
                0x0000000020000080                . = ALIGN (0x4)
                0x0000000020000080                PROVIDE (__preinit_array_start = .)
 *(.preinit_array)
                0x0000000020000080                PROVIDE (__preinit_array_end = .)
                0x0000000020000080                . = ALIGN (0x4)
                0x0000000020000080                PROVIDE (__init_array_start = .)
 *(SORT_BY_NAME(.init_array.*))
 *(.init_array)
 .init_array    0x0000000020000080        0x4 /opt/gcc-arm-none-eabi-8-2018-q4-major/bin/../lib/gcc/arm-none-eabi/8.2.1/thumb/v7e-m+fp/hard/crtbegin.o
                0x0000000020000084                PROVIDE (__init_array_end = .)
                0x0000000020000084                . = ALIGN (0x4)
                [!provide]                        PROVIDE (__fini_array_start = .)
 *(SORT_BY_NAME(.fini_array.*))
 *(.fini_array)
 .fini_array    0x0000000020000084        0x4 /opt/gcc-arm-none-eabi-8-2018-q4-major/bin/../lib/gcc/arm-none-eabi/8.2.1/thumb/v7e-m+fp/hard/crtbegin.o
                [!provide]                        PROVIDE (__fini_array_end = .)
 *(.jcr*)
                0x0000000020000088                . = ALIGN (0x4)
                0x0000000020000088                __data_end__ = .
LOAD /opt/gcc-arm-none-eabi-8-2018-q4-major/bin/../lib/gcc/arm-none-eabi/8.2.1/thumb/v7e-m+fp/hard/crti.o
LOAD /opt/gcc-arm-none-eabi-8-2018-q4-major/bin/../lib/gcc/arm-none-eabi/8.2.1/thumb/v7e-m+fp/hard/crtbegin.o
LOAD /opt/gcc-arm-none-eabi-8-2018-q4-major/bin/../lib/gcc/arm-none-eabi/8.2.1/../../../../arm-none-eabi/lib/thumb/v7e-m+fp/hard/crt0.o
LOAD _build/nrf52840_xxaa/gcc_startup_nrf52840.S.o
LOAD _build/nrf52840_xxaa/nrf_log_backend_rtt.c.o
LOAD _build/nrf52840_xxaa/nrf_log_backend_serial.c.o
LOAD _build/nrf52840_xxaa/nrf_log_backend_uart.c.o
LOAD _build/nrf52840_xxaa/nrf_log_default_backends.c.o
LOAD _build/nrf52840_xxaa/nrf_log_frontend.c.o
LOAD _build/nrf52840_xxaa/nrf_log_str_formatter.c.o
LOAD _build/nrf52840_xxaa/boards.c.o
LOAD _build/nrf52840_xxaa/app_error.c.o
LOAD _build/nrf52840_xxaa/app_error_handler_gcc.c.o
LOAD _build/nrf52840_xxaa/app_error_weak.c.o
LOAD _build/nrf52840_xxaa/app_util_platform.c.o
LOAD _build/nrf52840_xxaa/nrf_assert.c.o
LOAD _build/nrf52840_xxaa/nrf_atomic.c.o
LOAD _build/nrf52840_xxaa/nrf_balloc.c.o
LOAD _build/nrf52840_xxaa/nrf_fprintf.c.o
LOAD _build/nrf52840_xxaa/nrf_fprintf_format.c.o
LOAD _build/nrf52840_xxaa/nrf_memobj.c.o
LOAD _build/nrf52840_xxaa/nrf_ringbuf.c.o
LOAD _build/nrf52840_xxaa/nrf_strerror.c.o
LOAD _build/nrf52840_xxaa/nrfx_atomic.c.o
LOAD _build/nrf52840_xxaa/main.c.o
LOAD _build/nrf52840_xxaa/system_nrf52840.c.o
LOAD _build/nrf52840_xxaa/app_uart_fifo.c.o
LOAD _build/nrf52840_xxaa/retarget.c.o
LOAD _build/nrf52840_xxaa/nrf_drv_uart.c.o
LOAD _build/nrf52840_xxaa/nrfx_uart.c.o
LOAD _build/nrf52840_xxaa/nrfx_uarte.c.o
LOAD _build/nrf52840_xxaa/nrfx_prs.c.o
LOAD /opt/gcc-arm-none-eabi-8-2018-q4-major/bin/../lib/gcc/arm-none-eabi/8.2.1/../../../../arm-none-eabi/lib/thumb/v7e-m+fp/hard/libc_nano.a
LOAD /opt/gcc-arm-none-eabi-8-2018-q4-major/bin/../lib/gcc/arm-none-eabi/8.2.1/../../../../arm-none-eabi/lib/thumb/v7e-m+fp/hard/libnosys.a
LOAD /opt/gcc-arm-none-eabi-8-2018-q4-major/bin/../lib/gcc/arm-none-eabi/8.2.1/../../../../arm-none-eabi/lib/thumb/v7e-m+fp/hard/libm.a
START GROUP
LOAD /opt/gcc-arm-none-eabi-8-2018-q4-major/bin/../lib/gcc/arm-none-eabi/8.2.1/thumb/v7e-m+fp/hard/libgcc.a
LOAD /opt/gcc-arm-none-eabi-8-2018-q4-major/bin/../lib/gcc/arm-none-eabi/8.2.1/../../../../arm-none-eabi/lib/thumb/v7e-m+fp/hard/libg_nano.a
LOAD /opt/gcc-arm-none-eabi-8-2018-q4-major/bin/../lib/gcc/arm-none-eabi/8.2.1/../../../../arm-none-eabi/lib/thumb/v7e-m+fp/hard/libc_nano.a
END GROUP
START GROUP
LOAD /opt/gcc-arm-none-eabi-8-2018-q4-major/bin/../lib/gcc/arm-none-eabi/8.2.1/thumb/v7e-m+fp/hard/libgcc.a
LOAD /opt/gcc-arm-none-eabi-8-2018-q4-major/bin/../lib/gcc/arm-none-eabi/8.2.1/../../../../arm-none-eabi/lib/thumb/v7e-m+fp/hard/libc_nano.a
END GROUP
LOAD /opt/gcc-arm-none-eabi-8-2018-q4-major/bin/../lib/gcc/arm-none-eabi/8.2.1/thumb/v7e-m+fp/hard/crtend.o
LOAD /opt/gcc-arm-none-eabi-8-2018-q4-major/bin/../lib/gcc/arm-none-eabi/8.2.1/thumb/v7e-m+fp/hard/crtn.o
START GROUP
LOAD /opt/gcc-arm-none-eabi-8-2018-q4-major/bin/../lib/gcc/arm-none-eabi/8.2.1/thumb/v7e-m+fp/hard/libgcc.a
LOAD /opt/gcc-arm-none-eabi-8-2018-q4-major/bin/../lib/gcc/arm-none-eabi/8.2.1/../../../../arm-none-eabi/lib/thumb/v7e-m+fp/hard/libc.a
LOAD /opt/gcc-arm-none-eabi-8-2018-q4-major/bin/../lib/gcc/arm-none-eabi/8.2.1/../../../../arm-none-eabi/lib/thumb/v7e-m+fp/hard/libnosys.a
END GROUP

.igot.plt       0x0000000020000088        0x0 load address 0x0000000000002df8
 .igot.plt      0x0000000020000088        0x0 /opt/gcc-arm-none-eabi-8-2018-q4-major/bin/../lib/gcc/arm-none-eabi/8.2.1/thumb/v7e-m+fp/hard/crtbegin.o
                0x0000000020000088                . = ALIGN (0x4)

.mem_section_dummy_ram

.log_dynamic_data
                0x0000000020000088        0x0
                0x0000000020000088                PROVIDE (__start_log_dynamic_data = .)
 *(SORT_BY_NAME(.log_dynamic_data*))
                [!provide]                        PROVIDE (__stop_log_dynamic_data = .)

.log_filter_data
                0x0000000020000088        0x0
                [!provide]                        PROVIDE (__start_log_filter_data = .)
 *(SORT_BY_NAME(.log_filter_data*))
                [!provide]                        PROVIDE (__stop_log_filter_data = .)

.bss            0x0000000020000088      0x668 load address 0x0000000000002df8
                0x0000000020000088                . = ALIGN (0x4)
                0x0000000020000088                __bss_start__ = .
 *(.bss*)
 .bss           0x0000000020000088       0x1c /opt/gcc-arm-none-eabi-8-2018-q4-major/bin/../lib/gcc/arm-none-eabi/8.2.1/thumb/v7e-m+fp/hard/crtbegin.o
 .bss.m_async_mode
                0x00000000200000a4        0x1 _build/nrf52840_xxaa/nrf_log_backend_uart.c.o
 *fill*         0x00000000200000a5        0x3 
 .bss.m_string_buff
                0x00000000200000a8       0x40 _build/nrf52840_xxaa/nrf_log_backend_uart.c.o
 .bss.m_xfer_done
                0x00000000200000e8        0x1 _build/nrf52840_xxaa/nrf_log_backend_uart.c.o
 *fill*         0x00000000200000e9        0x3 
 .bss.log_mempool_nrf_balloc_cb
                0x00000000200000ec        0x8 _build/nrf52840_xxaa/nrf_log_frontend.c.o
 .bss.log_mempool_nrf_balloc_pool_mem
                0x00000000200000f4       0xc0 _build/nrf52840_xxaa/nrf_log_frontend.c.o
 .bss.log_mempool_nrf_balloc_pool_stack
                0x00000000200001b4        0x8 _build/nrf52840_xxaa/nrf_log_frontend.c.o
 *fill*         0x00000000200001bc        0x4 
 .bss.m_log_data
                0x00000000200001c0      0x424 _build/nrf52840_xxaa/nrf_log_frontend.c.o
 .bss.m_log_push_ringbuf_buf
                0x00000000200005e4       0x80 _build/nrf52840_xxaa/nrf_log_frontend.c.o
 .bss.m_log_push_ringbuf_cb
                0x0000000020000664       0x18 _build/nrf52840_xxaa/nrf_log_frontend.c.o
 .bss.m_in_critical_region
                0x000000002000067c        0x4 _build/nrf52840_xxaa/app_util_platform.c.o
 .bss.m_contexts
                0x0000000020000680        0x8 _build/nrf52840_xxaa/nrf_drv_uart.c.o
 .bss.m_handlers
                0x0000000020000688        0x8 _build/nrf52840_xxaa/nrf_drv_uart.c.o
 .bss.m_cb      0x0000000020000690       0x2c _build/nrf52840_xxaa/nrfx_uart.c.o
 *fill*         0x00000000200006bc        0x4 
 .bss.m_cb      0x00000000200006c0       0x24 _build/nrf52840_xxaa/nrfx_uarte.c.o
 .bss.m_prs_box_4
                0x00000000200006e4        0x8 _build/nrf52840_xxaa/nrfx_prs.c.o
 *(COMMON)
 COMMON         0x00000000200006ec        0x2 _build/nrf52840_xxaa/nrf_drv_uart.c.o
                0x00000000200006ec                nrf_drv_uart_use_easy_dma
                0x00000000200006f0                . = ALIGN (0x4)
 *fill*         0x00000000200006ee        0x2 
                0x00000000200006f0                __bss_end__ = .

.heap           0x00000000200006f0     0x2000
                0x00000000200006f0                __HeapBase = .
                0x00000000200006f0                __end__ = .
                [!provide]                        PROVIDE (end = .)
 *(.heap*)
 .heap          0x00000000200006f0     0x2000 _build/nrf52840_xxaa/gcc_startup_nrf52840.S.o
                0x00000000200026f0                __HeapLimit = .

.stack_dummy    0x00000000200006f0     0x2000
 *(.stack*)
 .stack         0x00000000200006f0     0x2000 _build/nrf52840_xxaa/gcc_startup_nrf52840.S.o
                0x0000000020040000                __StackTop = (ORIGIN (RAM) + LENGTH (RAM))
                0x000000002003e000                __StackLimit = (__StackTop - SIZEOF (.stack_dummy))
                0x0000000020040000                PROVIDE (__stack = __StackTop)
                0x0000000000000001                ASSERT ((__StackLimit >= __HeapLimit), region RAM overflowed with stack)
                0x0000000000000088                DataInitFlashUsed = (__bss_start__ - __data_start__)
                0x0000000000002d70                CodeFlashUsed = (__etext - ORIGIN (FLASH))
                0x0000000000002df8                TotalFlashUsed = (CodeFlashUsed + DataInitFlashUsed)
                0x0000000000000001                ASSERT ((TotalFlashUsed <= LENGTH (FLASH)), region FLASH overflowed with .data and user data)
OUTPUT(_build/nrf52840_xxaa.out elf32-littlearm)

.ARM.attributes
                0x0000000000000000       0x30
 .ARM.attributes
                0x0000000000000000       0x1e /opt/gcc-arm-none-eabi-8-2018-q4-major/bin/../lib/gcc/arm-none-eabi/8.2.1/thumb/v7e-m+fp/hard/crti.o
 .ARM.attributes
                0x000000000000001e       0x34 /opt/gcc-arm-none-eabi-8-2018-q4-major/bin/../lib/gcc/arm-none-eabi/8.2.1/thumb/v7e-m+fp/hard/crtbegin.o
 .ARM.attributes
                0x0000000000000052       0x1c /opt/gcc-arm-none-eabi-8-2018-q4-major/bin/../lib/gcc/arm-none-eabi/8.2.1/../../../../arm-none-eabi/lib/thumb/v7e-m+fp/hard/crt0.o
 .ARM.attributes
                0x000000000000006e       0x20 _build/nrf52840_xxaa/gcc_startup_nrf52840.S.o
 .ARM.attributes
                0x000000000000008e       0x34 _build/nrf52840_xxaa/nrf_log_backend_serial.c.o
 .ARM.attributes
                0x00000000000000c2       0x34 _build/nrf52840_xxaa/nrf_log_backend_uart.c.o
 .ARM.attributes
                0x00000000000000f6       0x34 _build/nrf52840_xxaa/nrf_log_default_backends.c.o
 .ARM.attributes
                0x000000000000012a       0x34 _build/nrf52840_xxaa/nrf_log_frontend.c.o
 .ARM.attributes
                0x000000000000015e       0x34 _build/nrf52840_xxaa/nrf_log_str_formatter.c.o
 .ARM.attributes
                0x0000000000000192       0x34 _build/nrf52840_xxaa/boards.c.o
 .ARM.attributes
                0x00000000000001c6       0x34 _build/nrf52840_xxaa/app_error.c.o
 .ARM.attributes
                0x00000000000001fa       0x34 _build/nrf52840_xxaa/app_error_weak.c.o
 .ARM.attributes
                0x000000000000022e       0x34 _build/nrf52840_xxaa/app_util_platform.c.o
 .ARM.attributes
                0x0000000000000262       0x34 _build/nrf52840_xxaa/nrf_atomic.c.o
 .ARM.attributes
                0x0000000000000296       0x34 _build/nrf52840_xxaa/nrf_balloc.c.o
 .ARM.attributes
                0x00000000000002ca       0x34 _build/nrf52840_xxaa/nrf_fprintf.c.o
 .ARM.attributes
                0x00000000000002fe       0x34 _build/nrf52840_xxaa/nrf_fprintf_format.c.o
 .ARM.attributes
                0x0000000000000332       0x34 _build/nrf52840_xxaa/nrf_memobj.c.o
 .ARM.attributes
                0x0000000000000366       0x34 _build/nrf52840_xxaa/nrf_ringbuf.c.o
 .ARM.attributes
                0x000000000000039a       0x34 _build/nrf52840_xxaa/main.c.o
 .ARM.attributes
                0x00000000000003ce       0x34 _build/nrf52840_xxaa/system_nrf52840.c.o
 .ARM.attributes
                0x0000000000000402       0x34 _build/nrf52840_xxaa/nrf_drv_uart.c.o
 .ARM.attributes
                0x0000000000000436       0x34 _build/nrf52840_xxaa/nrfx_uart.c.o
 .ARM.attributes
                0x000000000000046a       0x34 _build/nrf52840_xxaa/nrfx_uarte.c.o
 .ARM.attributes
                0x000000000000049e       0x34 _build/nrf52840_xxaa/nrfx_prs.c.o
 .ARM.attributes
                0x00000000000004d2       0x32 /opt/gcc-arm-none-eabi-8-2018-q4-major/bin/../lib/gcc/arm-none-eabi/8.2.1/../../../../arm-none-eabi/lib/thumb/v7e-m+fp/hard/libc_nano.a(lib_a-ctype_.o)
 .ARM.attributes
                0x0000000000000504       0x34 /opt/gcc-arm-none-eabi-8-2018-q4-major/bin/../lib/gcc/arm-none-eabi/8.2.1/../../../../arm-none-eabi/lib/thumb/v7e-m+fp/hard/libc_nano.a(lib_a-exit.o)
 .ARM.attributes
                0x0000000000000538       0x32 /opt/gcc-arm-none-eabi-8-2018-q4-major/bin/../lib/gcc/arm-none-eabi/8.2.1/../../../../arm-none-eabi/lib/thumb/v7e-m+fp/hard/libc_nano.a(lib_a-impure.o)
 .ARM.attributes
                0x000000000000056a       0x34 /opt/gcc-arm-none-eabi-8-2018-q4-major/bin/../lib/gcc/arm-none-eabi/8.2.1/../../../../arm-none-eabi/lib/thumb/v7e-m+fp/hard/libc_nano.a(lib_a-init.o)
 .ARM.attributes
                0x000000000000059e       0x34 /opt/gcc-arm-none-eabi-8-2018-q4-major/bin/../lib/gcc/arm-none-eabi/8.2.1/../../../../arm-none-eabi/lib/thumb/v7e-m+fp/hard/libc_nano.a(lib_a-memcpy-stub.o)
 .ARM.attributes
                0x00000000000005d2       0x34 /opt/gcc-arm-none-eabi-8-2018-q4-major/bin/../lib/gcc/arm-none-eabi/8.2.1/../../../../arm-none-eabi/lib/thumb/v7e-m+fp/hard/libc_nano.a(lib_a-memset.o)
 .ARM.attributes
                0x0000000000000606       0x17 /opt/gcc-arm-none-eabi-8-2018-q4-major/bin/../lib/gcc/arm-none-eabi/8.2.1/../../../../arm-none-eabi/lib/thumb/v7e-m+fp/hard/libc_nano.a(lib_a-strlen.o)
 .ARM.attributes
                0x000000000000061d       0x34 /opt/gcc-arm-none-eabi-8-2018-q4-major/bin/../lib/gcc/arm-none-eabi/8.2.1/../../../../arm-none-eabi/lib/thumb/v7e-m+fp/hard/libnosys.a(_exit.o)
 .ARM.attributes
                0x0000000000000651       0x32 /opt/gcc-arm-none-eabi-8-2018-q4-major/bin/../lib/gcc/arm-none-eabi/8.2.1/thumb/v7e-m+fp/hard/crtend.o
 .ARM.attributes
                0x0000000000000683       0x1e /opt/gcc-arm-none-eabi-8-2018-q4-major/bin/../lib/gcc/arm-none-eabi/8.2.1/thumb/v7e-m+fp/hard/crtn.o

.comment        0x0000000000000000       0x75
 .comment       0x0000000000000000       0x75 _build/nrf52840_xxaa/nrf_log_backend_serial.c.o
                                         0x76 (size before relaxing)
 .comment       0x0000000000000075       0x76 _build/nrf52840_xxaa/nrf_log_backend_uart.c.o
 .comment       0x0000000000000075       0x76 _build/nrf52840_xxaa/nrf_log_default_backends.c.o
 .comment       0x0000000000000075       0x76 _build/nrf52840_xxaa/nrf_log_frontend.c.o
 .comment       0x0000000000000075       0x76 _build/nrf52840_xxaa/nrf_log_str_formatter.c.o
 .comment       0x0000000000000075       0x76 _build/nrf52840_xxaa/boards.c.o
 .comment       0x0000000000000075       0x76 _build/nrf52840_xxaa/app_error.c.o
 .comment       0x0000000000000075       0x76 _build/nrf52840_xxaa/app_error_weak.c.o
 .comment       0x0000000000000075       0x76 _build/nrf52840_xxaa/app_util_platform.c.o
 .comment       0x0000000000000075       0x76 _build/nrf52840_xxaa/nrf_atomic.c.o
 .comment       0x0000000000000075       0x76 _build/nrf52840_xxaa/nrf_balloc.c.o
 .comment       0x0000000000000075       0x76 _build/nrf52840_xxaa/nrf_fprintf.c.o
 .comment       0x0000000000000075       0x76 _build/nrf52840_xxaa/nrf_fprintf_format.c.o
 .comment       0x0000000000000075       0x76 _build/nrf52840_xxaa/nrf_memobj.c.o
 .comment       0x0000000000000075       0x76 _build/nrf52840_xxaa/nrf_ringbuf.c.o
 .comment       0x0000000000000075       0x76 _build/nrf52840_xxaa/main.c.o
 .comment       0x0000000000000075       0x76 _build/nrf52840_xxaa/system_nrf52840.c.o
 .comment       0x0000000000000075       0x76 _build/nrf52840_xxaa/nrf_drv_uart.c.o
 .comment       0x0000000000000075       0x76 _build/nrf52840_xxaa/nrfx_uart.c.o
 .comment       0x0000000000000075       0x76 _build/nrf52840_xxaa/nrfx_uarte.c.o
 .comment       0x0000000000000075       0x76 _build/nrf52840_xxaa/nrfx_prs.c.o

.debug_line     0x0000000000000000    0x10727
 .debug_line    0x0000000000000000       0x89 _build/nrf52840_xxaa/gcc_startup_nrf52840.S.o
 .debug_line    0x0000000000000089      0x863 _build/nrf52840_xxaa/nrf_log_backend_serial.c.o
 .debug_line    0x00000000000008ec      0xb72 _build/nrf52840_xxaa/nrf_log_backend_uart.c.o
 .debug_line    0x000000000000145e      0x749 _build/nrf52840_xxaa/nrf_log_default_backends.c.o
 .debug_line    0x0000000000001ba7     0x2acc _build/nrf52840_xxaa/nrf_log_frontend.c.o
 .debug_line    0x0000000000004673      0x96d _build/nrf52840_xxaa/nrf_log_str_formatter.c.o
 .debug_line    0x0000000000004fe0      0xf55 _build/nrf52840_xxaa/boards.c.o
 .debug_line    0x0000000000005f35      0x576 _build/nrf52840_xxaa/app_error.c.o
 .debug_line    0x00000000000064ab      0x81d _build/nrf52840_xxaa/app_error_weak.c.o
 .debug_line    0x0000000000006cc8      0x63c _build/nrf52840_xxaa/app_util_platform.c.o
 .debug_line    0x0000000000007304      0x7dd _build/nrf52840_xxaa/nrf_atomic.c.o
 .debug_line    0x0000000000007ae1      0x88f _build/nrf52840_xxaa/nrf_balloc.c.o
 .debug_line    0x0000000000008370      0x54f _build/nrf52840_xxaa/nrf_fprintf.c.o
 .debug_line    0x00000000000088bf      0xe3b _build/nrf52840_xxaa/nrf_fprintf_format.c.o
 .debug_line    0x00000000000096fa      0xa91 _build/nrf52840_xxaa/nrf_memobj.c.o
 .debug_line    0x000000000000a18b      0x99a _build/nrf52840_xxaa/nrf_ringbuf.c.o
 .debug_line    0x000000000000ab25      0xa5b _build/nrf52840_xxaa/main.c.o
 .debug_line    0x000000000000b580      0x644 _build/nrf52840_xxaa/system_nrf52840.c.o
 .debug_line    0x000000000000bbc4      0x80f _build/nrf52840_xxaa/nrf_drv_uart.c.o
 .debug_line    0x000000000000c3d3     0x1ea5 _build/nrf52840_xxaa/nrfx_uart.c.o
 .debug_line    0x000000000000e278     0x1bc1 _build/nrf52840_xxaa/nrfx_uarte.c.o
 .debug_line    0x000000000000fe39      0x8ee _build/nrf52840_xxaa/nrfx_prs.c.o

.debug_info     0x0000000000000000    0x219bf
 .debug_info    0x0000000000000000       0x26 _build/nrf52840_xxaa/gcc_startup_nrf52840.S.o
 .debug_info    0x0000000000000026     0x11fe _build/nrf52840_xxaa/nrf_log_backend_serial.c.o
 .debug_info    0x0000000000001224     0x1c74 _build/nrf52840_xxaa/nrf_log_backend_uart.c.o
 .debug_info    0x0000000000002e98      0xd48 _build/nrf52840_xxaa/nrf_log_default_backends.c.o
 .debug_info    0x0000000000003be0     0x4a8f _build/nrf52840_xxaa/nrf_log_frontend.c.o
 .debug_info    0x000000000000866f     0x13d4 _build/nrf52840_xxaa/nrf_log_str_formatter.c.o
 .debug_info    0x0000000000009a43     0x182f _build/nrf52840_xxaa/boards.c.o
 .debug_info    0x000000000000b272      0xbac _build/nrf52840_xxaa/app_error.c.o
 .debug_info    0x000000000000be1e      0xfd5 _build/nrf52840_xxaa/app_error_weak.c.o
 .debug_info    0x000000000000cdf3     0x10f7 _build/nrf52840_xxaa/app_util_platform.c.o
 .debug_info    0x000000000000deea     0x1434 _build/nrf52840_xxaa/nrf_atomic.c.o
 .debug_info    0x000000000000f31e      0xe40 _build/nrf52840_xxaa/nrf_balloc.c.o
 .debug_info    0x000000000001015e      0xb51 _build/nrf52840_xxaa/nrf_fprintf.c.o
 .debug_info    0x0000000000010caf     0x1594 _build/nrf52840_xxaa/nrf_fprintf_format.c.o
 .debug_info    0x0000000000012243     0x15c0 _build/nrf52840_xxaa/nrf_memobj.c.o
 .debug_info    0x0000000000013803      0xf48 _build/nrf52840_xxaa/nrf_ringbuf.c.o
 .debug_info    0x000000000001474b      0xeca _build/nrf52840_xxaa/main.c.o
 .debug_info    0x0000000000015615     0x14ee _build/nrf52840_xxaa/system_nrf52840.c.o
 .debug_info    0x0000000000016b03     0x1ad6 _build/nrf52840_xxaa/nrf_drv_uart.c.o
 .debug_info    0x00000000000185d9     0x4319 _build/nrf52840_xxaa/nrfx_uart.c.o
 .debug_info    0x000000000001c8f2     0x3f27 _build/nrf52840_xxaa/nrfx_uarte.c.o
 .debug_info    0x0000000000020819     0x11a6 _build/nrf52840_xxaa/nrfx_prs.c.o

.debug_abbrev   0x0000000000000000     0x4995
 .debug_abbrev  0x0000000000000000       0x14 _build/nrf52840_xxaa/gcc_startup_nrf52840.S.o
 .debug_abbrev  0x0000000000000014      0x2bd _build/nrf52840_xxaa/nrf_log_backend_serial.c.o
 .debug_abbrev  0x00000000000002d1      0x41d _build/nrf52840_xxaa/nrf_log_backend_uart.c.o
 .debug_abbrev  0x00000000000006ee      0x294 _build/nrf52840_xxaa/nrf_log_default_backends.c.o
 .debug_abbrev  0x0000000000000982      0x624 _build/nrf52840_xxaa/nrf_log_frontend.c.o
 .debug_abbrev  0x0000000000000fa6      0x320 _build/nrf52840_xxaa/nrf_log_str_formatter.c.o
 .debug_abbrev  0x00000000000012c6      0x455 _build/nrf52840_xxaa/boards.c.o
 .debug_abbrev  0x000000000000171b      0x276 _build/nrf52840_xxaa/app_error.c.o
 .debug_abbrev  0x0000000000001991      0x2e9 _build/nrf52840_xxaa/app_error_weak.c.o
 .debug_abbrev  0x0000000000001c7a      0x388 _build/nrf52840_xxaa/app_util_platform.c.o
 .debug_abbrev  0x0000000000002002      0x378 _build/nrf52840_xxaa/nrf_atomic.c.o
 .debug_abbrev  0x000000000000237a      0x343 _build/nrf52840_xxaa/nrf_balloc.c.o
 .debug_abbrev  0x00000000000026bd      0x27d _build/nrf52840_xxaa/nrf_fprintf.c.o
 .debug_abbrev  0x000000000000293a      0x3a2 _build/nrf52840_xxaa/nrf_fprintf_format.c.o
 .debug_abbrev  0x0000000000002cdc      0x39e _build/nrf52840_xxaa/nrf_memobj.c.o
 .debug_abbrev  0x000000000000307a      0x2a1 _build/nrf52840_xxaa/nrf_ringbuf.c.o
 .debug_abbrev  0x000000000000331b      0x325 _build/nrf52840_xxaa/main.c.o
 .debug_abbrev  0x0000000000003640      0x22f _build/nrf52840_xxaa/system_nrf52840.c.o
 .debug_abbrev  0x000000000000386f      0x2da _build/nrf52840_xxaa/nrf_drv_uart.c.o
 .debug_abbrev  0x0000000000003b49      0x585 _build/nrf52840_xxaa/nrfx_uart.c.o
 .debug_abbrev  0x00000000000040ce      0x558 _build/nrf52840_xxaa/nrfx_uarte.c.o
 .debug_abbrev  0x0000000000004626      0x36f _build/nrf52840_xxaa/nrfx_prs.c.o

.debug_aranges  0x0000000000000000      0x5f8
 .debug_aranges
                0x0000000000000000       0x20 _build/nrf52840_xxaa/gcc_startup_nrf52840.S.o
 .debug_aranges
                0x0000000000000020       0x20 _build/nrf52840_xxaa/nrf_log_backend_serial.c.o
 .debug_aranges
                0x0000000000000040       0x48 _build/nrf52840_xxaa/nrf_log_backend_uart.c.o
 .debug_aranges
                0x0000000000000088       0x20 _build/nrf52840_xxaa/nrf_log_default_backends.c.o
 .debug_aranges
                0x00000000000000a8       0xb8 _build/nrf52840_xxaa/nrf_log_frontend.c.o
 .debug_aranges
                0x0000000000000160       0x38 _build/nrf52840_xxaa/nrf_log_str_formatter.c.o
 .debug_aranges
                0x0000000000000198       0x78 _build/nrf52840_xxaa/boards.c.o
 .debug_aranges
                0x0000000000000210       0x28 _build/nrf52840_xxaa/app_error.c.o
 .debug_aranges
                0x0000000000000238       0x20 _build/nrf52840_xxaa/app_error_weak.c.o
 .debug_aranges
                0x0000000000000258       0x48 _build/nrf52840_xxaa/app_util_platform.c.o
 .debug_aranges
                0x00000000000002a0       0xb0 _build/nrf52840_xxaa/nrf_atomic.c.o
 .debug_aranges
                0x0000000000000350       0x30 _build/nrf52840_xxaa/nrf_balloc.c.o
 .debug_aranges
                0x0000000000000380       0x28 _build/nrf52840_xxaa/nrf_fprintf.c.o
 .debug_aranges
                0x00000000000003a8       0x28 _build/nrf52840_xxaa/nrf_fprintf_format.c.o
 .debug_aranges
                0x00000000000003d0       0x50 _build/nrf52840_xxaa/nrf_memobj.c.o
 .debug_aranges
                0x0000000000000420       0x50 _build/nrf52840_xxaa/nrf_ringbuf.c.o
 .debug_aranges
                0x0000000000000470       0x20 _build/nrf52840_xxaa/main.c.o
 .debug_aranges
                0x0000000000000490       0x28 _build/nrf52840_xxaa/system_nrf52840.c.o
 .debug_aranges
                0x00000000000004b8       0x30 _build/nrf52840_xxaa/nrf_drv_uart.c.o
 .debug_aranges
                0x00000000000004e8       0x78 _build/nrf52840_xxaa/nrfx_uart.c.o
 .debug_aranges
                0x0000000000000560       0x68 _build/nrf52840_xxaa/nrfx_uarte.c.o
 .debug_aranges
                0x00000000000005c8       0x30 _build/nrf52840_xxaa/nrfx_prs.c.o

.debug_str      0x0000000000000000    0x8ef5e
 .debug_str     0x0000000000000000       0xab _build/nrf52840_xxaa/gcc_startup_nrf52840.S.o
 .debug_str     0x00000000000000ab    0x84888 _build/nrf52840_xxaa/nrf_log_backend_serial.c.o
                                      0x85c89 (size before relaxing)
 .debug_str     0x0000000000084933     0x3e22 _build/nrf52840_xxaa/nrf_log_backend_uart.c.o
                                      0x895f1 (size before relaxing)
 .debug_str     0x0000000000088755      0x11c _build/nrf52840_xxaa/nrf_log_default_backends.c.o
                                      0x85a40 (size before relaxing)
 .debug_str     0x0000000000088871     0x1366 _build/nrf52840_xxaa/nrf_log_frontend.c.o
                                      0x86eeb (size before relaxing)
 .debug_str     0x0000000000089bd7      0x6a6 _build/nrf52840_xxaa/nrf_log_str_formatter.c.o
                                      0x861ab (size before relaxing)
 .debug_str     0x000000000008a27d     0x17c0 _build/nrf52840_xxaa/boards.c.o
                                      0x861a3 (size before relaxing)
 .debug_str     0x000000000008ba3d       0xf4 _build/nrf52840_xxaa/app_error.c.o
                                      0x77f93 (size before relaxing)
 .debug_str     0x000000000008bb31       0xd9 _build/nrf52840_xxaa/app_error_weak.c.o
                                      0x86109 (size before relaxing)
 .debug_str     0x000000000008bc0a      0x3ec _build/nrf52840_xxaa/app_util_platform.c.o
                                      0x787ca (size before relaxing)
 .debug_str     0x000000000008bff6      0x6b9 _build/nrf52840_xxaa/nrf_atomic.c.o
                                      0x81b4a (size before relaxing)
 .debug_str     0x000000000008c6af      0x164 _build/nrf52840_xxaa/nrf_balloc.c.o
                                      0x85a99 (size before relaxing)
 .debug_str     0x000000000008c813      0x144 _build/nrf52840_xxaa/nrf_fprintf.c.o
                                      0x817a3 (size before relaxing)
 .debug_str     0x000000000008c957      0x11d _build/nrf52840_xxaa/nrf_fprintf_format.c.o
                                      0x81898 (size before relaxing)
 .debug_str     0x000000000008ca74      0x1ac _build/nrf52840_xxaa/nrf_memobj.c.o
                                      0x83e5d (size before relaxing)
 .debug_str     0x000000000008cc20       0xe2 _build/nrf52840_xxaa/nrf_ringbuf.c.o
                                      0x8254f (size before relaxing)
 .debug_str     0x000000000008cd02       0xb0 _build/nrf52840_xxaa/main.c.o
                                      0x8a082 (size before relaxing)
 .debug_str     0x000000000008cdb2      0x5c0 _build/nrf52840_xxaa/system_nrf52840.c.o
                                      0x73c40 (size before relaxing)
 .debug_str     0x000000000008d372      0x47e _build/nrf52840_xxaa/nrf_drv_uart.c.o
                                      0x85e18 (size before relaxing)
 .debug_str     0x000000000008d7f0      0xb8b _build/nrf52840_xxaa/nrfx_uart.c.o
                                      0x89220 (size before relaxing)
 .debug_str     0x000000000008e37b      0x976 _build/nrf52840_xxaa/nrfx_uarte.c.o
                                      0x896c0 (size before relaxing)
 .debug_str     0x000000000008ecf1      0x26d _build/nrf52840_xxaa/nrfx_prs.c.o
                                      0x88038 (size before relaxing)

.debug_loc      0x0000000000000000     0xe573
 .debug_loc     0x0000000000000000      0x1a3 _build/nrf52840_xxaa/nrf_log_backend_serial.c.o
 .debug_loc     0x00000000000001a3      0x334 _build/nrf52840_xxaa/nrf_log_backend_uart.c.o
 .debug_loc     0x00000000000004d7       0x17 _build/nrf52840_xxaa/nrf_log_default_backends.c.o
 .debug_loc     0x00000000000004ee     0x5769 _build/nrf52840_xxaa/nrf_log_frontend.c.o
 .debug_loc     0x0000000000005c57      0x486 _build/nrf52840_xxaa/nrf_log_str_formatter.c.o
 .debug_loc     0x00000000000060dd      0xe02 _build/nrf52840_xxaa/boards.c.o
 .debug_loc     0x0000000000006edf       0xc9 _build/nrf52840_xxaa/app_error.c.o
 .debug_loc     0x0000000000006fa8       0x6f _build/nrf52840_xxaa/app_error_weak.c.o
 .debug_loc     0x0000000000007017      0x11a _build/nrf52840_xxaa/app_util_platform.c.o
 .debug_loc     0x0000000000007131      0x5c9 _build/nrf52840_xxaa/nrf_atomic.c.o
 .debug_loc     0x00000000000076fa      0x285 _build/nrf52840_xxaa/nrf_balloc.c.o
 .debug_loc     0x000000000000797f       0x54 _build/nrf52840_xxaa/nrf_fprintf.c.o
 .debug_loc     0x00000000000079d3     0x141b _build/nrf52840_xxaa/nrf_fprintf_format.c.o
 .debug_loc     0x0000000000008dee      0xebd _build/nrf52840_xxaa/nrf_memobj.c.o
 .debug_loc     0x0000000000009cab      0x6d4 _build/nrf52840_xxaa/nrf_ringbuf.c.o
 .debug_loc     0x000000000000a37f       0xa9 _build/nrf52840_xxaa/main.c.o
 .debug_loc     0x000000000000a428      0x1e6 _build/nrf52840_xxaa/nrf_drv_uart.c.o
 .debug_loc     0x000000000000a60e     0x2120 _build/nrf52840_xxaa/nrfx_uart.c.o
 .debug_loc     0x000000000000c72e     0x1d27 _build/nrf52840_xxaa/nrfx_uarte.c.o
 .debug_loc     0x000000000000e455      0x11e _build/nrf52840_xxaa/nrfx_prs.c.o

.debug_ranges   0x0000000000000000     0x2d58
 .debug_ranges  0x0000000000000000       0x28 _build/nrf52840_xxaa/nrf_log_backend_serial.c.o
 .debug_ranges  0x0000000000000028      0x110 _build/nrf52840_xxaa/nrf_log_backend_uart.c.o
 .debug_ranges  0x0000000000000138       0x10 _build/nrf52840_xxaa/nrf_log_default_backends.c.o
 .debug_ranges  0x0000000000000148      0xca0 _build/nrf52840_xxaa/nrf_log_frontend.c.o
 .debug_ranges  0x0000000000000de8       0xa8 _build/nrf52840_xxaa/nrf_log_str_formatter.c.o
 .debug_ranges  0x0000000000000e90      0x8a8 _build/nrf52840_xxaa/boards.c.o
 .debug_ranges  0x0000000000001738       0x18 _build/nrf52840_xxaa/app_error.c.o
 .debug_ranges  0x0000000000001750       0x28 _build/nrf52840_xxaa/app_error_weak.c.o
 .debug_ranges  0x0000000000001778       0x50 _build/nrf52840_xxaa/app_util_platform.c.o
 .debug_ranges  0x00000000000017c8       0xd8 _build/nrf52840_xxaa/nrf_atomic.c.o
 .debug_ranges  0x00000000000018a0       0x40 _build/nrf52840_xxaa/nrf_balloc.c.o
 .debug_ranges  0x00000000000018e0       0x18 _build/nrf52840_xxaa/nrf_fprintf.c.o
 .debug_ranges  0x00000000000018f8      0x3c8 _build/nrf52840_xxaa/nrf_fprintf_format.c.o
 .debug_ranges  0x0000000000001cc0       0xb8 _build/nrf52840_xxaa/nrf_memobj.c.o
 .debug_ranges  0x0000000000001d78       0x40 _build/nrf52840_xxaa/nrf_ringbuf.c.o
 .debug_ranges  0x0000000000001db8       0x40 _build/nrf52840_xxaa/main.c.o
 .debug_ranges  0x0000000000001df8       0x40 _build/nrf52840_xxaa/system_nrf52840.c.o
 .debug_ranges  0x0000000000001e38       0x20 _build/nrf52840_xxaa/nrf_drv_uart.c.o
 .debug_ranges  0x0000000000001e58      0x7e0 _build/nrf52840_xxaa/nrfx_uart.c.o
 .debug_ranges  0x0000000000002638      0x6d0 _build/nrf52840_xxaa/nrfx_uarte.c.o
 .debug_ranges  0x0000000000002d08       0x50 _build/nrf52840_xxaa/nrfx_prs.c.o

.debug_macro    0x0000000000000000     0x5f5a
 .debug_macro   0x0000000000000000      0x371 _build/nrf52840_xxaa/nrf_log_backend_serial.c.o
 .debug_macro   0x0000000000000371       0x16 _build/nrf52840_xxaa/nrf_log_backend_serial.c.o
 .debug_macro   0x0000000000000387       0x22 _build/nrf52840_xxaa/nrf_log_backend_serial.c.o
 .debug_macro   0x00000000000003a9       0x1c _build/nrf52840_xxaa/nrf_log_backend_serial.c.o
 .debug_macro   0x00000000000003c5       0x10 _build/nrf52840_xxaa/nrf_log_backend_serial.c.o
 .debug_macro   0x00000000000003d5       0x10 _build/nrf52840_xxaa/nrf_log_backend_serial.c.o
 .debug_macro   0x00000000000003e5       0xb6 _build/nrf52840_xxaa/nrf_log_backend_serial.c.o
 .debug_macro   0x000000000000049b       0x16 _build/nrf52840_xxaa/nrf_log_backend_serial.c.o
 .debug_macro   0x00000000000004b1      0x129 _build/nrf52840_xxaa/nrf_log_backend_serial.c.o
 .debug_macro   0x00000000000005da       0x49 _build/nrf52840_xxaa/nrf_log_backend_serial.c.o
 .debug_macro   0x0000000000000623       0x8c _build/nrf52840_xxaa/nrf_log_backend_serial.c.o
 .debug_macro   0x00000000000006af       0x31 _build/nrf52840_xxaa/nrf_log_backend_serial.c.o
 .debug_macro   0x00000000000006e0       0x55 _build/nrf52840_xxaa/nrf_log_backend_serial.c.o
 .debug_macro   0x0000000000000735       0x98 _build/nrf52840_xxaa/nrf_log_backend_serial.c.o
 .debug_macro   0x00000000000007cd       0x10 _build/nrf52840_xxaa/nrf_log_backend_serial.c.o
 .debug_macro   0x00000000000007dd       0x1d _build/nrf52840_xxaa/nrf_log_backend_serial.c.o
 .debug_macro   0x00000000000007fa       0x2e _build/nrf52840_xxaa/nrf_log_backend_serial.c.o
 .debug_macro   0x0000000000000828       0x1c _build/nrf52840_xxaa/nrf_log_backend_serial.c.o
 .debug_macro   0x0000000000000844      0x185 _build/nrf52840_xxaa/nrf_log_backend_serial.c.o
 .debug_macro   0x00000000000009c9      0x454 _build/nrf52840_xxaa/nrf_log_backend_uart.c.o
 .debug_macro   0x0000000000000e1d      0x429 _build/nrf52840_xxaa/nrf_log_backend_uart.c.o
 .debug_macro   0x0000000000001246       0x52 _build/nrf52840_xxaa/nrf_log_backend_uart.c.o
 .debug_macro   0x0000000000001298      0x153 _build/nrf52840_xxaa/nrf_log_backend_uart.c.o
 .debug_macro   0x00000000000013eb      0x148 _build/nrf52840_xxaa/nrf_log_backend_uart.c.o
 .debug_macro   0x0000000000001533       0x5a _build/nrf52840_xxaa/nrf_log_backend_uart.c.o
 .debug_macro   0x000000000000158d       0x1d _build/nrf52840_xxaa/nrf_log_backend_uart.c.o
 .debug_macro   0x00000000000015aa       0xac _build/nrf52840_xxaa/nrf_log_backend_uart.c.o
 .debug_macro   0x0000000000001656       0x64 _build/nrf52840_xxaa/nrf_log_backend_uart.c.o
 .debug_macro   0x00000000000016ba       0x20 _build/nrf52840_xxaa/nrf_log_backend_uart.c.o
 .debug_macro   0x00000000000016da       0x10 _build/nrf52840_xxaa/nrf_log_backend_uart.c.o
 .debug_macro   0x00000000000016ea       0x10 _build/nrf52840_xxaa/nrf_log_backend_uart.c.o
 .debug_macro   0x00000000000016fa       0x10 _build/nrf52840_xxaa/nrf_log_backend_uart.c.o
 .debug_macro   0x000000000000170a       0x10 _build/nrf52840_xxaa/nrf_log_backend_uart.c.o
 .debug_macro   0x000000000000171a       0x10 _build/nrf52840_xxaa/nrf_log_backend_uart.c.o
 .debug_macro   0x000000000000172a       0x3f _build/nrf52840_xxaa/nrf_log_backend_uart.c.o
 .debug_macro   0x0000000000001769      0x362 _build/nrf52840_xxaa/nrf_log_default_backends.c.o
 .debug_macro   0x0000000000001acb       0x10 _build/nrf52840_xxaa/nrf_log_default_backends.c.o
 .debug_macro   0x0000000000001adb      0x3e3 _build/nrf52840_xxaa/nrf_log_frontend.c.o
 .debug_macro   0x0000000000001ebe       0x16 _build/nrf52840_xxaa/nrf_log_frontend.c.o
 .debug_macro   0x0000000000001ed4       0x9a _build/nrf52840_xxaa/nrf_log_frontend.c.o
 .debug_macro   0x0000000000001f6e       0x9e _build/nrf52840_xxaa/nrf_log_frontend.c.o
 .debug_macro   0x000000000000200c      0x3b3 _build/nrf52840_xxaa/nrf_log_str_formatter.c.o
 .debug_macro   0x00000000000023bf       0xa2 _build/nrf52840_xxaa/nrf_log_str_formatter.c.o
 .debug_macro   0x0000000000002461      0x33a _build/nrf52840_xxaa/boards.c.o
 .debug_macro   0x000000000000279b       0x26 _build/nrf52840_xxaa/boards.c.o
 .debug_macro   0x00000000000027c1       0x3f _build/nrf52840_xxaa/boards.c.o
 .debug_macro   0x0000000000002800       0x16 _build/nrf52840_xxaa/boards.c.o
 .debug_macro   0x0000000000002816       0x19 _build/nrf52840_xxaa/boards.c.o
 .debug_macro   0x000000000000282f       0x35 _build/nrf52840_xxaa/boards.c.o
 .debug_macro   0x0000000000002864       0x7b _build/nrf52840_xxaa/boards.c.o
 .debug_macro   0x00000000000028df       0x16 _build/nrf52840_xxaa/boards.c.o
 .debug_macro   0x00000000000028f5      0x208 _build/nrf52840_xxaa/boards.c.o
 .debug_macro   0x0000000000002afd      0x16d _build/nrf52840_xxaa/boards.c.o
 .debug_macro   0x0000000000002c6a      0x21f _build/nrf52840_xxaa/app_error.c.o
 .debug_macro   0x0000000000002e89       0x35 _build/nrf52840_xxaa/app_error.c.o
 .debug_macro   0x0000000000002ebe       0x97 _build/nrf52840_xxaa/app_error.c.o
 .debug_macro   0x0000000000002f55       0xf6 _build/nrf52840_xxaa/app_error.c.o
 .debug_macro   0x000000000000304b      0x361 _build/nrf52840_xxaa/app_error_weak.c.o
 .debug_macro   0x00000000000033ac       0x16 _build/nrf52840_xxaa/app_error_weak.c.o
 .debug_macro   0x00000000000033c2       0x92 _build/nrf52840_xxaa/app_error_weak.c.o
 .debug_macro   0x0000000000003454      0x235 _build/nrf52840_xxaa/app_util_platform.c.o
 .debug_macro   0x0000000000003689      0x223 _build/nrf52840_xxaa/nrf_atomic.c.o
 .debug_macro   0x00000000000038ac       0x42 _build/nrf52840_xxaa/nrf_atomic.c.o
 .debug_macro   0x00000000000038ee      0x326 _build/nrf52840_xxaa/nrf_balloc.c.o
 .debug_macro   0x0000000000003c14       0x10 _build/nrf52840_xxaa/nrf_balloc.c.o
 .debug_macro   0x0000000000003c24      0x22f _build/nrf52840_xxaa/nrf_fprintf.c.o
 .debug_macro   0x0000000000003e53       0x58 _build/nrf52840_xxaa/nrf_fprintf.c.o
 .debug_macro   0x0000000000003eab      0x241 _build/nrf52840_xxaa/nrf_fprintf_format.c.o
 .debug_macro   0x00000000000040ec      0x309 _build/nrf52840_xxaa/nrf_memobj.c.o
 .debug_macro   0x00000000000043f5      0x10e _build/nrf52840_xxaa/nrf_memobj.c.o
 .debug_macro   0x0000000000004503       0x86 _build/nrf52840_xxaa/nrf_memobj.c.o
 .debug_macro   0x0000000000004589       0x54 _build/nrf52840_xxaa/nrf_memobj.c.o
 .debug_macro   0x00000000000045dd      0x2b8 _build/nrf52840_xxaa/nrf_ringbuf.c.o
 .debug_macro   0x0000000000004895      0x445 _build/nrf52840_xxaa/main.c.o
 .debug_macro   0x0000000000004cda       0x1c _build/nrf52840_xxaa/main.c.o
 .debug_macro   0x0000000000004cf6       0x37 _build/nrf52840_xxaa/main.c.o
 .debug_macro   0x0000000000004d2d       0x10 _build/nrf52840_xxaa/main.c.o
 .debug_macro   0x0000000000004d3d       0xf1 _build/nrf52840_xxaa/system_nrf52840.c.o
 .debug_macro   0x0000000000004e2e      0x363 _build/nrf52840_xxaa/nrf_drv_uart.c.o
 .debug_macro   0x0000000000005191      0x3eb _build/nrf52840_xxaa/nrfx_uart.c.o
 .debug_macro   0x000000000000557c       0x28 _build/nrf52840_xxaa/nrfx_uart.c.o
 .debug_macro   0x00000000000055a4       0x1c _build/nrf52840_xxaa/nrfx_uart.c.o
 .debug_macro   0x00000000000055c0      0x17f _build/nrf52840_xxaa/nrfx_uart.c.o
 .debug_macro   0x000000000000573f       0x42 _build/nrf52840_xxaa/nrfx_uart.c.o
 .debug_macro   0x0000000000005781      0x409 _build/nrf52840_xxaa/nrfx_uarte.c.o
 .debug_macro   0x0000000000005b8a      0x3d0 _build/nrf52840_xxaa/nrfx_prs.c.o

.debug_frame    0x0000000000000000     0x105c
 .debug_frame   0x0000000000000000       0x40 _build/nrf52840_xxaa/nrf_log_backend_serial.c.o
 .debug_frame   0x0000000000000040       0xb8 _build/nrf52840_xxaa/nrf_log_backend_uart.c.o
 .debug_frame   0x00000000000000f8       0x28 _build/nrf52840_xxaa/nrf_log_default_backends.c.o
 .debug_frame   0x0000000000000120      0x314 _build/nrf52840_xxaa/nrf_log_frontend.c.o
 .debug_frame   0x0000000000000434       0xac _build/nrf52840_xxaa/nrf_log_str_formatter.c.o
 .debug_frame   0x00000000000004e0       0xf8 _build/nrf52840_xxaa/boards.c.o
 .debug_frame   0x00000000000005d8       0x54 _build/nrf52840_xxaa/app_error.c.o
 .debug_frame   0x000000000000062c       0x28 _build/nrf52840_xxaa/app_error_weak.c.o
 .debug_frame   0x0000000000000654       0x70 _build/nrf52840_xxaa/app_util_platform.c.o
 .debug_frame   0x00000000000006c4      0x150 _build/nrf52840_xxaa/nrf_atomic.c.o
 .debug_frame   0x0000000000000814       0x6c _build/nrf52840_xxaa/nrf_balloc.c.o
 .debug_frame   0x0000000000000880       0x5c _build/nrf52840_xxaa/nrf_fprintf.c.o
 .debug_frame   0x00000000000008dc       0xa8 _build/nrf52840_xxaa/nrf_fprintf_format.c.o
 .debug_frame   0x0000000000000984       0xe8 _build/nrf52840_xxaa/nrf_memobj.c.o
 .debug_frame   0x0000000000000a6c       0xdc _build/nrf52840_xxaa/nrf_ringbuf.c.o
 .debug_frame   0x0000000000000b48       0x30 _build/nrf52840_xxaa/main.c.o
 .debug_frame   0x0000000000000b78       0x40 _build/nrf52840_xxaa/system_nrf52840.c.o
 .debug_frame   0x0000000000000bb8       0x80 _build/nrf52840_xxaa/nrf_drv_uart.c.o
 .debug_frame   0x0000000000000c38      0x188 _build/nrf52840_xxaa/nrfx_uart.c.o
 .debug_frame   0x0000000000000dc0      0x194 _build/nrf52840_xxaa/nrfx_uarte.c.o
 .debug_frame   0x0000000000000f54       0x4c _build/nrf52840_xxaa/nrfx_prs.c.o
 .debug_frame   0x0000000000000fa0       0x28 /opt/gcc-arm-none-eabi-8-2018-q4-major/bin/../lib/gcc/arm-none-eabi/8.2.1/../../../../arm-none-eabi/lib/thumb/v7e-m+fp/hard/libc_nano.a(lib_a-exit.o)
 .debug_frame   0x0000000000000fc8       0x2c /opt/gcc-arm-none-eabi-8-2018-q4-major/bin/../lib/gcc/arm-none-eabi/8.2.1/../../../../arm-none-eabi/lib/thumb/v7e-m+fp/hard/libc_nano.a(lib_a-init.o)
 .debug_frame   0x0000000000000ff4       0x28 /opt/gcc-arm-none-eabi-8-2018-q4-major/bin/../lib/gcc/arm-none-eabi/8.2.1/../../../../arm-none-eabi/lib/thumb/v7e-m+fp/hard/libc_nano.a(lib_a-memcpy-stub.o)
 .debug_frame   0x000000000000101c       0x20 /opt/gcc-arm-none-eabi-8-2018-q4-major/bin/../lib/gcc/arm-none-eabi/8.2.1/../../../../arm-none-eabi/lib/thumb/v7e-m+fp/hard/libc_nano.a(lib_a-memset.o)
 .debug_frame   0x000000000000103c       0x20 /opt/gcc-arm-none-eabi-8-2018-q4-major/bin/../lib/gcc/arm-none-eabi/8.2.1/../../../../arm-none-eabi/lib/thumb/v7e-m+fp/hard/libnosys.a(_exit.o)
